Microchip MPLAB XC8 Compiler V2.10 ()

Linker command line:

-W-3 --edf=C:\Program Files (x86)\Microchip\xc8\v2.10\pic\dat\en_msgs.txt \
  -cs -h+dist/default/production\Projeto_elevador.X.production.sym \
  --cmf=dist/default/production\Projeto_elevador.X.production.cmf -z \
  -Q16F1827 -oC:\Users\Acer\AppData\Local\Temp\sehk.2 \
  --defsym=__MPLAB_BUILD=1 \
  -Mdist/default/production/Projeto_elevador.X.production.map -E1 -ver=XC8 \
  --acfsm=1493 -ASTACK=020DDh-0216Fh -pstack=STACK -ACODE=00h-07FFhx2 \
  -ASTRCODE=00h-0FFFh -ASTRING=00h-0FFhx16 -ACONST=00h-0FFhx16 \
  -AENTRY=00h-0FFhx16 -ACOMMON=070h-07Fh -ABANK0=020h-06Fh \
  -ABANK1=0A0h-0EFh -ABANK2=0120h-016Fh -ABANK3=01A0h-01EFh \
  -ABANK4=0220h-024Fh -ABIGRAM=02000h-0216Fh \
  -ARAM=020h-06Fh,0A0h-0EFh,0120h-016Fh,01A0h-01EFh,0220h-024Fh \
  -AABS1=020h-07Fh,0A0h-0EFh,0120h-016Fh,01A0h-01EFh,0220h-024Fh \
  -ASFR0=00h-01Fh -ASFR1=080h-09Fh -ASFR2=0100h-011Fh -ASFR3=0180h-019Fh \
  -ASFR4=0200h-021Fh -ASFR5=0280h-02EFh -ASFR6=0300h-036Fh \
  -ASFR7=0380h-03EFh -ASFR8=0400h-046Fh -ASFR9=0480h-04EFh \
  -ASFR10=0500h-056Fh -ASFR11=0580h-05EFh -ASFR12=0600h-066Fh \
  -ASFR13=0680h-06EFh -ASFR14=0700h-076Fh -ASFR15=0780h-07EFh \
  -ASFR16=0800h-086Fh -ASFR17=0880h-08EFh -ASFR18=0900h-096Fh \
  -ASFR19=0980h-09EFh -ASFR20=0A00h-0A6Fh -ASFR21=0A80h-0AEFh \
  -ASFR22=0B00h-0B6Fh -ASFR23=0B80h-0BEFh -ASFR24=0C00h-0C6Fh \
  -ASFR25=0C80h-0CEFh -ASFR26=0D00h-0D6Fh -ASFR27=0D80h-0DEFh \
  -ASFR28=0E00h-0E6Fh -ASFR29=0E80h-0EEFh -ASFR30=0F00h-0F6Fh \
  -ASFR31=0F80h-0FEFh -preset_vec=00h,intentry=04h,init,end_init \
  -ppowerup=CODE -pcinit=CODE -pfunctab=ENTRY -ACONFIG=08007h-08008h \
  -pconfig=CONFIG -DCONFIG=2 -AIDLOC=08000h-08003h -pidloc=IDLOC -DIDLOC=2 \
  -AEEDATA=00h-0FFh/0F000h -peeprom_data=EEDATA -DEEDATA=2 -DCODE=2 \
  -DSTRCODE=2 -DSTRING=2 -DCONST=2 -DENTRY=2 -k \
  C:\Users\Acer\AppData\Local\Temp\sehk.o \
  dist/default/production\Projeto_elevador.X.production.o 

Object code version is 3.11

Machine type is 16F1827



                Name                               Link     Load   Length Selector   Space Scale
C:\Users\Acer\AppData\Local\Temp\sehk.o
                end_init                             34       34        2        8       0
                reset_vec                             0        0        2        0       0
                config                             8007     8007        2    1000E       0
dist/default/production\Projeto_elevador.X.production.o
                cinit                                36       36       1D        8       0
                intentry                              4        4       30        8       0
                text63                              94D      94D       11     129A       0
                text62                              A9E      A9E       25     153C       0
                text61                              82A      82A        1     1054       0
                text60                              984      984       16     1308       0
                text59                              841      841        7     1082       0
                text58                              82B      82B        1     1056       0
                text57                              8E4      8E4        F     11C8       0
                text56                              8C3      8C3        B     1186       0
                text55                              82C      82C        1     1058       0
                text54                              8F3      8F3        F     11E6       0
                text53                              8CE      8CE        B     119C       0
                text52                              82D      82D        1     105A       0
                text51                              902      902        F     1204       0
                text50                              8D9      8D9        B     11B2       0
                text49                                2        2        1        0       0
                text48                              911      911        F     1222       0
                text47                              9F2      9F2       21     13E4       0
                text46                              8B9      8B9        A     1172       0
                text45                              920      920        F     1240       0
                text44                              AC3      AC3       35     1586       0
                text43                                3        3        1        6       0
                text42                              92F      92F        F     125E       0
                text40                              84F      84F        8     109E       0
                text39                              85F      85F        9     10BE       0
                text38                              95E      95E       12     12BC       0
                text37                              868      868        9     10D0       0
                text36                              871      871        9     10E2       0
                text35                              87A      87A        9     10F4       0
                text34                              A56      A56       24     14AC       0
                text33                              82E      82E        4     105C       0
                text32                              848      848        7     1090       0
                text31                              883      883        9     1106       0
                text30                              88C      88C        9     1118       0
                text29                              895      895        9     112A       0
                text28                              89E      89E        9     113C       0
                text27                              B39      B39       44     1672       0
                text26                              8A7      8A7        9     114E       0
                text25                              7F0      7F0       10        8       0
                text24                              857      857        8     10AE       0
                text23                              8B0      8B0        9     1160       0
                text22                              970      970       14     12E0       0
                text21                              832      832        4     1064       0
                text20                              A34      A34       22     1468       0
                text19                              480      480      1B4        8       0
                text18                              A7A      A7A       24     14F4       0
                text17                               53       53      257        8       0
                text16                              B7D      B7D       75     16FA       0
                text15                              CFD      CFD       AD     19FA       0
                text14                              F2D      F2D       D3     1E5A       0
                text13                              A13      A13       21     1426       0
                text12                              99A      99A       1C     1334       0
                text11                              9D2      9D2       20     13A4       0
                text10                              93E      93E        F     127C       0
                text9                               836      836        5     106C       0
                text8                               2AA      2AA      1D6        8       0
                text7                               634      634      140        8       0
                text6                               9B6      9B6       1C     136C       0
                text5                               DAA      DAA       B1     1B54       0
                text4                               BF2      BF2       7C     17E4       0
                text3                               E5B      E5B       D2     1CB6       0
                text2                               774      774       7C        8       0
                text1                               C6E      C6E       8F     18DC       0
                maintext                            AF8      AF8       41     15F0       0
                cstackBANK0                          20       20       4F       20       1
                cstackCOMMON                         77       77        7       70       1
                clrtext                             83B      83B        6     1076       0
                bssBANK2                            120      120       2D      120       1
                bssBANK1                             A0       A0       43       A0       1
                bssBANK0                             6F       6F        1       20       1
                bssCOMMON                            70       70        7       70       1
                nvBANK2                             14D      14D       10      120       1
                nvBANK1                              E3       E3        C       A0       1

TOTAL           Name                               Link     Load   Length     Space
        CLASS   STACK          

        CLASS   CODE           
                end_init                             34       34        2         0
                cinit                                36       36       1D         0
                intentry                              4        4       30         0
                reset_vec                             0        0        2         0
                text63                              94D      94D       11         0
                text62                              A9E      A9E       25         0
                text61                              82A      82A        1         0
                text60                              984      984       16         0
                text59                              841      841        7         0
                text58                              82B      82B        1         0
                text57                              8E4      8E4        F         0
                text56                              8C3      8C3        B         0
                text55                              82C      82C        1         0
                text54                              8F3      8F3        F         0
                text53                              8CE      8CE        B         0
                text52                              82D      82D        1         0
                text51                              902      902        F         0
                text50                              8D9      8D9        B         0
                text49                                2        2        1         0
                text48                              911      911        F         0
                text47                              9F2      9F2       21         0
                text46                              8B9      8B9        A         0
                text45                              920      920        F         0
                text44                              AC3      AC3       35         0
                text43                                3        3        1         0
                text42                              92F      92F        F         0
                text40                              84F      84F        8         0
                text39                              85F      85F        9         0
                text38                              95E      95E       12         0
                text37                              868      868        9         0
                text36                              871      871        9         0
                text35                              87A      87A        9         0
                text34                              A56      A56       24         0
                text33                              82E      82E        4         0
                text32                              848      848        7         0
                text31                              883      883        9         0
                text30                              88C      88C        9         0
                text29                              895      895        9         0
                text28                              89E      89E        9         0
                text27                              B39      B39       44         0
                text26                              8A7      8A7        9         0
                text25                              7F0      7F0       10         0
                text24                              857      857        8         0
                text23                              8B0      8B0        9         0
                text22                              970      970       14         0
                text21                              832      832        4         0
                text20                              A34      A34       22         0
                text19                              480      480      1B4         0
                text18                              A7A      A7A       24         0
                text17                               53       53      257         0
                text16                              B7D      B7D       75         0
                text15                              CFD      CFD       AD         0
                text14                              F2D      F2D       D3         0
                text13                              A13      A13       21         0
                text12                              99A      99A       1C         0
                text11                              9D2      9D2       20         0
                text10                              93E      93E        F         0
                text9                               836      836        5         0
                text8                               2AA      2AA      1D6         0
                text7                               634      634      140         0
                text6                               9B6      9B6       1C         0
                text5                               DAA      DAA       B1         0
                text4                               BF2      BF2       7C         0
                text3                               E5B      E5B       D2         0
                text2                               774      774       7C         0
                text1                               C6E      C6E       8F         0
                maintext                            AF8      AF8       41         0
                clrtext                             83B      83B        6         0

        CLASS   STRCODE        

        CLASS   STRING         

        CLASS   CONST          

        CLASS   ENTRY          

        CLASS   COMMON         
                cstackCOMMON                         77       77        7         1
                bssCOMMON                            70       70        7         1

        CLASS   BANK0          
                cstackBANK0                          20       20       4F         1
                bssBANK0                             6F       6F        1         1

        CLASS   BANK1          
                bssBANK1                             A0       A0       43         1
                nvBANK1                              E3       E3        C         1

        CLASS   BANK2          
                bssBANK2                            120      120       2D         1
                nvBANK2                             14D      14D       10         1

        CLASS   BANK3          

        CLASS   BANK4          

        CLASS   BIGRAM         

        CLASS   RAM            

        CLASS   ABS1           
                abs_s1                               7E       7E        2         1

        CLASS   SFR0           

        CLASS   SFR1           

        CLASS   SFR2           

        CLASS   SFR3           

        CLASS   SFR4           

        CLASS   SFR5           

        CLASS   SFR6           

        CLASS   SFR7           

        CLASS   SFR8           

        CLASS   SFR9           

        CLASS   SFR10          

        CLASS   SFR11          

        CLASS   SFR12          

        CLASS   SFR13          

        CLASS   SFR14          

        CLASS   SFR15          

        CLASS   SFR16          

        CLASS   SFR17          

        CLASS   SFR18          

        CLASS   SFR19          

        CLASS   SFR20          

        CLASS   SFR21          

        CLASS   SFR22          

        CLASS   SFR23          

        CLASS   SFR24          

        CLASS   SFR25          

        CLASS   SFR26          

        CLASS   SFR27          

        CLASS   SFR28          

        CLASS   SFR29          

        CLASS   SFR30          

        CLASS   SFR31          

        CLASS   CONFIG         
                config                             8007     8007        2         0

        CLASS   IDLOC          

        CLASS   EEDATA         

        CLASS   BANK31         

        CLASS   BANK30         

        CLASS   BANK29         

        CLASS   BANK28         

        CLASS   BANK27         

        CLASS   BANK26         

        CLASS   BANK25         

        CLASS   BANK24         

        CLASS   BANK23         

        CLASS   BANK22         

        CLASS   BANK21         

        CLASS   BANK20         

        CLASS   BANK19         

        CLASS   BANK18         

        CLASS   BANK17         

        CLASS   BANK16         

        CLASS   BANK15         

        CLASS   BANK14         

        CLASS   BANK13         

        CLASS   BANK12         

        CLASS   BANK11         

        CLASS   BANK10         

        CLASS   BANK9          

        CLASS   BANK8          

        CLASS   BANK7          

        CLASS   BANK6          

        CLASS   BANK5          



SEGMENTS        Name                           Load    Length   Top    Selector   Space  Class     Delta

                reset_vec                      000000  000003  000003         0       0  CODE        2
                text43                         000003  000001  000004         6       0  CODE        2
                intentry                       000004  0007FC  000800         8       0  CODE        2
                cstackBANK0                    000020  000050  000070        20       1  BANK0       1
                bssCOMMON                      000070  00000E  00007E        70       1  COMMON      1
                bssBANK1                       0000A0  00004F  0000EF        A0       1  BANK1       1
                bssBANK2                       000120  00003D  00015D       120       1  BANK2       1
                text61                         00082A  000001  00082B      1054       0  CODE        2
                text58                         00082B  000001  00082C      1056       0  CODE        2
                text55                         00082C  000001  00082D      1058       0  CODE        2
                text52                         00082D  000001  00082E      105A       0  CODE        2
                text33                         00082E  000004  000832      105C       0  CODE        2
                text21                         000832  000004  000836      1064       0  CODE        2
                text9                          000836  000005  00083B      106C       0  CODE        2
                clrtext                        00083B  000006  000841      1076       0  CODE        2
                text59                         000841  000007  000848      1082       0  CODE        2
                text32                         000848  000007  00084F      1090       0  CODE        2
                text40                         00084F  000008  000857      109E       0  CODE        2
                text24                         000857  000008  00085F      10AE       0  CODE        2
                text39                         00085F  000009  000868      10BE       0  CODE        2
                text37                         000868  000009  000871      10D0       0  CODE        2
                text36                         000871  000009  00087A      10E2       0  CODE        2
                text35                         00087A  000009  000883      10F4       0  CODE        2
                text31                         000883  000009  00088C      1106       0  CODE        2
                text30                         00088C  000009  000895      1118       0  CODE        2
                text29                         000895  000009  00089E      112A       0  CODE        2
                text28                         00089E  000009  0008A7      113C       0  CODE        2
                text26                         0008A7  000009  0008B0      114E       0  CODE        2
                text23                         0008B0  000009  0008B9      1160       0  CODE        2
                text46                         0008B9  00000A  0008C3      1172       0  CODE        2
                text56                         0008C3  00000B  0008CE      1186       0  CODE        2
                text53                         0008CE  00000B  0008D9      119C       0  CODE        2
                text50                         0008D9  00000B  0008E4      11B2       0  CODE        2
                text57                         0008E4  00000F  0008F3      11C8       0  CODE        2
                text54                         0008F3  00000F  000902      11E6       0  CODE        2
                text51                         000902  00000F  000911      1204       0  CODE        2
                text48                         000911  00000F  000920      1222       0  CODE        2
                text45                         000920  00000F  00092F      1240       0  CODE        2
                text42                         00092F  00000F  00093E      125E       0  CODE        2
                text10                         00093E  00000F  00094D      127C       0  CODE        2
                text63                         00094D  000011  00095E      129A       0  CODE        2
                text38                         00095E  000012  000970      12BC       0  CODE        2
                text22                         000970  000014  000984      12E0       0  CODE        2
                text60                         000984  000016  00099A      1308       0  CODE        2
                text12                         00099A  00001C  0009B6      1334       0  CODE        2
                text6                          0009B6  00001C  0009D2      136C       0  CODE        2
                text11                         0009D2  000020  0009F2      13A4       0  CODE        2
                text47                         0009F2  000021  000A13      13E4       0  CODE        2
                text13                         000A13  000021  000A34      1426       0  CODE        2
                text20                         000A34  000022  000A56      1468       0  CODE        2
                text34                         000A56  000024  000A7A      14AC       0  CODE        2
                text18                         000A7A  000024  000A9E      14F4       0  CODE        2
                text62                         000A9E  000025  000AC3      153C       0  CODE        2
                text44                         000AC3  000035  000AF8      1586       0  CODE        2
                maintext                       000AF8  000041  000B39      15F0       0  CODE        2
                text27                         000B39  000044  000B7D      1672       0  CODE        2
                text16                         000B7D  000075  000BF2      16FA       0  CODE        2
                text4                          000BF2  00007C  000C6E      17E4       0  CODE        2
                text1                          000C6E  00008F  000CFD      18DC       0  CODE        2
                text15                         000CFD  0000AD  000DAA      19FA       0  CODE        2
                text5                          000DAA  0000B1  000E5B      1B54       0  CODE        2
                text3                          000E5B  0000D2  000F2D      1CB6       0  CODE        2
                text14                         000F2D  0000D3  001000      1E5A       0  CODE        2
                config                         008007  000002  008009     1000E       0  CONFIG      2


UNUSED ADDRESS RANGES

        Name                Unused          Largest block    Delta
        BANK1            000EF-000EF               1           1
        BANK2            0015D-0016F              13           1
        BANK3            001A0-001EF              50           1
        BANK4            00220-0024F              30           1
        BIGRAM           02000-0216F             170           1
        CODE             00800-00829              2A           2
        CONST            00800-00829              2A           2
        EEDATA           0F000-0F0FF             100           2
        ENTRY            00800-00829              2A           2
        IDLOC            08000-08003               4           2
        RAM              000EF-000EF               1           1
                         0015D-0016F              13
                         001A0-001EF              50
                         00220-0024F              30
        SFR0             00000-0001F              20           1
        SFR1             00080-0009F              20           1
        SFR10            00500-0056F              70           1
        SFR11            00580-005EF              70           1
        SFR12            00600-0066F              70           1
        SFR13            00680-006EF              70           1
        SFR14            00700-0076F              70           1
        SFR15            00780-007EF              70           1
        SFR16            00800-0086F              70           1
        SFR17            00880-008EF              70           1
        SFR18            00900-0096F              70           1
        SFR19            00980-009EF              70           1
        SFR2             00100-0011F              20           1
        SFR20            00A00-00A6F              70           1
        SFR21            00A80-00AEF              70           1
        SFR22            00B00-00B6F              70           1
        SFR23            00B80-00BEF              70           1
        SFR24            00C00-00C6F              70           1
        SFR25            00C80-00CEF              70           1
        SFR26            00D00-00D6F              70           1
        SFR27            00D80-00DEF              70           1
        SFR28            00E00-00E6F              70           1
        SFR29            00E80-00EEF              70           1
        SFR3             00180-0019F              20           1
        SFR30            00F00-00F6F              70           1
        SFR31            00F80-00FEF              70           1
        SFR4             00200-0021F              20           1
        SFR5             00280-002EF              70           1
        SFR6             00300-0036F              70           1
        SFR7             00380-003EF              70           1
        SFR8             00400-0046F              70           1
        SFR9             00480-004EF              70           1
        STACK            020DD-0216F              93           1
        STRCODE          00800-00829              2A           2
        STRING           00800-00829              2A           2

                                  Symbol Table

?_ADC_GetConversion                            cstackBANK0  00020
?__Umul8_16                                    cstackBANK0  00020
?___fldiv                                      cstackBANK0  0004C
?___flmul                                      cstackBANK0  00032
?___fltol                                      cstackBANK0  00020
?___wmul                                       cstackBANK0  00020
?___xxtofl                                     cstackBANK0  00024
?_abs                                          cstackBANK0  00020
ADC_GetConversion@channel                      cstackBANK0  00023
CCP4_CaptureISR@module                         cstackCOMMON 0007C
CCP4_SetCallBack@customCallBack                cstackBANK0  00020
EUSART_SetErrorHandler@interruptHandler        cstackBANK0  00020
EUSART_SetFramingErrorHandler@interruptHandler cstackBANK0  00020
EUSART_SetOverrunErrorHandler@interruptHandler cstackBANK0  00020
EUSART_Write@txData                            cstackCOMMON 00077
IOCBF0_SetInterruptHandler@InterruptHandler    cstackBANK0  00020
IOCBF3_SetInterruptHandler@InterruptHandler    cstackBANK0  00020
IOCBF4_SetInterruptHandler@InterruptHandler    cstackBANK0  00020
IOCBF5_SetInterruptHandler@InterruptHandler    cstackBANK0  00020
PWM3_LoadDutyValue@dutyValue                   cstackBANK0  00020
TMR1_WriteTimer@timerVal                       cstackCOMMON 00077
TMR4_SetInterruptHandler@InterruptHandler      cstackBANK0  00020
_ADCON0                                        (abs)        0009D
_ADCON0bits                                    (abs)        0009D
_ADCON1                                        (abs)        0009E
_ADC_GetConversion                             text13       00A13
_ADC_Initialize                                text40       0084F
_ADRESH                                        (abs)        0009C
_ADRESL                                        (abs)        0009B
_ANSELA                                        (abs)        0018C
_ANSELB                                        (abs)        0018D
_APFCON0                                       (abs)        0011D
_APFCON1                                       (abs)        0011E
_BAUDCON                                       (abs)        0019F
_BORCON                                        (abs)        00116
_CCP3CON                                       (abs)        00313
_CCP4CON                                       (abs)        0031A
_CCP4_CallBack                                 nvBANK2      0014D
_CCP4_CaptureISR                               text60       00984
_CCP4_DefaultCallBack                          text61       0082A
_CCP4_Initialize                               text38       0095E
_CCP4_SetCallBack                              text39       0085F
_CCPR3H                                        (abs)        00312
_CCPR3L                                        (abs)        00311
_CCPR4H                                        (abs)        00319
_CCPR4L                                        (abs)        00318
_CCPTMRS0bits                                  (abs)        0029E
_EUSART_DefaultErrorHandler                    (abs)        00000
_EUSART_DefaultFramingErrorHandler             (abs)        00000
_EUSART_DefaultOverrunErrorHandler             (abs)        00000
_EUSART_ErrorHandler                           nvBANK2      0014F
_EUSART_FramingErrorHandler                    nvBANK2      00153
_EUSART_Initialize                             text34       00A56
_EUSART_OverrunErrorHandler                    nvBANK2      00151
_EUSART_Read                                   text10       0093E
_EUSART_SetErrorHandler                        text37       00868
_EUSART_SetFramingErrorHandler                 text36       00871
_EUSART_SetOverrunErrorHandler                 text35       0087A
_EUSART_Write                                  text46       008B9
_EUSART_is_rx_ready                            text9        00836
_EUSART_is_tx_ready                            text45       00920
_EUSART_is_tx_ready$167                        cstackCOMMON 00077
_FVRCON                                        (abs)        00117
_FVRCONbits                                    (abs)        00117
_FVR_Initialize                                text33       0082E
_INTCONbits                                    (abs)        0000B
_INTERRUPT_InterruptManager                    intentry     00004
_IOCBF0_DefaultInterruptHandler                text58       0082B
_IOCBF0_ISR                                    text57       008E4
_IOCBF0_InterruptHandler                       nvBANK1      000E9
_IOCBF0_SetInterruptHandler                    text31       00883
_IOCBF3_DefaultInterruptHandler                text55       0082C
_IOCBF3_ISR                                    text54       008F3
_IOCBF3_InterruptHandler                       nvBANK1      000E7
_IOCBF3_SetInterruptHandler                    text30       0088C
_IOCBF4_DefaultInterruptHandler                text52       0082D
_IOCBF4_ISR                                    text51       00902
_IOCBF4_InterruptHandler                       nvBANK1      000E5
_IOCBF4_SetInterruptHandler                    text29       00895
_IOCBF5_DefaultInterruptHandler                text49       00002
_IOCBF5_ISR                                    text48       00911
_IOCBF5_InterruptHandler                       nvBANK1      000E3
_IOCBF5_SetInterruptHandler                    text28       0089E
_IOCBFbits                                     (abs)        00396
_IOCBNbits                                     (abs)        00395
_IOCBPbits                                     (abs)        00394
_I_m                                           nvBANK2      00159
_LATA                                          (abs)        0010C
_LATAbits                                      (abs)        0010C
_LATB                                          (abs)        0010D
_OPTION_REGbits                                (abs)        00095
_OSCCON                                        (abs)        00099
_OSCILLATOR_Initialize                         text32       00848
_OSCTUNE                                       (abs)        00098
_PIE3bits                                      (abs)        00093
_PIN_MANAGER_IOC                               text47       009F2
_PIN_MANAGER_Initialize                        text27       00B39
_PIR1bits                                      (abs)        00011
_PIR3bits                                      (abs)        00013
_PR2                                           (abs)        0001B
_PR4                                           (abs)        00416
_PWM3_Initialize                               text26       008A7
_PWM3_LoadDutyValue                            text12       0099A
_RCREG                                         (abs)        00199
_RCSTA                                         (abs)        0019D
_RCSTAbits                                     (abs)        0019D
_SPBRGH                                        (abs)        0019C
_SPBRGL                                        (abs)        0019B
_SYSTEM_Initialize                             text20       00A34
_T1CON                                         (abs)        00018
_T1CONbits                                     (abs)        00018
_T1GCON                                        (abs)        00019
_T1GCONbits                                    (abs)        00019
_T2CON                                         (abs)        0001C
_T2CONbits                                     (abs)        0001C
_T4CON                                         (abs)        00417
_T4CONbits                                     (abs)        00417
_TMR1H                                         (abs)        00017
_TMR1L                                         (abs)        00016
_TMR1_Initialize                               text25       007F0
_TMR1_WriteTimer                               text63       0094D
_TMR2                                          (abs)        0001A
_TMR2_Initialize                               text24       00857
_TMR4                                          (abs)        00415
_TMR4_DefaultInterruptHandler                  text43       00003
_TMR4_ISR                                      text42       0092F
_TMR4_Initialize                               text22       00970
_TMR4_InterruptHandler                         nvBANK1      000EB
_TMR4_SetInterruptHandler                      text23       008B0
_TRISA                                         (abs)        0008C
_TRISB                                         (abs)        0008D
_TXREG                                         (abs)        0019A
_TXSTA                                         (abs)        0019E
_TXSTAbits                                     (abs)        0019E
_WDTCON                                        (abs)        00097
_WDT_Initialize                                text21       00832
_WPUA                                          (abs)        0020C
_WPUB                                          (abs)        0020D
__CFG_BOREN$ON                                 (abs)        00000
__CFG_BORV$LO                                  (abs)        00000
__CFG_CLKOUTEN$OFF                             (abs)        00000
__CFG_CP$OFF                                   (abs)        00000
__CFG_CPD$OFF                                  (abs)        00000
__CFG_FCMEN$ON                                 (abs)        00000
__CFG_FOSC$INTOSC                              (abs)        00000
__CFG_IESO$ON                                  (abs)        00000
__CFG_LVP$ON                                   (abs)        00000
__CFG_MCLRE$ON                                 (abs)        00000
__CFG_PLLEN$OFF                                (abs)        00000
__CFG_PWRTE$OFF                                (abs)        00000
__CFG_STVREN$ON                                (abs)        00000
__CFG_WDTE$OFF                                 (abs)        00000
__CFG_WRT$OFF                                  (abs)        00000
__Habs1                                        abs1         00000
__Hbank0                                       bank0        00000
__Hbank1                                       bank1        00000
__Hbank10                                      bank10       00000
__Hbank11                                      bank11       00000
__Hbank12                                      bank12       00000
__Hbank13                                      bank13       00000
__Hbank14                                      bank14       00000
__Hbank15                                      bank15       00000
__Hbank16                                      bank16       00000
__Hbank17                                      bank17       00000
__Hbank18                                      bank18       00000
__Hbank19                                      bank19       00000
__Hbank2                                       bank2        00000
__Hbank20                                      bank20       00000
__Hbank21                                      bank21       00000
__Hbank22                                      bank22       00000
__Hbank23                                      bank23       00000
__Hbank24                                      bank24       00000
__Hbank25                                      bank25       00000
__Hbank26                                      bank26       00000
__Hbank27                                      bank27       00000
__Hbank28                                      bank28       00000
__Hbank29                                      bank29       00000
__Hbank3                                       bank3        00000
__Hbank30                                      bank30       00000
__Hbank31                                      bank31       00000
__Hbank4                                       bank4        00000
__Hbank5                                       bank5        00000
__Hbank6                                       bank6        00000
__Hbank7                                       bank7        00000
__Hbank8                                       bank8        00000
__Hbank9                                       bank9        00000
__Hbigram                                      bigram       00000
__HbssBANK0                                    bssBANK0     00000
__HbssBANK1                                    bssBANK1     00000
__HbssBANK2                                    bssBANK2     00000
__HbssCOMMON                                   bssCOMMON    00000
__Hcinit                                       cinit        00053
__Hclrtext                                     clrtext      00000
__Hcode                                        code         00000
__Hcommon                                      common       00000
__Hconfig                                      config       08009
__HcstackBANK0                                 cstackBANK0  00000
__HcstackCOMMON                                cstackCOMMON 00000
__Heeprom_data                                 eeprom_data  00000
__Hend_init                                    end_init     00036
__Hfunctab                                     functab      00000
__Hidloc                                       idloc        00000
__Hinit                                        init         00034
__Hintentry                                    intentry     00034
__Hmaintext                                    maintext     00000
__HnvBANK1                                     nvBANK1      00000
__HnvBANK2                                     nvBANK2      00000
__Hpowerup                                     powerup      00000
__Hram                                         ram          00000
__Hreset_vec                                   reset_vec    00002
__Hsfr0                                        sfr0         00000
__Hsfr1                                        sfr1         00000
__Hsfr10                                       sfr10        00000
__Hsfr11                                       sfr11        00000
__Hsfr12                                       sfr12        00000
__Hsfr13                                       sfr13        00000
__Hsfr14                                       sfr14        00000
__Hsfr15                                       sfr15        00000
__Hsfr16                                       sfr16        00000
__Hsfr17                                       sfr17        00000
__Hsfr18                                       sfr18        00000
__Hsfr19                                       sfr19        00000
__Hsfr2                                        sfr2         00000
__Hsfr20                                       sfr20        00000
__Hsfr21                                       sfr21        00000
__Hsfr22                                       sfr22        00000
__Hsfr23                                       sfr23        00000
__Hsfr24                                       sfr24        00000
__Hsfr25                                       sfr25        00000
__Hsfr26                                       sfr26        00000
__Hsfr27                                       sfr27        00000
__Hsfr28                                       sfr28        00000
__Hsfr29                                       sfr29        00000
__Hsfr3                                        sfr3         00000
__Hsfr30                                       sfr30        00000
__Hsfr31                                       sfr31        00000
__Hsfr4                                        sfr4         00000
__Hsfr5                                        sfr5         00000
__Hsfr6                                        sfr6         00000
__Hsfr7                                        sfr7         00000
__Hsfr8                                        sfr8         00000
__Hsfr9                                        sfr9         00000
__Hspace_0                                     (abs)        08009
__Hspace_1                                     (abs)        0015D
__Hspace_2                                     (abs)        00000
__Hspace_3                                     (abs)        00000
__Hstack                                       stack        00000
__Hstrings                                     strings      00000
__Htext                                        text         00000
__Labs1                                        abs1         00000
__Lbank0                                       bank0        00000
__Lbank1                                       bank1        00000
__Lbank10                                      bank10       00000
__Lbank11                                      bank11       00000
__Lbank12                                      bank12       00000
__Lbank13                                      bank13       00000
__Lbank14                                      bank14       00000
__Lbank15                                      bank15       00000
__Lbank16                                      bank16       00000
__Lbank17                                      bank17       00000
__Lbank18                                      bank18       00000
__Lbank19                                      bank19       00000
__Lbank2                                       bank2        00000
__Lbank20                                      bank20       00000
__Lbank21                                      bank21       00000
__Lbank22                                      bank22       00000
__Lbank23                                      bank23       00000
__Lbank24                                      bank24       00000
__Lbank25                                      bank25       00000
__Lbank26                                      bank26       00000
__Lbank27                                      bank27       00000
__Lbank28                                      bank28       00000
__Lbank29                                      bank29       00000
__Lbank3                                       bank3        00000
__Lbank30                                      bank30       00000
__Lbank31                                      bank31       00000
__Lbank4                                       bank4        00000
__Lbank5                                       bank5        00000
__Lbank6                                       bank6        00000
__Lbank7                                       bank7        00000
__Lbank8                                       bank8        00000
__Lbank9                                       bank9        00000
__Lbigram                                      bigram       00000
__LbssBANK0                                    bssBANK0     00000
__LbssBANK1                                    bssBANK1     00000
__LbssBANK2                                    bssBANK2     00000
__LbssCOMMON                                   bssCOMMON    00000
__Lcinit                                       cinit        00036
__Lclrtext                                     clrtext      00000
__Lcode                                        code         00000
__Lcommon                                      common       00000
__Lconfig                                      config       08007
__LcstackBANK0                                 cstackBANK0  00000
__LcstackCOMMON                                cstackCOMMON 00000
__Leeprom_data                                 eeprom_data  00000
__Lend_init                                    end_init     00034
__Lfunctab                                     functab      00000
__Lidloc                                       idloc        00000
__Linit                                        init         00034
__Lintentry                                    intentry     00004
__Lmaintext                                    maintext     00000
__LnvBANK1                                     nvBANK1      00000
__LnvBANK2                                     nvBANK2      00000
__Lpowerup                                     powerup      00000
__Lram                                         ram          00000
__Lreset_vec                                   reset_vec    00000
__Lsfr0                                        sfr0         00000
__Lsfr1                                        sfr1         00000
__Lsfr10                                       sfr10        00000
__Lsfr11                                       sfr11        00000
__Lsfr12                                       sfr12        00000
__Lsfr13                                       sfr13        00000
__Lsfr14                                       sfr14        00000
__Lsfr15                                       sfr15        00000
__Lsfr16                                       sfr16        00000
__Lsfr17                                       sfr17        00000
__Lsfr18                                       sfr18        00000
__Lsfr19                                       sfr19        00000
__Lsfr2                                        sfr2         00000
__Lsfr20                                       sfr20        00000
__Lsfr21                                       sfr21        00000
__Lsfr22                                       sfr22        00000
__Lsfr23                                       sfr23        00000
__Lsfr24                                       sfr24        00000
__Lsfr25                                       sfr25        00000
__Lsfr26                                       sfr26        00000
__Lsfr27                                       sfr27        00000
__Lsfr28                                       sfr28        00000
__Lsfr29                                       sfr29        00000
__Lsfr3                                        sfr3         00000
__Lsfr30                                       sfr30        00000
__Lsfr31                                       sfr31        00000
__Lsfr4                                        sfr4         00000
__Lsfr5                                        sfr5         00000
__Lsfr6                                        sfr6         00000
__Lsfr7                                        sfr7         00000
__Lsfr8                                        sfr8         00000
__Lsfr9                                        sfr9         00000
__Lspace_0                                     (abs)        00000
__Lspace_1                                     (abs)        00000
__Lspace_2                                     (abs)        00000
__Lspace_3                                     (abs)        00000
__Lstack                                       stack        00000
__Lstrings                                     strings      00000
__Ltext                                        text         00000
__S0                                           (abs)        08009
__S1                                           (abs)        0015D
__S2                                           (abs)        00000
__S3                                           (abs)        00000
__Umul8_16                                     text18       00A7A
__Umul8_16@multiplicand                        cstackBANK0  00020
__Umul8_16@multiplier                          cstackBANK0  00028
__Umul8_16@product                             cstackBANK0  00024
__Umul8_16@word_mpld                           cstackBANK0  00026
___fldiv                                       text19       00480
___fldiv@a                                     cstackBANK0  0004C
___fldiv@aexp                                  cstackBANK0  00065
___fldiv@b                                     cstackBANK0  00050
___fldiv@bexp                                  cstackBANK0  00064
___fldiv@grs                                   cstackBANK0  00060
___fldiv@new_exp                               cstackBANK0  0005E
___fldiv@rem                                   cstackBANK0  00059
___fldiv@sign                                  cstackBANK0  0005D
___flmul                                       text17       00053
___flmul@a                                     cstackBANK0  00036
___flmul@aexp                                  cstackBANK0  00044
___flmul@b                                     cstackBANK0  00032
___flmul@bexp                                  cstackBANK0  00045
___flmul@grs                                   cstackBANK0  00040
___flmul@prod                                  cstackBANK0  00046
___flmul@sign                                  cstackBANK0  0003F
___flmul@temp                                  cstackBANK0  0004A
___fltol                                       text16       00B7D
___fltol@exp1                                  cstackBANK0  0002A
___fltol@f1                                    cstackBANK0  00020
___fltol@sign1                                 cstackBANK0  00029
___int_sp                                      stack        00000
___latbits                                     (abs)        00001
___sp                                          stack        00000
___stackhi                                     (abs)        0216F
___stacklo                                     (abs)        020DD
___wmul                                        text11       009D2
___wmul@multiplicand                           cstackBANK0  00022
___wmul@multiplier                             cstackBANK0  00020
___wmul@product                                cstackBANK0  00024
___xxtofl                                      text15       00CFD
___xxtofl@arg                                  cstackBANK0  0002E
___xxtofl@exp                                  cstackBANK0  0002D
___xxtofl@sign                                 cstackBANK0  0002C
___xxtofl@val                                  cstackBANK0  00024
__end_of_ADC_GetConversion                     text13       00A34
__end_of_ADC_Initialize                        text40       00857
__end_of_CCP4_CaptureISR                       text60       0099A
__end_of_CCP4_DefaultCallBack                  text61       0082B
__end_of_CCP4_Initialize                       text38       00970
__end_of_CCP4_SetCallBack                      text39       00868
__end_of_EUSART_Initialize                     text34       00A7A
__end_of_EUSART_Read                           text10       0094D
__end_of_EUSART_SetErrorHandler                text37       00871
__end_of_EUSART_SetFramingErrorHandler         text36       0087A
__end_of_EUSART_SetOverrunErrorHandler         text35       00883
__end_of_EUSART_Write                          text46       008C3
__end_of_EUSART_is_rx_ready                    text9        0083B
__end_of_EUSART_is_tx_ready                    text45       0092F
__end_of_FVR_Initialize                        text33       00832
__end_of_INTERRUPT_InterruptManager            intentry     00034
__end_of_IOCBF0_DefaultInterruptHandler        text58       0082C
__end_of_IOCBF0_ISR                            text57       008F3
__end_of_IOCBF0_SetInterruptHandler            text31       0088C
__end_of_IOCBF3_DefaultInterruptHandler        text55       0082D
__end_of_IOCBF3_ISR                            text54       00902
__end_of_IOCBF3_SetInterruptHandler            text30       00895
__end_of_IOCBF4_DefaultInterruptHandler        text52       0082E
__end_of_IOCBF4_ISR                            text51       00911
__end_of_IOCBF4_SetInterruptHandler            text29       0089E
__end_of_IOCBF5_DefaultInterruptHandler        text49       00003
__end_of_IOCBF5_ISR                            text48       00920
__end_of_IOCBF5_SetInterruptHandler            text28       008A7
__end_of_OSCILLATOR_Initialize                 text32       0084F
__end_of_PIN_MANAGER_IOC                       text47       00A13
__end_of_PIN_MANAGER_Initialize                text27       00B7D
__end_of_PWM3_Initialize                       text26       008B0
__end_of_PWM3_LoadDutyValue                    text12       009B6
__end_of_SYSTEM_Initialize                     text20       00A56
__end_of_TMR1_Initialize                       text25       00800
__end_of_TMR1_WriteTimer                       text63       0095E
__end_of_TMR2_Initialize                       text24       0085F
__end_of_TMR4_DefaultInterruptHandler          text43       00004
__end_of_TMR4_ISR                              text42       0093E
__end_of_TMR4_Initialize                       text22       00984
__end_of_TMR4_SetInterruptHandler              text23       008B9
__end_of_WDT_Initialize                        text21       00836
__end_of__Umul8_16                             text18       00A9E
__end_of___fldiv                               text19       00634
__end_of___flmul                               text17       002AA
__end_of___fltol                               text16       00BF2
__end_of___wmul                                text11       009F2
__end_of___xxtofl                              text15       00DAA
__end_of__initialization                       cinit        0004F
__end_of_abs                                   text6        009D2
__end_of_col_down                              text4        00C6E
__end_of_col_up                                text2        007F0
__end_of_comunicacao                           text14       01000
__end_of_controle                              text7        00774
__end_of_gerenciamento                         text1        00CFD
__end_of_get_pulse                             text62       00AC3
__end_of_main                                  maintext     00B39
__end_of_max_down                              text5        00E5B
__end_of_min_up                                text3        00F2D
__end_of_send_data                             text44       00AF8
__end_of_sensor1                               text59       00848
__end_of_sensor2                               text56       008CE
__end_of_sensor3                               text53       008D9
__end_of_sensor4                               text50       008E4
__end_of_update                                text8        00480
__initialization                               cinit        00036
__pbssBANK0                                    bssBANK0     0006F
__pbssBANK1                                    bssBANK1     000A0
__pbssBANK2                                    bssBANK2     00120
__pbssCOMMON                                   bssCOMMON    00070
__pcstackBANK0                                 cstackBANK0  00020
__pcstackCOMMON                                cstackCOMMON 00077
__pintentry                                    intentry     00004
__pmaintext                                    maintext     00AF8
__pnvBANK1                                     nvBANK1      000E3
__pnvBANK2                                     nvBANK2      0014D
__ptext1                                       text1        00C6E
__ptext10                                      text10       0093E
__ptext11                                      text11       009D2
__ptext12                                      text12       0099A
__ptext13                                      text13       00A13
__ptext14                                      text14       00F2D
__ptext15                                      text15       00CFD
__ptext16                                      text16       00B7D
__ptext17                                      text17       00053
__ptext18                                      text18       00A7A
__ptext19                                      text19       00480
__ptext2                                       text2        00774
__ptext20                                      text20       00A34
__ptext21                                      text21       00832
__ptext22                                      text22       00970
__ptext23                                      text23       008B0
__ptext24                                      text24       00857
__ptext25                                      text25       007F0
__ptext26                                      text26       008A7
__ptext27                                      text27       00B39
__ptext28                                      text28       0089E
__ptext29                                      text29       00895
__ptext3                                       text3        00E5B
__ptext30                                      text30       0088C
__ptext31                                      text31       00883
__ptext32                                      text32       00848
__ptext33                                      text33       0082E
__ptext34                                      text34       00A56
__ptext35                                      text35       0087A
__ptext36                                      text36       00871
__ptext37                                      text37       00868
__ptext38                                      text38       0095E
__ptext39                                      text39       0085F
__ptext4                                       text4        00BF2
__ptext40                                      text40       0084F
__ptext42                                      text42       0092F
__ptext43                                      text43       00003
__ptext44                                      text44       00AC3
__ptext45                                      text45       00920
__ptext46                                      text46       008B9
__ptext47                                      text47       009F2
__ptext48                                      text48       00911
__ptext49                                      text49       00002
__ptext5                                       text5        00DAA
__ptext50                                      text50       008D9
__ptext51                                      text51       00902
__ptext52                                      text52       0082D
__ptext53                                      text53       008CE
__ptext54                                      text54       008F3
__ptext55                                      text55       0082C
__ptext56                                      text56       008C3
__ptext57                                      text57       008E4
__ptext58                                      text58       0082B
__ptext59                                      text59       00841
__ptext6                                       text6        009B6
__ptext60                                      text60       00984
__ptext61                                      text61       0082A
__ptext62                                      text62       00A9E
__ptext63                                      text63       0094D
__ptext7                                       text7        00634
__ptext8                                       text8        002AA
__ptext9                                       text9        00836
__size_of_ADC_GetConversion                    (abs)        00000
__size_of_ADC_Initialize                       (abs)        00000
__size_of_CCP4_CaptureISR                      (abs)        00000
__size_of_CCP4_DefaultCallBack                 (abs)        00000
__size_of_CCP4_Initialize                      (abs)        00000
__size_of_CCP4_SetCallBack                     (abs)        00000
__size_of_EUSART_Initialize                    (abs)        00000
__size_of_EUSART_Read                          (abs)        00000
__size_of_EUSART_SetErrorHandler               (abs)        00000
__size_of_EUSART_SetFramingErrorHandler        (abs)        00000
__size_of_EUSART_SetOverrunErrorHandler        (abs)        00000
__size_of_EUSART_Write                         (abs)        00000
__size_of_EUSART_is_rx_ready                   (abs)        00000
__size_of_EUSART_is_tx_ready                   (abs)        00000
__size_of_FVR_Initialize                       (abs)        00000
__size_of_INTERRUPT_InterruptManager           (abs)        00000
__size_of_IOCBF0_DefaultInterruptHandler       (abs)        00000
__size_of_IOCBF0_ISR                           (abs)        00000
__size_of_IOCBF0_SetInterruptHandler           (abs)        00000
__size_of_IOCBF3_DefaultInterruptHandler       (abs)        00000
__size_of_IOCBF3_ISR                           (abs)        00000
__size_of_IOCBF3_SetInterruptHandler           (abs)        00000
__size_of_IOCBF4_DefaultInterruptHandler       (abs)        00000
__size_of_IOCBF4_ISR                           (abs)        00000
__size_of_IOCBF4_SetInterruptHandler           (abs)        00000
__size_of_IOCBF5_DefaultInterruptHandler       (abs)        00000
__size_of_IOCBF5_ISR                           (abs)        00000
__size_of_IOCBF5_SetInterruptHandler           (abs)        00000
__size_of_OSCILLATOR_Initialize                (abs)        00000
__size_of_PIN_MANAGER_IOC                      (abs)        00000
__size_of_PIN_MANAGER_Initialize               (abs)        00000
__size_of_PWM3_Initialize                      (abs)        00000
__size_of_PWM3_LoadDutyValue                   (abs)        00000
__size_of_SYSTEM_Initialize                    (abs)        00000
__size_of_TMR1_Initialize                      (abs)        00000
__size_of_TMR1_WriteTimer                      (abs)        00000
__size_of_TMR2_Initialize                      (abs)        00000
__size_of_TMR4_DefaultInterruptHandler         (abs)        00000
__size_of_TMR4_ISR                             (abs)        00000
__size_of_TMR4_Initialize                      (abs)        00000
__size_of_TMR4_SetInterruptHandler             (abs)        00000
__size_of_WDT_Initialize                       (abs)        00000
__size_of__Umul8_16                            (abs)        00000
__size_of___fldiv                              (abs)        00000
__size_of___flmul                              (abs)        00000
__size_of___fltol                              (abs)        00000
__size_of___wmul                               (abs)        00000
__size_of___xxtofl                             (abs)        00000
__size_of_abs                                  (abs)        00000
__size_of_col_down                             (abs)        00000
__size_of_col_up                               (abs)        00000
__size_of_comunicacao                          (abs)        00000
__size_of_controle                             (abs)        00000
__size_of_gerenciamento                        (abs)        00000
__size_of_get_pulse                            (abs)        00000
__size_of_main                                 (abs)        00000
__size_of_max_down                             (abs)        00000
__size_of_min_up                               (abs)        00000
__size_of_send_data                            (abs)        00000
__size_of_sensor1                              (abs)        00000
__size_of_sensor2                              (abs)        00000
__size_of_sensor3                              (abs)        00000
__size_of_sensor4                              (abs)        00000
__size_of_update                               (abs)        00000
_abs                                           text6        009B6
_and_ating                                     bssBANK0     0006F
_and_ating2                                    bssBANK1     000C8
_and_dst                                       bssCOMMON    00074
_and_origem                                    bssBANK1     000DA
_aux_tempo                                     bssBANK1     000D6
_byte                                          bssBANK2     00148
_ccp_value                                     bssBANK1     000DF
_col_down                                      text4        00BF2
_col_up                                        text2        00774
_comunicacao                                   text14       00F2D
_controle                                      text7        00634
_distancia                                     bssBANK1     000D0
_eusartRxLastError                             bssCOMMON    00076
_fila_down                                     bssBANK2     00134
_fila_up                                       bssBANK1     000B4
_gerenciamento                                 text1        00C6E
_get_pulse                                     text62       00A9E
_main                                          maintext     00AF8
_max_down                                      text5        00DAA
_max_fila_up                                   bssBANK1     000CE
_max_origem_down                               bssCOMMON    00072
_min_fila_down                                 bssBANK1     000CC
_min_origem_up                                 bssCOMMON    00070
_min_up                                        text3        00E5B
_origem_down                                   bssBANK1     000A0
_origem_up                                     bssBANK2     00120
_pulses                                        bssBANK1     000E1
_send_data                                     text44       00AC3
_sensor1                                       text59       00841
_sensor2                                       text56       008C3
_sensor3                                       text53       008CE
_sensor4                                       text50       008D9
_sentido                                       bssBANK1     000D8
_sentido2                                      bssBANK1     000D4
_temp_mt                                       nvBANK2      00155
_timer1ReloadVal                               nvBANK1      000ED
_update                                        text8        002AA
abs@a                                          cstackBANK0  00020
btemp                                          (abs)        0007E
clear_ram0                                     clrtext      0083B
comunicacao@position                           cstackBANK0  0006B
comunicacao@speed                              cstackBANK0  00067
controle@a                                     cstackBANK0  00054
controle@count                                 cstackBANK0  0005C
controle@destiny                               cstackBANK0  00050
controle@dutyValue                             cstackBANK0  0005A
controle@max_dutyValue                         cstackBANK0  00058
controle@min_dutyValue                         cstackBANK0  00056
controle@route                                 cstackBANK0  00052
end_of_initialization                          cinit        0004F
get_pulse@capturedValue                        cstackCOMMON 00079
int$flags                                      (abs)        0007E
intlevel0                                      functab      00000
intlevel1                                      functab      00000
intlevel2                                      functab      00000
intlevel3                                      functab      00000
intlevel4                                      functab      00000
intlevel5                                      functab      00000
max_down@i                                     cstackBANK0  00023
min_up@i                                       cstackBANK0  00023
reset_vec                                      reset_vec    00000
send_data@i                                    cstackCOMMON 00079
start                                          init         00034
start_initialization                           cinit        00036
update@aux                                     cstackBANK0  00023
update@i                                       cstackBANK0  00026
update@i_1261                                  cstackBANK0  00024
update@i_1262                                  cstackBANK0  00028
wtemp0                                         (abs)        0007E


FUNCTION INFORMATION:

 *************** function _main *****************
 Defined at:
		line 125 in file "main.c"
 Parameters:    Size  Location     Type
		None
 Auto vars:     Size  Location     Type
		None
 Return value:  Size  Location     Type
                  1    wreg      void 
 Registers used:
		wreg, fsr0l, fsr0h, fsr1l, fsr1h, status,2, status,0, pclath, cstack
 Tracked objects:
		On entry : 
		On exit  : 
		Unchanged: 
 Data sizes:     COMMON   BANK0   BANK1   BANK2   BANK3   BANK4
      Params:         0       0       0       0       0       0
      Locals:         0       0       0       0       0       0
      Temps:          0       0       0       0       0       0
      Totals:         0       0       0       0       0       0
Total ram usage:        0 bytes
 Hardware stack levels required when called:    7
 This function calls:
		_CCP4_SetCallBack
		_IOCBF0_SetInterruptHandler
		_IOCBF3_SetInterruptHandler
		_IOCBF4_SetInterruptHandler
		_IOCBF5_SetInterruptHandler
		_SYSTEM_Initialize
		_TMR4_SetInterruptHandler
		_comunicacao
		_controle
		_gerenciamento
 This function is called by:
		Startup code after reset
 This function uses a non-reentrant model


 *************** function _gerenciamento *****************
 Defined at:
		line 229 in file "main.c"
 Parameters:    Size  Location     Type
		None
 Auto vars:     Size  Location     Type
		None
 Return value:  Size  Location     Type
                  1    wreg      void 
 Registers used:
		wreg, fsr0l, fsr0h, fsr1l, fsr1h, status,2, status,0, pclath, cstack
 Tracked objects:
		On entry : 
		On exit  : 
		Unchanged: 
 Data sizes:     COMMON   BANK0   BANK1   BANK2   BANK3   BANK4
      Params:         0       0       0       0       0       0
      Locals:         0       0       0       0       0       0
      Temps:          0       0       0       0       0       0
      Totals:         0       0       0       0       0       0
Total ram usage:        0 bytes
 Hardware stack levels used:    1
 Hardware stack levels required when called:    6
 This function calls:
		_col_down
		_col_up
		_update
 This function is called by:
		_main
 This function uses a non-reentrant model


 *************** function _col_up *****************
 Defined at:
		line 339 in file "main.c"
 Parameters:    Size  Location     Type
		None
 Auto vars:     Size  Location     Type
		None
 Return value:  Size  Location     Type
                  1    wreg      void 
 Registers used:
		wreg, fsr1l, fsr1h, status,2, status,0, pclath, cstack
 Tracked objects:
		On entry : 
		On exit  : 
		Unchanged: 
 Data sizes:     COMMON   BANK0   BANK1   BANK2   BANK3   BANK4
      Params:         0       0       0       0       0       0
      Locals:         0       0       0       0       0       0
      Temps:          0       2       0       0       0       0
      Totals:         0       2       0       0       0       0
Total ram usage:        2 bytes
 Hardware stack levels used:    1
 Hardware stack levels required when called:    5
 This function calls:
		_abs
		_min_up
 This function is called by:
		_gerenciamento
 This function uses a non-reentrant model


 *************** function _min_up *****************
 Defined at:
		line 400 in file "main.c"
 Parameters:    Size  Location     Type
		None
 Auto vars:     Size  Location     Type
  i               2    3[BANK0 ] int 
 Return value:  Size  Location     Type
                  1    wreg      void 
 Registers used:
		wreg, fsr1l, fsr1h, status,2, status,0
 Tracked objects:
		On entry : 
		On exit  : 
		Unchanged: 
 Data sizes:     COMMON   BANK0   BANK1   BANK2   BANK3   BANK4
      Params:         0       0       0       0       0       0
      Locals:         0       2       0       0       0       0
      Temps:          0       3       0       0       0       0
      Totals:         0       5       0       0       0       0
Total ram usage:        5 bytes
 Hardware stack levels used:    1
 Hardware stack levels required when called:    4
 This function calls:
		Nothing
 This function is called by:
		_col_up
 This function uses a non-reentrant model


 *************** function _col_down *****************
 Defined at:
		line 365 in file "main.c"
 Parameters:    Size  Location     Type
		None
 Auto vars:     Size  Location     Type
		None
 Return value:  Size  Location     Type
                  1    wreg      void 
 Registers used:
		wreg, fsr1l, fsr1h, status,2, status,0, pclath, cstack
 Tracked objects:
		On entry : 
		On exit  : 
		Unchanged: 
 Data sizes:     COMMON   BANK0   BANK1   BANK2   BANK3   BANK4
      Params:         0       0       0       0       0       0
      Locals:         0       0       0       0       0       0
      Temps:          0       2       0       0       0       0
      Totals:         0       2       0       0       0       0
Total ram usage:        2 bytes
 Hardware stack levels used:    1
 Hardware stack levels required when called:    5
 This function calls:
		_abs
		_max_down
 This function is called by:
		_gerenciamento
 This function uses a non-reentrant model


 *************** function _max_down *****************
 Defined at:
		line 432 in file "main.c"
 Parameters:    Size  Location     Type
		None
 Auto vars:     Size  Location     Type
  i               2    3[BANK0 ] int 
 Return value:  Size  Location     Type
                  1    wreg      void 
 Registers used:
		wreg, fsr1l, fsr1h, status,2, status,0
 Tracked objects:
		On entry : 
		On exit  : 
		Unchanged: 
 Data sizes:     COMMON   BANK0   BANK1   BANK2   BANK3   BANK4
      Params:         0       0       0       0       0       0
      Locals:         0       2       0       0       0       0
      Temps:          0       3       0       0       0       0
      Totals:         0       5       0       0       0       0
Total ram usage:        5 bytes
 Hardware stack levels used:    1
 Hardware stack levels required when called:    4
 This function calls:
		Nothing
 This function is called by:
		_col_down
 This function uses a non-reentrant model


 *************** function _abs *****************
 Defined at:
		line 1 in file "C:\Program Files (x86)\Microchip\xc8\v2.10\pic\sources\c99\common\abs.c"
 Parameters:    Size  Location     Type
  a               2    0[BANK0 ] int 
 Auto vars:     Size  Location     Type
		None
 Return value:  Size  Location     Type
                  2    0[BANK0 ] int 
 Registers used:
		wreg, status,2, status,0
 Tracked objects:
		On entry : 
		On exit  : 
		Unchanged: 
[...]
      Params:         0       0       0       0       0       0
      Locals:         0       0       0       0       0       0
      Temps:          0       0       0       0       0       0
      Totals:         0       0       0       0       0       0
Total ram usage:        0 bytes
 Hardware stack levels used:    1
 This function calls:
		Nothing
 This function is called by:
		_PIN_MANAGER_Initialize
		_IOCBF5_ISR
 This function uses a non-reentrant model


 *************** function _sensor4 *****************
 Defined at:
		line 107 in file "main.c"
 Parameters:    Size  Location     Type
		None
 Auto vars:     Size  Location     Type
		None
 Return value:  Size  Location     Type
                  1    wreg      void 
 Registers used:
		wreg
 Tracked objects:
		On entry : 
		On exit  : 
		Unchanged: 
 Data sizes:     COMMON   BANK0   BANK1   BANK2   BANK3   BANK4
      Params:         0       0       0       0       0       0
      Locals:         0       0       0       0       0       0
      Temps:          1       0       0       0       0       0
      Totals:         1       0       0       0       0       0
Total ram usage:        1 bytes
 Hardware stack levels used:    1
 This function calls:
		Nothing
 This function is called by:
		_main
		_IOCBF5_ISR
 This function uses a non-reentrant model


 *************** function _IOCBF4_ISR *****************
 Defined at:
		line 222 in file "mcc_generated_files/pin_manager.c"
 Parameters:    Size  Location     Type
		None
 Auto vars:     Size  Location     Type
		None
 Return value:  Size  Location     Type
                  1    wreg      void 
 Registers used:
		wreg, status,2, status,0, pclath, cstack
 Tracked objects:
		On entry : 
		On exit  : 
		Unchanged: 
 Data sizes:     COMMON   BANK0   BANK1   BANK2   BANK3   BANK4
      Params:         0       0       0       0       0       0
      Locals:         0       0       0       0       0       0
      Temps:          0       0       0       0       0       0
      Totals:         0       0       0       0       0       0
Total ram usage:        0 bytes
 Hardware stack levels used:    1
 Hardware stack levels required when called:    1
 This function calls:
		Absolute function
		_IOCBF4_DefaultInterruptHandler
		_sensor3
 This function is called by:
		_PIN_MANAGER_IOC
 This function uses a non-reentrant model


 *************** function _IOCBF4_DefaultInterruptHandler *****************
 Defined at:
		line 244 in file "mcc_generated_files/pin_manager.c"
 Parameters:    Size  Location     Type
		None
 Auto vars:     Size  Location     Type
		None
 Return value:  Size  Location     Type
                  1    wreg      void 
 Registers used:
		None
 Tracked objects:
		On entry : 
		On exit  : 
		Unchanged: 
 Data sizes:     COMMON   BANK0   BANK1   BANK2   BANK3   BANK4
      Params:         0       0       0       0       0       0
      Locals:         0       0       0       0       0       0
      Temps:          0       0       0       0       0       0
      Totals:         0       0       0       0       0       0
Total ram usage:        0 bytes
 Hardware stack levels used:    1
 This function calls:
		Nothing
 This function is called by:
		_PIN_MANAGER_Initialize
		_IOCBF4_ISR
 This function uses a non-reentrant model


 *************** function _sensor3 *****************
 Defined at:
		line 101 in file "main.c"
 Parameters:    Size  Location     Type
		None
 Auto vars:     Size  Location     Type
		None
 Return value:  Size  Location     Type
                  1    wreg      void 
 Registers used:
		wreg
 Tracked objects:
		On entry : 
		On exit  : 
		Unchanged: 
 Data sizes:     COMMON   BANK0   BANK1   BANK2   BANK3   BANK4
      Params:         0       0       0       0       0       0
      Locals:         0       0       0       0       0       0
      Temps:          1       0       0       0       0       0
      Totals:         1       0       0       0       0       0
Total ram usage:        1 bytes
 Hardware stack levels used:    1
 This function calls:
		Nothing
 This function is called by:
		_main
		_IOCBF4_ISR
 This function uses a non-reentrant model


 *************** function _IOCBF3_ISR *****************
 Defined at:
		line 192 in file "mcc_generated_files/pin_manager.c"
 Parameters:    Size  Location     Type
		None
 Auto vars:     Size  Location     Type
		None
 Return value:  Size  Location     Type
                  1    wreg      void 
 Registers used:
		wreg, status,2, status,0, pclath, cstack
 Tracked objects:
		On entry : 
		On exit  : 
		Unchanged: 
 Data sizes:     COMMON   BANK0   BANK1   BANK2   BANK3   BANK4
      Params:         0       0       0       0       0       0
      Locals:         0       0       0       0       0       0
      Temps:          0       0       0       0       0       0
      Totals:         0       0       0       0       0       0
Total ram usage:        0 bytes
 Hardware stack levels used:    1
 Hardware stack levels required when called:    1
 This function calls:
		Absolute function
		_IOCBF3_DefaultInterruptHandler
		_sensor2
 This function is called by:
		_PIN_MANAGER_IOC
 This function uses a non-reentrant model


 *************** function _IOCBF3_DefaultInterruptHandler *****************
 Defined at:
		line 214 in file "mcc_generated_files/pin_manager.c"
 Parameters:    Size  Location     Type
		None
 Auto vars:     Size  Location     Type
		None
 Return value:  Size  Location     Type
                  1    wreg      void 
 Registers used:
		None
 Tracked objects:
		On entry : 
		On exit  : 
		Unchanged: 
 Data sizes:     COMMON   BANK0   BANK1   BANK2   BANK3   BANK4
      Params:         0       0       0       0       0       0
      Locals:         0       0       0       0       0       0
      Temps:          0       0       0       0       0       0
      Totals:         0       0       0       0       0       0
Total ram usage:        0 bytes
 Hardware stack levels used:    1
 This function calls:
		Nothing
 This function is called by:
		_PIN_MANAGER_Initialize
		_IOCBF3_ISR
 This function uses a non-reentrant model


 *************** function _sensor2 *****************
 Defined at:
		line 95 in file "main.c"
 Parameters:    Size  Location     Type
		None
 Auto vars:     Size  Location     Type
		None
 Return value:  Size  Location     Type
                  1    wreg      void 
 Registers used:
		wreg
 Tracked objects:
		On entry : 
		On exit  : 
		Unchanged: 
 Data sizes:     COMMON   BANK0   BANK1   BANK2   BANK3   BANK4
      Params:         0       0       0       0       0       0
      Locals:         0       0       0       0       0       0
      Temps:          1       0       0       0       0       0
      Totals:         1       0       0       0       0       0
Total ram usage:        1 bytes
 Hardware stack levels used:    1
 This function calls:
		Nothing
 This function is called by:
		_main
		_IOCBF3_ISR
 This function uses a non-reentrant model


 *************** function _IOCBF0_ISR *****************
 Defined at:
		line 162 in file "mcc_generated_files/pin_manager.c"
 Parameters:    Size  Location     Type
		None
 Auto vars:     Size  Location     Type
		None
 Return value:  Size  Location     Type
                  1    wreg      void 
 Registers used:
		wreg, status,2, status,0, pclath, cstack
 Tracked objects:
		On entry : 
		On exit  : 
		Unchanged: 
 Data sizes:     COMMON   BANK0   BANK1   BANK2   BANK3   BANK4
      Params:         0       0       0       0       0       0
      Locals:         0       0       0       0       0       0
      Temps:          0       0       0       0       0       0
      Totals:         0       0       0       0       0       0
Total ram usage:        0 bytes
 Hardware stack levels used:    1
 Hardware stack levels required when called:    1
 This function calls:
		Absolute function
		_IOCBF0_DefaultInterruptHandler
		_sensor1
 This function is called by:
		_PIN_MANAGER_IOC
 This function uses a non-reentrant model


 *************** function _IOCBF0_DefaultInterruptHandler *****************
 Defined at:
		line 184 in file "mcc_generated_files/pin_manager.c"
 Parameters:    Size  Location     Type
		None
 Auto vars:     Size  Location     Type
		None
 Return value:  Size  Location     Type
                  1    wreg      void 
 Registers used:
		None
 Tracked objects:
		On entry : 
		On exit  : 
		Unchanged: 
 Data sizes:     COMMON   BANK0   BANK1   BANK2   BANK3   BANK4
      Params:         0       0       0       0       0       0
      Locals:         0       0       0       0       0       0
      Temps:          0       0       0       0       0       0
      Totals:         0       0       0       0       0       0
Total ram usage:        0 bytes
 Hardware stack levels used:    1
 This function calls:
		Nothing
 This function is called by:
		_PIN_MANAGER_Initialize
		_IOCBF0_ISR
 This function uses a non-reentrant model


 *************** function _sensor1 *****************
 Defined at:
		line 89 in file "main.c"
 Parameters:    Size  Location     Type
		None
 Auto vars:     Size  Location     Type
		None
 Return value:  Size  Location     Type
                  1    wreg      void 
 Registers used:
		status,2
 Tracked objects:
		On entry : 
		On exit  : 
		Unchanged: 
 Data sizes:     COMMON   BANK0   BANK1   BANK2   BANK3   BANK4
      Params:         0       0       0       0       0       0
      Locals:         0       0       0       0       0       0
      Temps:          0       0       0       0       0       0
      Totals:         0       0       0       0       0       0
Total ram usage:        0 bytes
 Hardware stack levels used:    1
 This function calls:
		Nothing
 This function is called by:
		_main
		_IOCBF0_ISR
 This function uses a non-reentrant model


 *************** function _CCP4_CaptureISR *****************
 Defined at:
		line 89 in file "mcc_generated_files/ccp4.c"
 Parameters:    Size  Location     Type
		None
 Auto vars:     Size  Location     Type
  module          2    5[COMMON] struct CCPR4Reg_tag
 Return value:  Size  Location     Type
                  1    wreg      void 
 Registers used:
		wreg, status,2, status,0, pclath, cstack
 Tracked objects:
		On entry : 
		On exit  : 
		Unchanged: 
 Data sizes:     COMMON   BANK0   BANK1   BANK2   BANK3   BANK4
      Params:         0       0       0       0       0       0
      Locals:         2       0       0       0       0       0
      Temps:          1       0       0       0       0       0
      Totals:         3       0       0       0       0       0
Total ram usage:        3 bytes
 Hardware stack levels used:    1
 Hardware stack levels required when called:    2
 This function calls:
		Absolute function
		_CCP4_DefaultCallBack
		_get_pulse
 This function is called by:
		_INTERRUPT_InterruptManager
 This function uses a non-reentrant model


 *************** function _CCP4_DefaultCallBack *****************
 Defined at:
		line 60 in file "mcc_generated_files/ccp4.c"
 Parameters:    Size  Location     Type
  capturedValu    2    2[COMMON] unsigned short 
 Auto vars:     Size  Location     Type
		None
 Return value:  Size  Location     Type
                  1    wreg      void 
 Registers used:
		None
 Tracked objects:
		On entry : 
		On exit  : 
		Unchanged: 
 Data sizes:     COMMON   BANK0   BANK1   BANK2   BANK3   BANK4
      Params:         2       0       0       0       0       0
      Locals:         0       0       0       0       0       0
      Temps:          0       0       0       0       0       0
      Totals:         2       0       0       0       0       0
Total ram usage:        2 bytes
 Hardware stack levels used:    1
 This function calls:
		Nothing
 This function is called by:
		_CCP4_Initialize
		_CCP4_CaptureISR
 This function uses a non-reentrant model


 *************** function _get_pulse *****************
 Defined at:
		line 113 in file "main.c"
 Parameters:    Size  Location     Type
  capturedValu    2    2[COMMON] unsigned short 
 Auto vars:     Size  Location     Type
		None
 Return value:  Size  Location     Type
                  1    wreg      void 
 Registers used:
		wreg, status,2, status,0, pclath, cstack
 Tracked objects:
		On entry : 
		On exit  : 
		Unchanged: 
 Data sizes:     COMMON   BANK0   BANK1   BANK2   BANK3   BANK4
      Params:         2       0       0       0       0       0
      Locals:         0       0       0       0       0       0
      Temps:          0       0       0       0       0       0
      Totals:         2       0       0       0       0       0
Total ram usage:        2 bytes
 Hardware stack levels used:    1
 Hardware stack levels required when called:    1
 This function calls:
		_TMR1_WriteTimer
 This function is called by:
		_main
		_CCP4_CaptureISR
 This function uses a non-reentrant model


 *************** function _TMR1_WriteTimer *****************
 Defined at:
		line 113 in file "mcc_generated_files/tmr1.c"
 Parameters:    Size  Location     Type
  timerVal        2    0[COMMON] unsigned short 
 Auto vars:     Size  Location     Type
		None
 Return value:  Size  Location     Type
                  1    wreg      void 
 Registers used:
		wreg, status,2
 Tracked objects:
		On entry : 
		On exit  : 
		Unchanged: 
 Data sizes:     COMMON   BANK0   BANK1   BANK2   BANK3   BANK4
      Params:         2       0       0       0       0       0
      Locals:         0       0       0       0       0       0
      Temps:          0       0       0       0       0       0
      Totals:         2       0       0       0       0       0
Total ram usage:        2 bytes
 Hardware stack levels used:    1
 This function calls:
		Nothing
 This function is called by:
		_get_pulse
		_TMR1_Reload
 This function uses a non-reentrant model



MODULE INFORMATION

Module		Function		Class		Link	Load	Size
mcc_generated_files/fvr.c
		_FVR_Initialize		CODE           	082E	0000	5

mcc_generated_files/fvr.c estimated size: 5

mcc_generated_files/tmr4.c
		_TMR4_ISR      		CODE           	092F	0000	16
		_TMR4_Initialize		CODE           	0970	0000	21
		_TMR4_SetInterruptHandler		CODE           	08B0	0000	10
		_TMR4_DefaultInterruptHandler		CODE           	0003	0000	2

mcc_generated_files/tmr4.c estimated size: 49

C:\Program Files (x86)\Microchip\xc8\v2.10\pic\sources\c99\common\xxtofl.c
		___xxtofl      		CODE           	0CFD	0000	174

C:\Program Files (x86)\Microchip\xc8\v2.10\pic\sources\c99\common\xxtofl.c estimated size: 174

mcc_generated_files/tmr2.c
		_TMR2_Initialize		CODE           	0857	0000	9

mcc_generated_files/tmr2.c estimated size: 9

mcc_generated_files/interrupt_manager.c
		_INTERRUPT_InterruptManager		CODE           	0004	0000	49

mcc_generated_files/interrupt_manager.c estimated size: 49

C:\Program Files (x86)\Microchip\xc8\v2.10\pic\sources\c99\common\fltol.c
		___fltol       		CODE           	0B7D	0000	118

C:\Program Files (x86)\Microchip\xc8\v2.10\pic\sources\c99\common\fltol.c estimated size: 118

mcc_generated_files/pin_manager.c
		_IOCBF3_DefaultInterruptHandler		CODE           	082C	0000	2
		_IOCBF0_ISR    		CODE           	08E4	0000	16
		_PIN_MANAGER_Initialize		CODE           	0B39	0000	69
		_IOCBF3_ISR    		CODE           	08F3	0000	16
		_IOCBF5_SetInterruptHandler		CODE           	089E	0000	10
		_IOCBF4_DefaultInterruptHandler		CODE           	082D	0000	2
		_IOCBF0_SetInterruptHandler		CODE           	0883	0000	10
		_IOCBF4_ISR    		CODE           	0902	0000	16
		_IOCBF3_SetInterruptHandler		CODE           	088C	0000	10
		_PIN_MANAGER_IOC		CODE           	09F2	0000	34
		_IOCBF5_DefaultInterruptHandler		CODE           	0002	0000	2
		_IOCBF5_ISR    		CODE           	0911	0000	16
		_IOCBF4_SetInterruptHandler		CODE           	0895	0000	10
		_IOCBF0_DefaultInterruptHandler		CODE           	082B	0000	2

mcc_generated_files/pin_manager.c estimated size: 215

C:\Program Files (x86)\Microchip\xc8\v2.10\pic\sources\c99\common\sprcmul.c
		___flmul       		CODE           	0053	0000	600

C:\Program Files (x86)\Microchip\xc8\v2.10\pic\sources\c99\common\sprcmul.c estimated size: 600

C:\Program Files (x86)\Microchip\xc8\v2.10\pic\sources\c99\common\sprcdiv.c
		___fldiv       		CODE           	0480	0000	437

C:\Program Files (x86)\Microchip\xc8\v2.10\pic\sources\c99\common\sprcdiv.c estimated size: 437

mcc_generated_files/ccp4.c
		_CCP4_SetCallBack		CODE           	085F	0000	10
		_CCP4_CaptureISR		CODE           	0984	0000	23
		_CCP4_DefaultCallBack		CODE           	082A	0000	2
		_CCP4_Initialize		CODE           	095E	0000	19

mcc_generated_files/ccp4.c estimated size: 54

mcc_generated_files/adc.c
		_ADC_Initialize		CODE           	084F	0000	9
		_ADC_GetConversion		CODE           	0A13	0000	34

mcc_generated_files/adc.c estimated size: 43

shared
		__initialization		CODE           	0036	0000	26

shared estimated size: 26

mcc_generated_files/mcc.c
		_WDT_Initialize		CODE           	0832	0000	5
		_OSCILLATOR_Initialize		CODE           	0848	0000	8
		_SYSTEM_Initialize		CODE           	0A34	0000	35

mcc_generated_files/mcc.c estimated size: 48

mcc_generated_files/pwm3.c
		_PWM3_Initialize		CODE           	08A7	0000	10
		_PWM3_LoadDutyValue		CODE           	099A	0000	29

mcc_generated_files/pwm3.c estimated size: 39

mcc_generated_files/tmr1.c
		_TMR1_Initialize		CODE           	07F0	0000	17
		_TMR1_WriteTimer		CODE           	094D	0000	18

mcc_generated_files/tmr1.c estimated size: 35

C:\Program Files (x86)\Microchip\xc8\v2.10\pic\sources\c99\common\abs.c
		_abs           		CODE           	09B6	0000	29

C:\Program Files (x86)\Microchip\xc8\v2.10\pic\sources\c99\common\abs.c estimated size: 29

C:\Program Files (x86)\Microchip\xc8\v2.10\pic\sources\c99\common\Umul16.c
		___wmul        		CODE           	09D2	0000	33

C:\Program Files (x86)\Microchip\xc8\v2.10\pic\sources\c99\common\Umul16.c estimated size: 33

C:\Program Files (x86)\Microchip\xc8\v2.10\pic\sources\c99\common\Umul8_16.c
		__Umul8_16     		CODE           	0A7A	0000	37

C:\Program Files (x86)\Microchip\xc8\v2.10\pic\sources\c99\common\Umul8_16.c estimated size: 37

mcc_generated_files/eusart.c
		_EUSART_Read   		CODE           	093E	0000	16
		_EUSART_Write  		CODE           	08B9	0000	11
		_EUSART_Initialize		CODE           	0A56	0000	37
		_EUSART_SetFramingErrorHandler		CODE           	0871	0000	10
		_EUSART_SetErrorHandler		CODE           	0868	0000	10
		_EUSART_SetOverrunErrorHandler		CODE           	087A	0000	10
		_EUSART_is_rx_ready		CODE           	0836	0000	6
		_EUSART_is_tx_ready		CODE           	0920	0000	16

mcc_generated_files/eusart.c estimated size: 116

main.c
		_min_up        		CODE           	0E5B	0000	211
		_update        		CODE           	02AA	0000	471
		_sensor1       		CODE           	0841	0000	8
		_sensor4       		CODE           	08D9	0000	12
		_send_data     		CODE           	0AC3	0000	54
		_gerenciamento 		CODE           	0C6E	0000	144
		_main          		CODE           	0AF8	0000	66
		_controle      		CODE           	0634	0000	321
		_get_pulse     		CODE           	0A9E	0000	38
		_comunicacao   		CODE           	0F2D	0000	212
		_sensor3       		CODE           	08CE	0000	12
		_col_down      		CODE           	0BF2	0000	125
		_sensor2       		CODE           	08C3	0000	12
		_max_down      		CODE           	0DAA	0000	178
		_col_up        		CODE           	0774	0000	125

main.c estimated size: 1989

