Microchip MPLAB XC8 Compiler V2.30

Linker command line:

-W-3 --edf=C:\Program Files\Microchip\xc8\v2.30\pic\dat\en_msgs.txt -cn \
  -h+dist/default/production\Projeto_elevador.X.production.sym \
  --cmf=dist/default/production\Projeto_elevador.X.production.cmf -z \
  -Q16F1827 -oC:\Users\Lucas\AppData\Local\Temp\s9scx2 \
  --defsym=__MPLAB_BUILD=1 \
  -Mdist/default/production/Projeto_elevador.X.production.map -E1 \
  -ver=XC8 Compiler --acfsm=1493 -ASTACK=0207Ch-0216Fh -pstack=STACK \
  -ACODE=00h-07FFhx2 -ASTRCODE=00h-0FFFh -ASTRING=00h-0FFhx16 \
  -ACONST=00h-0FFhx16 -AENTRY=00h-0FFhx16 -ACOMMON=070h-07Fh \
  -ABANK0=020h-06Fh -ABANK1=0A0h-0EFh -ABANK2=0120h-016Fh \
  -ABANK3=01A0h-01EFh -ABANK4=0220h-024Fh -ABIGRAM=02000h-0216Fh \
  -ARAM=020h-06Fh,0A0h-0EFh,0120h-016Fh,01A0h-01EFh,0220h-024Fh \
  -AABS1=020h-07Fh,0A0h-0EFh,0120h-016Fh,01A0h-01EFh,0220h-024Fh \
  -ASFR0=00h-01Fh -ASFR1=080h-09Fh -ASFR2=0100h-011Fh -ASFR3=0180h-019Fh \
  -ASFR4=0200h-021Fh -ASFR5=0280h-02EFh -ASFR6=0300h-036Fh \
  -ASFR7=0380h-03EFh -ASFR8=0400h-046Fh -ASFR9=0480h-04EFh \
  -ASFR10=0500h-056Fh -ASFR11=0580h-05EFh -ASFR12=0600h-066Fh \
  -ASFR13=0680h-06EFh -ASFR14=0700h-076Fh -ASFR15=0780h-07EFh \
  -ASFR16=0800h-086Fh -ASFR17=0880h-08EFh -ASFR18=0900h-096Fh \
  -ASFR19=0980h-09EFh -ASFR20=0A00h-0A6Fh -ASFR21=0A80h-0AEFh \
  -ASFR22=0B00h-0B6Fh -ASFR23=0B80h-0BEFh -ASFR24=0C00h-0C6Fh \
  -ASFR25=0C80h-0CEFh -ASFR26=0D00h-0D6Fh -ASFR27=0D80h-0DEFh \
  -ASFR28=0E00h-0E6Fh -ASFR29=0E80h-0EEFh -ASFR30=0F00h-0F6Fh \
  -ASFR31=0F80h-0FEFh -ACONFIG=08007h-08008h -DCONFIG=2 \
  -AIDLOC=08000h-08003h -DIDLOC=2 -AEEDATA=00h-0FFh/0F000h \
  -peeprom_data=EEDATA -DEEDATA=2 -DCODE=2 -DSTRCODE=2 -DSTRING=2 -DCONST=2 \
  -DENTRY=2 -preset_vec=00h,intentry=04h,init,end_init -ppowerup=CODE \
  -pcinit=CODE -pfunctab=ENTRY -k \
  C:\Users\Lucas\AppData\Local\Temp\s9scxe.o \
  dist/default/production\Projeto_elevador.X.production.o 

Object code version is 3.11

Machine type is 16F1827



                Name                               Link     Load   Length Selector   Space Scale
C:\Users\Lucas\AppData\Local\Temp\s9scxe.o
                end_init                             34       34        2        8       0
                reset_vec                             0        0        2        0       0
                config                             8007     8007        2        0       4
dist/default/production\Projeto_elevador.X.production.o
                cinit                                36       36       12        8       0
                intentry                              4        4       30        8       0
                config                             8007     8007        2        0       4
                text55                              F41      F41       11     1E82       0
                text54                              EC1      EC1        C     1D82       0
                text53                              E28      E28        1     1C50       0
                text52                              7E6      7E6       16        8       0
                text51                              E2D      E2D        3     1C5A       0
                text50                              E29      E29        1     1C52       0
                text49                              EE7      EE7        F     1DCE       0
                text48                              E30      E30        4     1C60       0
                text47                              E2A      E2A        1     1C54       0
                text46                              EF6      EF6        F     1DEC       0
                text45                              E3D      E3D        6     1C7A       0
                text44                              E2B      E2B        1     1C56       0
                text43                              F05      F05        F     1E0A       0
                text42                              E43      E43        6     1C86       0
                text41                              E2C      E2C        1     1C58       0
                text40                              F14      F14        F     1E28       0
                text39                              F78      F78       21     1EF0       0
                text38                              EB7      EB7        A     1D6E       0
                text37                              F23      F23        F     1E46       0
                text36                              78F      78F       32        8       0
                text35                                2        2        1        0       0
                text34                              ED9      ED9        E     1DB2       0
                text32                              E68      E68        8     1CD0       0
                text31                              E78      E78        9     1CF0       0
                text30                              F52      F52       12     1EA4       0
                text29                              E81      E81        9     1D02       0
                text28                              E8A      E8A        9     1D14       0
                text27                              E93      E93        9     1D26       0
                text26                              7C1      7C1       25        8       0
                text25                              E34      E34        4     1C68       0
                text24                              E61      E61        7     1CC2       0
                text23                              E49      E49        6     1C92       0
                text22                              E4F      E4F        6     1C9E       0
                text21                              E9C      E9C        9     1D38       0
                text20                              EA5      EA5        9     1D4A       0
                text19                              70A      70A       44        8       0
                text18                              EAE      EAE        9     1D5C       0
                text17                              ECD      ECD        C     1D9A       0
                text16                              E70      E70        8     1CE0       0
                text15                              E55      E55        6     1CAA       0
                text14                              F64      F64       14     1EC8       0
                text13                              7FC      7FC        4        8       0
                text12                              FBA      FBA       22     1F74       0
                text11                              F32      F32        F     1E64       0
                text10                              E38      E38        5     1C70       0
                text9                               29F      29F      1B4        8       0
                text8                               FDC      FDC       24     1FB8       0
                text7                                48       48      257        8       0
                text6                               695      695       75        8       0
                text5                               56F      56F       AD        8       0
                text4                               453      453      11C        8       0
                text3                               F99      F99       21     1F32       0
                text2                               61C      61C       79        8       0
                text1                                 3        3        1        6       0
                maintext                            74E      74E       41        8       0
                cstackBANK0                          20       20       49       20       1
                cstackCOMMON                         70       70        7       70       1
                cstackBANK1                          C3       C3        9       A0       1
                clrtext                             E5B      E5B        6     1CB6       0
                bssBANK1                             A0       A0       17       A0       1
                bssBANK0                             6F       6F        1       20       1
                bssCOMMON                            77       77        4       70       1
                nvBANK1                              B7       B7        C       A0       1
                nvBANK0                              69       69        6       20       1
                nvCOMMON                             7B       7B        2       70       1

TOTAL           Name                               Link     Load   Length     Space
        CLASS   STACK          

        CLASS   CODE           
                end_init                             34       34        2         0
                cinit                                36       36       12         0
                intentry                              4        4       30         0
                reset_vec                             0        0        2         0
                text55                              F41      F41       11         0
                text54                              EC1      EC1        C         0
                text53                              E28      E28        1         0
                text52                              7E6      7E6       16         0
                text51                              E2D      E2D        3         0
                text50                              E29      E29        1         0
                text49                              EE7      EE7        F         0
                text48                              E30      E30        4         0
                text47                              E2A      E2A        1         0
                text46                              EF6      EF6        F         0
                text45                              E3D      E3D        6         0
                text44                              E2B      E2B        1         0
                text43                              F05      F05        F         0
                text42                              E43      E43        6         0
                text41                              E2C      E2C        1         0
                text40                              F14      F14        F         0
                text39                              F78      F78       21         0
                text38                              EB7      EB7        A         0
                text37                              F23      F23        F         0
                text36                              78F      78F       32         0
                text35                                2        2        1         0
                text34                              ED9      ED9        E         0
                text32                              E68      E68        8         0
                text31                              E78      E78        9         0
                text30                              F52      F52       12         0
                text29                              E81      E81        9         0
                text28                              E8A      E8A        9         0
                text27                              E93      E93        9         0
                text26                              7C1      7C1       25         0
                text25                              E34      E34        4         0
                text24                              E61      E61        7         0
                text23                              E49      E49        6         0
                text22                              E4F      E4F        6         0
                text21                              E9C      E9C        9         0
                text20                              EA5      EA5        9         0
                text19                              70A      70A       44         0
                text18                              EAE      EAE        9         0
                text17                              ECD      ECD        C         0
                text16                              E70      E70        8         0
                text15                              E55      E55        6         0
                text14                              F64      F64       14         0
                text13                              7FC      7FC        4         0
                text12                              FBA      FBA       22         0
                text11                              F32      F32        F         0
                text10                              E38      E38        5         0
                text9                               29F      29F      1B4         0
                text8                               FDC      FDC       24         0
                text7                                48       48      257         0
                text6                               695      695       75         0
                text5                               56F      56F       AD         0
                text4                               453      453      11C         0
                text3                               F99      F99       21         0
                text2                               61C      61C       79         0
                text1                                 3        3        1         0
                maintext                            74E      74E       41         0
                clrtext                             E5B      E5B        6         0

        CLASS   STRCODE        

        CLASS   STRING         

        CLASS   CONST          

        CLASS   ENTRY          

        CLASS   COMMON         
                cstackCOMMON                         70       70        7         1
                bssCOMMON                            77       77        4         1
                nvCOMMON                             7B       7B        2         1

        CLASS   BANK0          
                cstackBANK0                          20       20       49         1
                bssBANK0                             6F       6F        1         1
                nvBANK0                              69       69        6         1

        CLASS   BANK1          
                cstackBANK1                          C3       C3        9         1
                bssBANK1                             A0       A0       17         1
                nvBANK1                              B7       B7        C         1

        CLASS   BANK2          

        CLASS   BANK3          

        CLASS   BANK4          

        CLASS   BIGRAM         

        CLASS   RAM            

        CLASS   ABS1           
                abs_s1                               7E       7E        2         1

        CLASS   SFR0           

        CLASS   SFR1           

        CLASS   SFR2           

        CLASS   SFR3           

        CLASS   SFR4           

        CLASS   SFR5           

        CLASS   SFR6           

        CLASS   SFR7           

        CLASS   SFR8           

        CLASS   SFR9           

        CLASS   SFR10          

        CLASS   SFR11          

        CLASS   SFR12          

        CLASS   SFR13          

        CLASS   SFR14          

        CLASS   SFR15          

        CLASS   SFR16          

        CLASS   SFR17          

        CLASS   SFR18          

        CLASS   SFR19          

        CLASS   SFR20          

        CLASS   SFR21          

        CLASS   SFR22          

        CLASS   SFR23          

        CLASS   SFR24          

        CLASS   SFR25          

        CLASS   SFR26          

        CLASS   SFR27          

        CLASS   SFR28          

        CLASS   SFR29          

        CLASS   SFR30          

        CLASS   SFR31          

        CLASS   CONFIG         
                config                             8007     8007        2         4

        CLASS   IDLOC          

        CLASS   EEDATA         

        CLASS   BANK31         

        CLASS   BANK30         

        CLASS   BANK29         

        CLASS   BANK28         

        CLASS   BANK27         

        CLASS   BANK26         

        CLASS   BANK25         

        CLASS   BANK24         

        CLASS   BANK23         

        CLASS   BANK22         

        CLASS   BANK21         

        CLASS   BANK20         

        CLASS   BANK19         

        CLASS   BANK18         

        CLASS   BANK17         

        CLASS   BANK16         

        CLASS   BANK15         

        CLASS   BANK14         

        CLASS   BANK13         

        CLASS   BANK12         

        CLASS   BANK11         

        CLASS   BANK10         

        CLASS   BANK9          

        CLASS   BANK8          

        CLASS   BANK7          

        CLASS   BANK6          

        CLASS   BANK5          



SEGMENTS        Name                           Load    Length   Top    Selector   Space  Class     Delta

                reset_vec                      000000  000003  000003         0       0  CODE        2
                text1                          000003  000001  000004         6       0  CODE        2
                intentry                       000004  0007FC  000800         8       0  CODE        2
                cstackBANK0                    000020  000050  000070        20       1  BANK0       1
                cstackCOMMON                   000070  00000D  00007D        70       1  COMMON      1
                bssBANK1                       0000A0  00002C  0000CC        A0       1  BANK1       1
                text53                         000E28  000001  000E29      1C50       0  CODE        2
                text50                         000E29  000001  000E2A      1C52       0  CODE        2
                text47                         000E2A  000001  000E2B      1C54       0  CODE        2
                text44                         000E2B  000001  000E2C      1C56       0  CODE        2
                text41                         000E2C  000001  000E2D      1C58       0  CODE        2
                text51                         000E2D  000003  000E30      1C5A       0  CODE        2
                text48                         000E30  000004  000E34      1C60       0  CODE        2
                text25                         000E34  000004  000E38      1C68       0  CODE        2
                text10                         000E38  000005  000E3D      1C70       0  CODE        2
                text45                         000E3D  000006  000E43      1C7A       0  CODE        2
                text42                         000E43  000006  000E49      1C86       0  CODE        2
                text23                         000E49  000006  000E4F      1C92       0  CODE        2
                text22                         000E4F  000006  000E55      1C9E       0  CODE        2
                text15                         000E55  000006  000E5B      1CAA       0  CODE        2
                clrtext                        000E5B  000006  000E61      1CB6       0  CODE        2
                text24                         000E61  000007  000E68      1CC2       0  CODE        2
                text32                         000E68  000008  000E70      1CD0       0  CODE        2
                text16                         000E70  000008  000E78      1CE0       0  CODE        2
                text31                         000E78  000009  000E81      1CF0       0  CODE        2
                text29                         000E81  000009  000E8A      1D02       0  CODE        2
                text28                         000E8A  000009  000E93      1D14       0  CODE        2
                text27                         000E93  000009  000E9C      1D26       0  CODE        2
                text21                         000E9C  000009  000EA5      1D38       0  CODE        2
                text20                         000EA5  000009  000EAE      1D4A       0  CODE        2
                text18                         000EAE  000009  000EB7      1D5C       0  CODE        2
                text38                         000EB7  00000A  000EC1      1D6E       0  CODE        2
                text54                         000EC1  00000C  000ECD      1D82       0  CODE        2
                text17                         000ECD  00000C  000ED9      1D9A       0  CODE        2
                text34                         000ED9  00000E  000EE7      1DB2       0  CODE        2
                text49                         000EE7  00000F  000EF6      1DCE       0  CODE        2
                text46                         000EF6  00000F  000F05      1DEC       0  CODE        2
                text43                         000F05  00000F  000F14      1E0A       0  CODE        2
                text40                         000F14  00000F  000F23      1E28       0  CODE        2
                text37                         000F23  00000F  000F32      1E46       0  CODE        2
                text11                         000F32  00000F  000F41      1E64       0  CODE        2
                text55                         000F41  000011  000F52      1E82       0  CODE        2
                text30                         000F52  000012  000F64      1EA4       0  CODE        2
                text14                         000F64  000014  000F78      1EC8       0  CODE        2
                text39                         000F78  000021  000F99      1EF0       0  CODE        2
                text3                          000F99  000021  000FBA      1F32       0  CODE        2
                text12                         000FBA  000022  000FDC      1F74       0  CODE        2
                text8                          000FDC  000024  001000      1FB8       0  CODE        2


UNUSED ADDRESS RANGES

        Name                Unused          Largest block    Delta
        BANK1            000CC-000EF              24           1
        BANK2            00120-0016F              50           1
        BANK3            001A0-001EF              50           1
        BANK4            00220-0024F              30           1
        BIGRAM           02000-0216F             170           1
        CODE             00800-00E27             628           2
        COMMON           0007D-0007D               1           1
        CONST            00800-00E27             100           2
        EEDATA           0F000-0F0FF             100           2
        ENTRY            00800-00E27             100           2
        IDLOC            08000-08003               4           2
        RAM              000CC-000EF              24           1
                         00120-0016F              50
                         001A0-001EF              50
                         00220-0024F              30
        SFR0             00000-0001F              20           1
        SFR1             00080-0009F              20           1
        SFR10            00500-0056F              70           1
        SFR11            00580-005EF              70           1
        SFR12            00600-0066F              70           1
        SFR13            00680-006EF              70           1
        SFR14            00700-0076F              70           1
        SFR15            00780-007EF              70           1
        SFR16            00800-0086F              70           1
        SFR17            00880-008EF              70           1
        SFR18            00900-0096F              70           1
        SFR19            00980-009EF              70           1
        SFR2             00100-0011F              20           1
        SFR20            00A00-00A6F              70           1
        SFR21            00A80-00AEF              70           1
        SFR22            00B00-00B6F              70           1
        SFR23            00B80-00BEF              70           1
        SFR24            00C00-00C6F              70           1
        SFR25            00C80-00CEF              70           1
        SFR26            00D00-00D6F              70           1
        SFR27            00D80-00DEF              70           1
        SFR28            00E00-00E6F              70           1
        SFR29            00E80-00EEF              70           1
        SFR3             00180-0019F              20           1
        SFR30            00F00-00F6F              70           1
        SFR31            00F80-00FEF              70           1
        SFR4             00200-0021F              20           1
        SFR5             00280-002EF              70           1
        SFR6             00300-0036F              70           1
        SFR7             00380-003EF              70           1
        SFR8             00400-0046F              70           1
        SFR9             00480-004EF              70           1
        STACK            0207C-0216F              F4           1
        STRCODE          00800-00E27             628           2
        STRING           00800-00E27             100           2

                                  Symbol Table

?_ADC_GetConversion                            cstackBANK0  00020
?__Umul8_16                                    cstackBANK0  00020
?___fldiv                                      cstackBANK0  0004C
?___flmul                                      cstackBANK0  00032
?___fltol                                      cstackBANK0  00020
?___xxtofl                                     cstackBANK0  00024
ADC_GetConversion@channel                      cstackBANK0  00023
CCP4_CaptureISR@module                         cstackCOMMON 00075
CCP4_SetCallBack@customCallBack                cstackBANK0  00020
EUSART_SetErrorHandler@interruptHandler        cstackBANK0  00020
EUSART_SetFramingErrorHandler@interruptHandler cstackBANK0  00020
EUSART_SetOverrunErrorHandler@interruptHandler cstackBANK0  00020
EUSART_Write@txData                            cstackCOMMON 00070
IOCBF0_SetInterruptHandler@InterruptHandler    cstackBANK0  00020
IOCBF3_SetInterruptHandler@InterruptHandler    cstackBANK0  00020
IOCBF4_SetInterruptHandler@InterruptHandler    cstackBANK0  00020
IOCBF5_SetInterruptHandler@InterruptHandler    cstackBANK0  00020
TMR1_WriteTimer@timerVal                       cstackCOMMON 00070
TMR4_SetInterruptHandler@InterruptHandler      cstackBANK0  00020
_ADCON0                                        (abs)        0009D
_ADCON0bits                                    (abs)        0009D
_ADCON1                                        (abs)        0009E
_ADC_GetConversion                             text3        00F99
_ADC_Initialize                                text32       00E68
_ADRESH                                        (abs)        0009C
_ADRESL                                        (abs)        0009B
_ANSELA                                        (abs)        0018C
_ANSELB                                        (abs)        0018D
_APFCON0                                       (abs)        0011D
_APFCON1                                       (abs)        0011E
_BAUDCON                                       (abs)        0019F
_BORCON                                        (abs)        00116
_CCP3CON                                       (abs)        00313
_CCP4CON                                       (abs)        0031A
_CCP4_CallBack                                 nvBANK1      000BB
_CCP4_CaptureISR                               text52       007E6
_CCP4_DefaultCallBack                          text53       00E28
_CCP4_Initialize                               text30       00F52
_CCP4_SetCallBack                              text31       00E78
_CCPR3H                                        (abs)        00312
_CCPR3L                                        (abs)        00311
_CCPR4H                                        (abs)        00319
_CCPR4L                                        (abs)        00318
_CCPTMRS0bits                                  (abs)        0029E
_EUSART_DefaultErrorHandler                    (abs)        00000
_EUSART_DefaultFramingErrorHandler             (abs)        00000
_EUSART_DefaultOverrunErrorHandler             (abs)        00000
_EUSART_ErrorHandler                           nvBANK1      000BD
_EUSART_FramingErrorHandler                    nvBANK1      000C1
_EUSART_Initialize                             text26       007C1
_EUSART_OverrunErrorHandler                    nvBANK1      000BF
_EUSART_Read                                   text11       00F32
_EUSART_SetErrorHandler                        text29       00E81
_EUSART_SetFramingErrorHandler                 text28       00E8A
_EUSART_SetOverrunErrorHandler                 text27       00E93
_EUSART_Write                                  text38       00EB7
_EUSART_is_rx_ready                            text10       00E38
_EUSART_is_tx_ready                            text37       00F23
_EUSART_is_tx_ready$167                        cstackCOMMON 00070
_FVRCON                                        (abs)        00117
_FVRCONbits                                    (abs)        00117
_FVR_Initialize                                text25       00E34
_INTCONbits                                    (abs)        0000B
_INTERRUPT_InterruptManager                    intentry     00004
_IOCBF0_DefaultInterruptHandler                text50       00E29
_IOCBF0_ISR                                    text49       00EE7
_IOCBF0_InterruptHandler                       nvBANK0      0006B
_IOCBF0_SetInterruptHandler                    text23       00E49
_IOCBF3_DefaultInterruptHandler                text47       00E2A
_IOCBF3_ISR                                    text46       00EF6
_IOCBF3_InterruptHandler                       nvBANK0      00069
_IOCBF3_SetInterruptHandler                    text22       00E4F
_IOCBF4_DefaultInterruptHandler                text44       00E2B
_IOCBF4_ISR                                    text43       00F05
_IOCBF4_InterruptHandler                       nvBANK1      000B9
_IOCBF4_SetInterruptHandler                    text21       00E9C
_IOCBF5_DefaultInterruptHandler                text41       00E2C
_IOCBF5_ISR                                    text40       00F14
_IOCBF5_InterruptHandler                       nvBANK1      000B7
_IOCBF5_SetInterruptHandler                    text20       00EA5
_IOCBFbits                                     (abs)        00396
_IOCBNbits                                     (abs)        00395
_IOCBPbits                                     (abs)        00394
_I_m                                           bssBANK1     000AF
_LATA                                          (abs)        0010C
_LATB                                          (abs)        0010D
_OPTION_REGbits                                (abs)        00095
_OSCCON                                        (abs)        00099
_OSCILLATOR_Initialize                         text24       00E61
_OSCTUNE                                       (abs)        00098
_PIE3bits                                      (abs)        00093
_PIN_MANAGER_IOC                               text39       00F78
_PIN_MANAGER_Initialize                        text19       0070A
_PIR1bits                                      (abs)        00011
_PIR3bits                                      (abs)        00013
_PR2                                           (abs)        0001B
_PR4                                           (abs)        00416
_PWM3_Initialize                               text18       00EAE
_RCREG                                         (abs)        00199
_RCSTA                                         (abs)        0019D
_RCSTAbits                                     (abs)        0019D
_SPBRGH                                        (abs)        0019C
_SPBRGL                                        (abs)        0019B
_SYSTEM_Initialize                             text12       00FBA
_T1CON                                         (abs)        00018
_T1CONbits                                     (abs)        00018
_T1GCON                                        (abs)        00019
_T1GCONbits                                    (abs)        00019
_T2CON                                         (abs)        0001C
_T2CONbits                                     (abs)        0001C
_T4CON                                         (abs)        00417
_T4CONbits                                     (abs)        00417
_TMR1H                                         (abs)        00017
_TMR1L                                         (abs)        00016
_TMR1_Initialize                               text17       00ECD
_TMR1_WriteTimer                               text55       00F41
_TMR2                                          (abs)        0001A
_TMR2_Initialize                               text16       00E70
_TMR4                                          (abs)        00415
_TMR4_DefaultInterruptHandler                  text35       00002
_TMR4_ISR                                      text34       00ED9
_TMR4_Initialize                               text14       00F64
_TMR4_InterruptHandler                         nvBANK0      0006D
_TMR4_SetInterruptHandler                      text15       00E55
_TRISA                                         (abs)        0008C
_TRISB                                         (abs)        0008D
_TXREG                                         (abs)        0019A
_TXSTA                                         (abs)        0019E
_TXSTAbits                                     (abs)        0019E
_WDTCON                                        (abs)        00097
_WDT_Initialize                                text13       007FC
_WPUA                                          (abs)        0020C
_WPUB                                          (abs)        0020D
__Habs1                                        abs1         00000
__Hbank0                                       bank0        00000
__Hbank1                                       bank1        00000
__Hbank10                                      bank10       00000
__Hbank11                                      bank11       00000
__Hbank12                                      bank12       00000
__Hbank13                                      bank13       00000
__Hbank14                                      bank14       00000
__Hbank15                                      bank15       00000
__Hbank16                                      bank16       00000
__Hbank17                                      bank17       00000
__Hbank18                                      bank18       00000
__Hbank19                                      bank19       00000
__Hbank2                                       bank2        00000
__Hbank20                                      bank20       00000
__Hbank21                                      bank21       00000
__Hbank22                                      bank22       00000
__Hbank23                                      bank23       00000
__Hbank24                                      bank24       00000
__Hbank25                                      bank25       00000
__Hbank26                                      bank26       00000
__Hbank27                                      bank27       00000
__Hbank28                                      bank28       00000
__Hbank29                                      bank29       00000
__Hbank3                                       bank3        00000
__Hbank30                                      bank30       00000
__Hbank31                                      bank31       00000
__Hbank4                                       bank4        00000
__Hbank5                                       bank5        00000
__Hbank6                                       bank6        00000
__Hbank7                                       bank7        00000
__Hbank8                                       bank8        00000
__Hbank9                                       bank9        00000
__Hbigram                                      bigram       00000
__HbssBANK0                                    bssBANK0     00000
__HbssBANK1                                    bssBANK1     00000
__HbssCOMMON                                   bssCOMMON    00000
__Hcinit                                       cinit        00048
__Hclrtext                                     clrtext      00000
__Hcode                                        code         00000
__Hcommon                                      common       00000
__Hconfig                                      config       08009
__HcstackBANK0                                 cstackBANK0  00000
__HcstackBANK1                                 cstackBANK1  00000
__HcstackCOMMON                                cstackCOMMON 00000
__Heeprom_data                                 eeprom_data  00000
__Hend_init                                    end_init     00036
__Hfunctab                                     functab      00000
__Hinit                                        init         00034
__Hintentry                                    intentry     00034
__Hmaintext                                    maintext     00000
__HnvBANK0                                     nvBANK0      00000
__HnvBANK1                                     nvBANK1      00000
__HnvCOMMON                                    nvCOMMON     00000
__Hpowerup                                     powerup      00000
__Hram                                         ram          00000
__Hreset_vec                                   reset_vec    00002
__Hsfr0                                        sfr0         00000
__Hsfr1                                        sfr1         00000
__Hsfr10                                       sfr10        00000
__Hsfr11                                       sfr11        00000
__Hsfr12                                       sfr12        00000
__Hsfr13                                       sfr13        00000
__Hsfr14                                       sfr14        00000
__Hsfr15                                       sfr15        00000
__Hsfr16                                       sfr16        00000
__Hsfr17                                       sfr17        00000
__Hsfr18                                       sfr18        00000
__Hsfr19                                       sfr19        00000
__Hsfr2                                        sfr2         00000
__Hsfr20                                       sfr20        00000
__Hsfr21                                       sfr21        00000
__Hsfr22                                       sfr22        00000
__Hsfr23                                       sfr23        00000
__Hsfr24                                       sfr24        00000
__Hsfr25                                       sfr25        00000
__Hsfr26                                       sfr26        00000
__Hsfr27                                       sfr27        00000
__Hsfr28                                       sfr28        00000
__Hsfr29                                       sfr29        00000
__Hsfr3                                        sfr3         00000
__Hsfr30                                       sfr30        00000
__Hsfr31                                       sfr31        00000
__Hsfr4                                        sfr4         00000
__Hsfr5                                        sfr5         00000
__Hsfr6                                        sfr6         00000
__Hsfr7                                        sfr7         00000
__Hsfr8                                        sfr8         00000
__Hsfr9                                        sfr9         00000
__Hspace_0                                     (abs)        01000
__Hspace_1                                     (abs)        000CC
__Hspace_2                                     (abs)        00000
__Hspace_3                                     (abs)        00000
__Hspace_4                                     (abs)        10010
__Hstack                                       stack        00000
__Hstrings                                     strings      00000
__Htext                                        text         00000
__Labs1                                        abs1         00000
__Lbank0                                       bank0        00000
__Lbank1                                       bank1        00000
__Lbank10                                      bank10       00000
__Lbank11                                      bank11       00000
__Lbank12                                      bank12       00000
__Lbank13                                      bank13       00000
__Lbank14                                      bank14       00000
__Lbank15                                      bank15       00000
__Lbank16                                      bank16       00000
__Lbank17                                      bank17       00000
__Lbank18                                      bank18       00000
__Lbank19                                      bank19       00000
__Lbank2                                       bank2        00000
__Lbank20                                      bank20       00000
__Lbank21                                      bank21       00000
__Lbank22                                      bank22       00000
__Lbank23                                      bank23       00000
__Lbank24                                      bank24       00000
__Lbank25                                      bank25       00000
__Lbank26                                      bank26       00000
__Lbank27                                      bank27       00000
__Lbank28                                      bank28       00000
__Lbank29                                      bank29       00000
__Lbank3                                       bank3        00000
__Lbank30                                      bank30       00000
__Lbank31                                      bank31       00000
__Lbank4                                       bank4        00000
__Lbank5                                       bank5        00000
__Lbank6                                       bank6        00000
__Lbank7                                       bank7        00000
__Lbank8                                       bank8        00000
__Lbank9                                       bank9        00000
__Lbigram                                      bigram       00000
__LbssBANK0                                    bssBANK0     00000
__LbssBANK1                                    bssBANK1     00000
__LbssCOMMON                                   bssCOMMON    00000
__Lcinit                                       cinit        00036
__Lclrtext                                     clrtext      00000
__Lcode                                        code         00000
__Lcommon                                      common       00000
__Lconfig                                      config       00000
__LcstackBANK0                                 cstackBANK0  00000
__LcstackBANK1                                 cstackBANK1  00000
__LcstackCOMMON                                cstackCOMMON 00000
__Leeprom_data                                 eeprom_data  00000
__Lend_init                                    end_init     00034
__Lfunctab                                     functab      00000
__Linit                                        init         00034
__Lintentry                                    intentry     00004
__Lmaintext                                    maintext     00000
__LnvBANK0                                     nvBANK0      00000
__LnvBANK1                                     nvBANK1      00000
__LnvCOMMON                                    nvCOMMON     00000
__Lpowerup                                     powerup      00000
__Lram                                         ram          00000
__Lreset_vec                                   reset_vec    00000
__Lsfr0                                        sfr0         00000
__Lsfr1                                        sfr1         00000
__Lsfr10                                       sfr10        00000
__Lsfr11                                       sfr11        00000
__Lsfr12                                       sfr12        00000
__Lsfr13                                       sfr13        00000
__Lsfr14                                       sfr14        00000
__Lsfr15                                       sfr15        00000
__Lsfr16                                       sfr16        00000
__Lsfr17                                       sfr17        00000
__Lsfr18                                       sfr18        00000
__Lsfr19                                       sfr19        00000
__Lsfr2                                        sfr2         00000
__Lsfr20                                       sfr20        00000
__Lsfr21                                       sfr21        00000
__Lsfr22                                       sfr22        00000
__Lsfr23                                       sfr23        00000
__Lsfr24                                       sfr24        00000
__Lsfr25                                       sfr25        00000
__Lsfr26                                       sfr26        00000
__Lsfr27                                       sfr27        00000
__Lsfr28                                       sfr28        00000
__Lsfr29                                       sfr29        00000
__Lsfr3                                        sfr3         00000
__Lsfr30                                       sfr30        00000
__Lsfr31                                       sfr31        00000
__Lsfr4                                        sfr4         00000
__Lsfr5                                        sfr5         00000
__Lsfr6                                        sfr6         00000
__Lsfr7                                        sfr7         00000
__Lsfr8                                        sfr8         00000
__Lsfr9                                        sfr9         00000
__Lspace_0                                     (abs)        00000
__Lspace_1                                     (abs)        00000
__Lspace_2                                     (abs)        00000
__Lspace_3                                     (abs)        00000
__Lspace_4                                     (abs)        00000
__Lstack                                       stack        00000
__Lstrings                                     strings      00000
__Ltext                                        text         00000
__S0                                           (abs)        01000
__S1                                           (abs)        000CC
__S2                                           (abs)        00000
__S3                                           (abs)        00000
__Umul8_16                                     text8        00FDC
__Umul8_16@multiplicand                        cstackBANK0  00020
__Umul8_16@multiplier                          cstackBANK0  00028
__Umul8_16@product                             cstackBANK0  00024
__Umul8_16@word_mpld                           cstackBANK0  00026
___fldiv                                       text9        0029F
___fldiv@a                                     cstackBANK0  0004C
___fldiv@aexp                                  cstackBANK0  00065
___fldiv@b                                     cstackBANK0  00050
___fldiv@bexp                                  cstackBANK0  00064
___fldiv@grs                                   cstackBANK0  00060
___fldiv@new_exp                               cstackBANK0  0005E
___fldiv@rem                                   cstackBANK0  00059
___fldiv@sign                                  cstackBANK0  0005D
___flmul                                       text7        00048
___flmul@a                                     cstackBANK0  00036
___flmul@aexp                                  cstackBANK0  00044
___flmul@b                                     cstackBANK0  00032
___flmul@bexp                                  cstackBANK0  00045
___flmul@grs                                   cstackBANK0  00040
___flmul@prod                                  cstackBANK0  00046
___flmul@sign                                  cstackBANK0  0003F
___flmul@temp                                  cstackBANK0  0004A
___fltol                                       text6        00695
___fltol@exp1                                  cstackBANK0  0002A
___fltol@f1                                    cstackBANK0  00020
___fltol@sign1                                 cstackBANK0  00029
___int_sp                                      stack        00000
___latbits                                     (abs)        00001
___sp                                          stack        00000
___stackhi                                     (abs)        0216F
___stacklo                                     (abs)        0207C
___xxtofl                                      text5        0056F
___xxtofl@arg                                  cstackBANK0  0002E
___xxtofl@exp                                  cstackBANK0  0002D
___xxtofl@sign                                 cstackBANK0  0002C
___xxtofl@val                                  cstackBANK0  00024
__end_of_ADC_GetConversion                     text3        00FBA
__end_of_ADC_Initialize                        text32       00E70
__end_of_CCP4_CaptureISR                       text52       007FC
__end_of_CCP4_DefaultCallBack                  text53       00E29
__end_of_CCP4_Initialize                       text30       00F64
__end_of_CCP4_SetCallBack                      text31       00E81
__end_of_EUSART_Initialize                     text26       007E6
__end_of_EUSART_Read                           text11       00F41
__end_of_EUSART_SetErrorHandler                text29       00E8A
__end_of_EUSART_SetFramingErrorHandler         text28       00E93
__end_of_EUSART_SetOverrunErrorHandler         text27       00E9C
__end_of_EUSART_Write                          text38       00EC1
__end_of_EUSART_is_rx_ready                    text10       00E3D
__end_of_EUSART_is_tx_ready                    text37       00F32
__end_of_FVR_Initialize                        text25       00E38
__end_of_INTERRUPT_InterruptManager            intentry     00034
__end_of_IOCBF0_DefaultInterruptHandler        text50       00E2A
__end_of_IOCBF0_ISR                            text49       00EF6
__end_of_IOCBF0_SetInterruptHandler            text23       00E4F
__end_of_IOCBF3_DefaultInterruptHandler        text47       00E2B
__end_of_IOCBF3_ISR                            text46       00F05
__end_of_IOCBF3_SetInterruptHandler            text22       00E55
__end_of_IOCBF4_DefaultInterruptHandler        text44       00E2C
__end_of_IOCBF4_ISR                            text43       00F14
__end_of_IOCBF4_SetInterruptHandler            text21       00EA5
__end_of_IOCBF5_DefaultInterruptHandler        text41       00E2D
__end_of_IOCBF5_ISR                            text40       00F23
__end_of_IOCBF5_SetInterruptHandler            text20       00EAE
__end_of_OSCILLATOR_Initialize                 text24       00E68
__end_of_PIN_MANAGER_IOC                       text39       00F99
__end_of_PIN_MANAGER_Initialize                text19       0074E
__end_of_PWM3_Initialize                       text18       00EB7
__end_of_SYSTEM_Initialize                     text12       00FDC
__end_of_TMR1_Initialize                       text17       00ED9
__end_of_TMR1_WriteTimer                       text55       00F52
__end_of_TMR2_Initialize                       text16       00E78
__end_of_TMR4_DefaultInterruptHandler          text35       00003
__end_of_TMR4_ISR                              text34       00EE7
__end_of_TMR4_Initialize                       text14       00F78
__end_of_TMR4_SetInterruptHandler              text15       00E5B
__end_of_WDT_Initialize                        text13       00800
__end_of__Umul8_16                             text8        01000
__end_of___fldiv                               text9        00453
__end_of___flmul                               text7        0029F
__end_of___fltol                               text6        0070A
__end_of___xxtofl                              text5        0061C
__end_of__initialization                       cinit        00044
__end_of_comunicacao                           text4        0056F
__end_of_controle                              text2        00695
__end_of_gerenciamento                         text1        00004
__end_of_get_pulse                             text54       00ECD
__end_of_main                                  maintext     0078F
__end_of_send_data                             text36       007C1
__end_of_sensor1                               text51       00E30
__end_of_sensor2                               text48       00E34
__end_of_sensor3                               text45       00E43
__end_of_sensor4                               text42       00E49
__initialization                               cinit        00036
__pbssBANK0                                    bssBANK0     0006F
__pbssBANK1                                    bssBANK1     000A0
__pbssCOMMON                                   bssCOMMON    00077
__pcstackBANK0                                 cstackBANK0  00020
__pcstackBANK1                                 cstackBANK1  000C3
__pcstackCOMMON                                cstackCOMMON 00070
__pintentry                                    intentry     00004
__pmaintext                                    maintext     0074E
__pnvBANK0                                     nvBANK0      00069
__pnvBANK1                                     nvBANK1      000B7
__pnvCOMMON                                    nvCOMMON     0007B
__ptext1                                       text1        00003
__ptext10                                      text10       00E38
__ptext11                                      text11       00F32
__ptext12                                      text12       00FBA
__ptext13                                      text13       007FC
__ptext14                                      text14       00F64
__ptext15                                      text15       00E55
__ptext16                                      text16       00E70
__ptext17                                      text17       00ECD
__ptext18                                      text18       00EAE
__ptext19                                      text19       0070A
__ptext2                                       text2        0061C
__ptext20                                      text20       00EA5
__ptext21                                      text21       00E9C
__ptext22                                      text22       00E4F
__ptext23                                      text23       00E49
__ptext24                                      text24       00E61
__ptext25                                      text25       00E34
__ptext26                                      text26       007C1
__ptext27                                      text27       00E93
__ptext28                                      text28       00E8A
__ptext29                                      text29       00E81
__ptext3                                       text3        00F99
__ptext30                                      text30       00F52
__ptext31                                      text31       00E78
__ptext32                                      text32       00E68
__ptext34                                      text34       00ED9
__ptext35                                      text35       00002
__ptext36                                      text36       0078F
__ptext37                                      text37       00F23
__ptext38                                      text38       00EB7
__ptext39                                      text39       00F78
__ptext4                                       text4        00453
__ptext40                                      text40       00F14
__ptext41                                      text41       00E2C
__ptext42                                      text42       00E43
__ptext43                                      text43       00F05
__ptext44                                      text44       00E2B
__ptext45                                      text45       00E3D
__ptext46                                      text46       00EF6
__ptext47                                      text47       00E2A
__ptext48                                      text48       00E30
__ptext49                                      text49       00EE7
__ptext5                                       text5        0056F
__ptext50                                      text50       00E29
__ptext51                                      text51       00E2D
__ptext52                                      text52       007E6
__ptext53                                      text53       00E28
__ptext54                                      text54       00EC1
__ptext55                                      text55       00F41
__ptext6                                       text6        00695
__ptext7                                       text7        00048
__ptext8                                       text8        00FDC
__ptext9                                       text9        0029F
__size_of_ADC_GetConversion                    (abs)        00000
__size_of_ADC_Initialize                       (abs)        00000
__size_of_CCP4_CaptureISR                      (abs)        00000
__size_of_CCP4_DefaultCallBack                 (abs)        00000
__size_of_CCP4_Initialize                      (abs)        00000
__size_of_CCP4_SetCallBack                     (abs)        00000
__size_of_EUSART_Initialize                    (abs)        00000
__size_of_EUSART_Read                          (abs)        00000
__size_of_EUSART_SetErrorHandler               (abs)        00000
__size_of_EUSART_SetFramingErrorHandler        (abs)        00000
__size_of_EUSART_SetOverrunErrorHandler        (abs)        00000
__size_of_EUSART_Write                         (abs)        00000
__size_of_EUSART_is_rx_ready                   (abs)        00000
__size_of_EUSART_is_tx_ready                   (abs)        00000
__size_of_FVR_Initialize                       (abs)        00000
__size_of_INTERRUPT_InterruptManager           (abs)        00000
__size_of_IOCBF0_DefaultInterruptHandler       (abs)        00000
__size_of_IOCBF0_ISR                           (abs)        00000
__size_of_IOCBF0_SetInterruptHandler           (abs)        00000
__size_of_IOCBF3_DefaultInterruptHandler       (abs)        00000
__size_of_IOCBF3_ISR                           (abs)        00000
__size_of_IOCBF3_SetInterruptHandler           (abs)        00000
__size_of_IOCBF4_DefaultInterruptHandler       (abs)        00000
__size_of_IOCBF4_ISR                           (abs)        00000
__size_of_IOCBF4_SetInterruptHandler           (abs)        00000
__size_of_IOCBF5_DefaultInterruptHandler       (abs)        00000
__size_of_IOCBF5_ISR                           (abs)        00000
__size_of_IOCBF5_SetInterruptHandler           (abs)        00000
__size_of_OSCILLATOR_Initialize                (abs)        00000
__size_of_PIN_MANAGER_IOC                      (abs)        00000
__size_of_PIN_MANAGER_Initialize               (abs)        00000
__size_of_PWM3_Initialize                      (abs)        00000
__size_of_SYSTEM_Initialize                    (abs)        00000
__size_of_TMR1_Initialize                      (abs)        00000
__size_of_TMR1_WriteTimer                      (abs)        00000
__size_of_TMR2_Initialize                      (abs)        00000
__size_of_TMR4_DefaultInterruptHandler         (abs)        00000
__size_of_TMR4_ISR                             (abs)        00000
__size_of_TMR4_Initialize                      (abs)        00000
__size_of_TMR4_SetInterruptHandler             (abs)        00000
__size_of_WDT_Initialize                       (abs)        00000
__size_of__Umul8_16                            (abs)        00000
__size_of___fldiv                              (abs)        00000
__size_of___flmul                              (abs)        00000
__size_of___fltol                              (abs)        00000
__size_of___xxtofl                             (abs)        00000
__size_of_comunicacao                          (abs)        00000
__size_of_controle                             (abs)        00000
__size_of_gerenciamento                        (abs)        00000
__size_of_get_pulse                            (abs)        00000
__size_of_main                                 (abs)        00000
__size_of_send_data                            (abs)        00000
__size_of_sensor1                              (abs)        00000
__size_of_sensor2                              (abs)        00000
__size_of_sensor3                              (abs)        00000
__size_of_sensor4                              (abs)        00000
_and_ating                                     bssBANK1     000A9
_and_dst                                       bssBANK1     000A7
_and_origem                                    bssBANK1     000A5
_aux_tempo                                     bssCOMMON    00077
_byte                                          bssBANK1     000A0
_ccp_value                                     bssBANK1     000B3
_comunicacao                                   text4        00453
_controle                                      text2        0061C
_eusartRxLastError                             bssBANK0     0006F
_gerenciamento                                 text1        00003
_get_pulse                                     text54       00EC1
_main                                          maintext     0074E
_pulses                                        bssBANK1     000B5
_send_data                                     text36       0078F
_sensor1                                       text51       00E2D
_sensor2                                       text48       00E30
_sensor3                                       text45       00E3D
_sensor4                                       text42       00E43
_temp_mt                                       bssBANK1     000AB
_timer1ReloadVal                               nvCOMMON     0007B
btemp                                          (abs)        0007E
clear_ram0                                     clrtext      00E5B
comunicacao@aux                                cstackBANK1  000CB
comunicacao@position                           cstackBANK1  000C7
comunicacao@speed                              cstackBANK1  000C3
end_of_initialization                          cinit        00044
get_pulse@capturedValue                        cstackCOMMON 00072
int$flags                                      (abs)        0007E
intlevel0                                      functab      00000
intlevel1                                      functab      00000
intlevel2                                      functab      00000
intlevel3                                      functab      00000
intlevel4                                      functab      00000
intlevel5                                      functab      00000
reset_vec                                      reset_vec    00000
send_data@i                                    cstackCOMMON 00072
start                                          init         00034
start_initialization                           cinit        00036
wtemp0                                         (abs)        0007E


FUNCTION INFORMATION:

 *************** function _main *****************
 Defined at:
		line 91 in file "main.c"
 Parameters:    Size  Location     Type
		None
 Auto vars:     Size  Location     Type
		None
 Return value:  Size  Location     Type
                  1    wreg      void 
 Registers used:
		wreg, status,2, status,0, pclath, cstack
 Tracked objects:
		On entry : 
		On exit  : 
		Unchanged: 
 Data sizes:     COMMON   BANK0   BANK1   BANK2   BANK3   BANK4
      Params:         0       0       0       0       0       0
      Locals:         0       0       0       0       0       0
      Temps:          0       0       0       0       0       0
      Totals:         0       0       0       0       0       0
Total ram usage:        0 bytes
 Hardware stack levels required when called:    7
 This function calls:
		_CCP4_SetCallBack
		_IOCBF0_SetInterruptHandler
		_IOCBF3_SetInterruptHandler
		_IOCBF4_SetInterruptHandler
		_IOCBF5_SetInterruptHandler
		_SYSTEM_Initialize
		_TMR4_SetInterruptHandler
		_comunicacao
		_controle
		_gerenciamento
 This function is called by:
		Startup code after reset
 This function uses a non-reentrant model


 *************** function _gerenciamento *****************
 Defined at:
		line 158 in file "main.c"
 Parameters:    Size  Location     Type
		None
 Auto vars:     Size  Location     Type
		None
 Return value:  Size  Location     Type
                  1    wreg      void 
 Registers used:
		None
 Tracked objects:
		On entry : 
		On exit  : 
		Unchanged: 
 Data sizes:     COMMON   BANK0   BANK1   BANK2   BANK3   BANK4
      Params:         0       0       0       0       0       0
      Locals:         0       0       0       0       0       0
      Temps:          0       0       0       0       0       0
      Totals:         0       0       0       0       0       0
Total ram usage:        0 bytes
 Hardware stack levels used:    1
 Hardware stack levels required when called:    4
 This function calls:
		Nothing
 This function is called by:
		_main
 This function uses a non-reentrant model


 *************** function _controle *****************
 Defined at:
		line 152 in file "main.c"
 Parameters:    Size  Location     Type
		None
 Auto vars:     Size  Location     Type
		None
 Return value:  Size  Location     Type
                  1    wreg      void 
 Registers used:
		wreg, status,2, status,0, pclath, cstack
 Tracked objects:
		On entry : 
		On exit  : 
		Unchanged: 
 Data sizes:     COMMON   BANK0   BANK1   BANK2   BANK3   BANK4
      Params:         0       0       0       0       0       0
      Locals:         0       0       0       0       0       0
      Temps:          0       4       0       0       0       0
      Totals:         0       4       0       0       0       0
Total ram usage:        4 bytes
 Hardware stack levels used:    1
 Hardware stack levels required when called:    6
 This function calls:
		_ADC_GetConversion
		___flmul
		___xxtofl
 This function is called by:
		_main
 This function uses a non-reentrant model


 *************** function _ADC_GetConversion *****************
 Defined at:
		line 112 in file "mcc_generated_files/adc.c"
 Parameters:    Size  Location     Type
  channel         1    wreg     enum E2476
 Auto vars:     Size  Location     Type
  channel         1    3[BANK0 ] enum E2476
 Return value:  Size  Location     Type
                  2    0[BANK0 ] unsigned short 
 Registers used:
		wreg, status,2, status,0
 Tracked objects:
		On entry : 
		On exit  : 
		Unchanged: 
 Data sizes:     COMMON   BANK0   BANK1   BANK2   BANK3   BANK4
      Params:         0       2       0       0       0       0
      Locals:         0       1       0       0       0       0
      Temps:          0       1       0       0       0       0
      Totals:         0       4       0       0       0       0
Total ram usage:        4 bytes
 Hardware stack levels used:    1
 Hardware stack levels required when called:    4
 This function calls:
		Nothing
 This function is called by:
		_controle
 This function uses a non-reentrant model


 *************** function _comunicacao *****************
 Defined at:
		line 123 in file "main.c"
 Parameters:    Size  Location     Type
		None
 Auto vars:     Size  Location     Type
  position        4    4[BANK1 ] float 
  speed           4    0[BANK1 ] float 
  aux             1    8[BANK1 ] unsigned char 
 Return value:  Size  Location     Type
                  1    wreg      void 
 Registers used:
		wreg, status,2, status,0, pclath, cstack
 Tracked objects:
		On entry : 
		On exit  : 
		Unchanged: 
 Data sizes:     COMMON   BANK0   BANK1   BANK2   BANK3   BANK4
      Params:         0       0       0       0       0       0
      Locals:         0       0       9       0       0       0
      Temps:          0       3       0       0       0       0
      Totals:         0       3       9       0       0       0
Total ram usage:       12 bytes
 Hardware stack levels used:    1
 Hardware stack levels required when called:    6
 This function calls:
		_EUSART_Read
		_EUSART_is_rx_ready
		___fldiv
		___flmul
		___fltol
		___xxtofl
 This function is called by:
		_main
 This function uses a non-reentrant model


 *************** function ___xxtofl *****************
 Defined at:
		line 10 in file "C:\Program Files\Microchip\xc8\v2.30\pic\sources\c99\common\xxtofl.c"
 Parameters:    Size  Location     Type
  sign            1    wreg     unsigned char 
  val             4    4[BANK0 ] long 
 Auto vars:     Size  Location     Type
  sign            1   12[BANK0 ] unsigned char 
  arg             4   14[BANK0 ] unsigned long 
  exp             1   13[BANK0 ] unsigned char 
 Return value:  Size  Location     Type
                  4    4[BANK0 ] unsigned char 
 Registers used:
		wreg, status,2, status,0
 Tracked objects:
		On entry : 
		On exit  : 
		Unchanged: 
 Data sizes:     COMMON   BANK0   BANK1   BANK2   BANK3   BANK4
      Params:         0       4       0       0       0       0
      Locals:         0       6       0       0       0       0
      Temps:          0       4       0       0       0       0
      Totals:         0      14       0       0       0       0
Total ram usage:       14 bytes
 Hardware stack levels used:    1
 Hardware stack levels required when called:    4
 This function calls:
		Nothing
 This function is called by:
		_comunicacao
		_controle
 This function uses a non-reentrant model


 *************** function ___fltol *****************
 Defined at:
		line 43 in file "C:\Program Files\Microchip\xc8\v2.30\pic\sources\c99\common\fltol.c"
 Parameters:    Size  Location     Type
  f1              4    0[BANK0 ] unsigned char 
 Auto vars:     Size  Location     Type
  exp1            1   10[BANK0 ] unsigned char 
  sign1           1    9[BANK0 ] unsigned char 
 Return value:  Size  Location     Type
                  4    0[BANK0 ] long 
 Registers used:
		wreg, status,2, status,0
 Tracked objects:
		On entry : 
		On exit  : 
		Unchanged: 
 Data sizes:     COMMON   BANK0   BANK1   BANK2   BANK3   BANK4
      Params:         0       4       0       0       0       0
      Locals:         0       2       0       0       0       0
      Temps:          0       5       0       0       0       0
      Totals:         0      11       0       0       0       0
Total ram usage:       11 bytes
 Hardware stack levels used:    1
 Hardware stack levels required when called:    4
 This function calls:
		Nothing
 This function is called by:
		_comunicacao
 This function uses a non-reentrant model


 *************** function ___flmul *****************
 Defined at:
		line 8 in file "C:\Program Files\Microchip\xc8\v2.30\pic\sources\c99\common\sprcmul.c"
 Parameters:    Size  Location     Type
  b               4   18[BANK0 ] long 
  a               4   22[BANK0 ] long 
 Auto vars:     Size  Location     Type
  prod            4   38[BANK0 ] struct .
  grs             4   32[BANK0 ] unsigned long 
  temp            2   42[BANK0 ] struct .
  bexp            1   37[BANK0 ] unsigned char 
  aexp            1   36[BANK0 ] unsigned char 
  sign            1   31[BANK0 ] unsigned char 
 Return value:  Size  Location     Type
                  4   18[BANK0 ] unsigned char 
 Registers used:
		wreg, status,2, status,0, pclath, cstack
 Tracked objects:
		On entry : 
		On exit  : 
		Unchanged: 
 Data sizes:     COMMON   BANK0   BANK1   BANK2   BANK3   BANK4
      Params:         0       8       0       0       0       0
      Locals:         0      13       0       0       0       0
      Temps:          0       5       0       0       0       0
      Totals:         0      26       0       0       0       0
Total ram usage:       26 bytes
 Hardware stack levels used:    1
 Hardware stack levels required when called:    5
 This function calls:
		__Umul8_16
 This function is called by:
		_comunicacao
		_controle
 This function uses a non-reentrant model


 *************** function __Umul8_16 *****************
 Defined at:
		line 4 in file "C:\Program Files\Microchip\xc8\v2.30\pic\sources\c99\common\Umul8_16.c"
 Parameters:    Size  Location     Type
  multiplier      1    wreg     unsigned char 
  multiplicand    1    0[BANK0 ] unsigned char 
 Auto vars:     Size  Location     Type
  multiplier      1    8[BANK0 ] unsigned char 
  word_mpld       2    6[BANK0 ] unsigned int 
  product         2    4[BANK0 ] unsigned int 
 Return value:  Size  Location     Type
                  2    0[BANK0 ] unsigned int 
 Registers used:
		wreg, status,2, status,0
 Tracked objects:
		On entry : 
		On exit  : 
		Unchanged: 
 Data sizes:     COMMON   BANK0   BANK1   BANK2   BANK3   BANK4
      Params:         0       2       0       0       0       0
      Locals:         0       5       0       0       0       0
      Temps:          0       2       0       0       0       0
      Totals:         0       9       0       0       0       0
Total ram usage:        9 bytes
 Hardware stack levels used:    1
 Hardware stack levels required when called:    4
 This function calls:
		Nothing
 This function is called by:
		___flmul
 This function uses a non-reentrant model


 *************** function ___fldiv *****************
 Defined at:
		line 8 in file "C:\Program Files\Microchip\xc8\v2.30\pic\sources\c99\common\sprcdiv.c"
 Parameters:    Size  Location     Type
  a               4   44[BANK0 ] unsigned int 
  b               4   48[BANK0 ] unsigned int 
 Auto vars:     Size  Location     Type
  grs             4   64[BANK0 ] unsigned long 
  rem             4   57[BANK0 ] unsigned long 
  new_exp         2   62[BANK0 ] int 
  aexp            1   69[BANK0 ] unsigned char 
  bexp            1   68[BANK0 ] unsigned char 
  sign            1   61[BANK0 ] unsigned char 
 Return value:  Size  Location     Type
                  4   44[BANK0 ] unsigned char 
 Registers used:
		wreg, status,2, status,0
 Tracked objects:
		On entry : 
		On exit  : 
		Unchanged: 
 Data sizes:     COMMON   BANK0   BANK1   BANK2   BANK3   BANK4
      Params:         0       8       0       0       0       0
      Locals:         0      13       0       0       0       0
      Temps:          0       5       0       0       0       0
      Totals:         0      26       0       0       0       0
Total ram usage:       26 bytes
 Hardware stack levels used:    1
 Hardware stack levels required when called:    4
 This function calls:
		Nothing
 This function is called by:
		_comunicacao
 This function uses a non-reentrant model


 *************** function _EUSART_is_rx_ready *****************
 Defined at:
		line 99 in file "mcc_generated_files/eusart.c"
 Parameters:    Size  Location     Type
		None
 Auto vars:     Size  Location     Type
		None
 Return value:  Size  Location     Type
                  1    wreg      _Bool 
 Registers used:
		wreg, status,2, status,0
 Tracked objects:
		On entry : 
		On exit  : 
		Unchanged: 
 Data sizes:     COMMON   BANK0   BANK1   BANK2   BANK3   BANK4
      Params:         0       0       0       0       0       0
      Locals:         0       0       0       0       0       0
      Temps:          0       0       0       0       0       0
      Totals:         0       0       0       0       0       0
Total ram usage:        0 bytes
 Hardware stack levels used:    1
 Hardware stack levels required when called:    4
 This function calls:
		Nothing
 This function is called by:
		_comunicacao
 This function uses a non-reentrant model


 *************** function _EUSART_Read *****************
 Defined at:
		line 113 in file "mcc_generated_files/eusart.c"
 Parameters:    Size  Location     Type
		None
 Auto vars:     Size  Location     Type
		None
 Return value:  Size  Location     Type
                  1    wreg      unsigned char 
 Registers used:
		wreg, status,2
 Tracked objects:
		On entry : 
		On exit  : 
		Unchanged: 
 Data sizes:     COMMON   BANK0   BANK1   BANK2   BANK3   BANK4
      Params:         0       0       0       0       0       0
      Locals:         0       0       0       0       0       0
      Temps:          0       0       0       0       0       0
      Totals:         0       0       0       0       0       0
Total ram usage:        0 bytes
 Hardware stack levels used:    1
 Hardware stack levels required when called:    4
 This function calls:
		Nothing
 This function is called by:
		_comunicacao
 This function uses a non-reentrant model


 *************** function _SYSTEM_Initialize *****************
 Defined at:
		line 50 in file "mcc_generated_files/mcc.c"
 Parameters:    Size  Location     Type
		None
 Auto vars:     Size  Location     Type
		None
 Return value:  Size  Location     Type
                  1    wreg      void 
 Registers used:
		wreg, status,2, status,0, pclath, cstack
 Tracked objects:
		On entry : 
		On exit  : 
		Unchanged: 
 Data sizes:     COMMON   BANK0   BANK1   BANK2   BANK3   BANK4
      Params:         0       0       0       0       0       0
      Locals:         0       0       0       0       0       0
      Temps:          0       0       0       0       0       0
      Totals:         0       0       0       0       0       0
Total ram usage:        0 bytes
 Hardware stack levels used:    1
[...]
      Totals:         0       0       0       0       0       0
Total ram usage:        0 bytes
 Hardware stack levels used:    1
 Hardware stack levels required when called:    1
 This function calls:
		Absolute function
		_IOCBF5_DefaultInterruptHandler
		_sensor4
 This function is called by:
		_PIN_MANAGER_IOC
 This function uses a non-reentrant model


 *************** function _IOCBF5_DefaultInterruptHandler *****************
 Defined at:
		line 274 in file "mcc_generated_files/pin_manager.c"
 Parameters:    Size  Location     Type
		None
 Auto vars:     Size  Location     Type
		None
 Return value:  Size  Location     Type
                  1    wreg      void 
 Registers used:
		None
 Tracked objects:
		On entry : 
		On exit  : 
		Unchanged: 
 Data sizes:     COMMON   BANK0   BANK1   BANK2   BANK3   BANK4
      Params:         0       0       0       0       0       0
      Locals:         0       0       0       0       0       0
      Temps:          0       0       0       0       0       0
      Totals:         0       0       0       0       0       0
Total ram usage:        0 bytes
 Hardware stack levels used:    1
 This function calls:
		Nothing
 This function is called by:
		_PIN_MANAGER_Initialize
		_IOCBF5_ISR
 This function uses a non-reentrant model


 *************** function _sensor4 *****************
 Defined at:
		line 79 in file "main.c"
 Parameters:    Size  Location     Type
		None
 Auto vars:     Size  Location     Type
		None
 Return value:  Size  Location     Type
                  1    wreg      void 
 Registers used:
		wreg
 Tracked objects:
		On entry : 
		On exit  : 
		Unchanged: 
 Data sizes:     COMMON   BANK0   BANK1   BANK2   BANK3   BANK4
      Params:         0       0       0       0       0       0
      Locals:         0       0       0       0       0       0
      Temps:          1       0       0       0       0       0
      Totals:         1       0       0       0       0       0
Total ram usage:        1 bytes
 Hardware stack levels used:    1
 This function calls:
		Nothing
 This function is called by:
		_main
		_IOCBF5_ISR
 This function uses a non-reentrant model


 *************** function _IOCBF4_ISR *****************
 Defined at:
		line 222 in file "mcc_generated_files/pin_manager.c"
 Parameters:    Size  Location     Type
		None
 Auto vars:     Size  Location     Type
		None
 Return value:  Size  Location     Type
                  1    wreg      void 
 Registers used:
		wreg, status,2, status,0, pclath, cstack
 Tracked objects:
		On entry : 
		On exit  : 
		Unchanged: 
 Data sizes:     COMMON   BANK0   BANK1   BANK2   BANK3   BANK4
      Params:         0       0       0       0       0       0
      Locals:         0       0       0       0       0       0
      Temps:          0       0       0       0       0       0
      Totals:         0       0       0       0       0       0
Total ram usage:        0 bytes
 Hardware stack levels used:    1
 Hardware stack levels required when called:    1
 This function calls:
		Absolute function
		_IOCBF4_DefaultInterruptHandler
		_sensor3
 This function is called by:
		_PIN_MANAGER_IOC
 This function uses a non-reentrant model


 *************** function _IOCBF4_DefaultInterruptHandler *****************
 Defined at:
		line 244 in file "mcc_generated_files/pin_manager.c"
 Parameters:    Size  Location     Type
		None
 Auto vars:     Size  Location     Type
		None
 Return value:  Size  Location     Type
                  1    wreg      void 
 Registers used:
		None
 Tracked objects:
		On entry : 
		On exit  : 
		Unchanged: 
 Data sizes:     COMMON   BANK0   BANK1   BANK2   BANK3   BANK4
      Params:         0       0       0       0       0       0
      Locals:         0       0       0       0       0       0
      Temps:          0       0       0       0       0       0
      Totals:         0       0       0       0       0       0
Total ram usage:        0 bytes
 Hardware stack levels used:    1
 This function calls:
		Nothing
 This function is called by:
		_PIN_MANAGER_Initialize
		_IOCBF4_ISR
 This function uses a non-reentrant model


 *************** function _sensor3 *****************
 Defined at:
		line 74 in file "main.c"
 Parameters:    Size  Location     Type
		None
 Auto vars:     Size  Location     Type
		None
 Return value:  Size  Location     Type
                  1    wreg      void 
 Registers used:
		wreg
 Tracked objects:
		On entry : 
		On exit  : 
		Unchanged: 
 Data sizes:     COMMON   BANK0   BANK1   BANK2   BANK3   BANK4
      Params:         0       0       0       0       0       0
      Locals:         0       0       0       0       0       0
      Temps:          1       0       0       0       0       0
      Totals:         1       0       0       0       0       0
Total ram usage:        1 bytes
 Hardware stack levels used:    1
 This function calls:
		Nothing
 This function is called by:
		_main
		_IOCBF4_ISR
 This function uses a non-reentrant model


 *************** function _IOCBF3_ISR *****************
 Defined at:
		line 192 in file "mcc_generated_files/pin_manager.c"
 Parameters:    Size  Location     Type
		None
 Auto vars:     Size  Location     Type
		None
 Return value:  Size  Location     Type
                  1    wreg      void 
 Registers used:
		wreg, status,2, status,0, pclath, cstack
 Tracked objects:
		On entry : 
		On exit  : 
		Unchanged: 
 Data sizes:     COMMON   BANK0   BANK1   BANK2   BANK3   BANK4
      Params:         0       0       0       0       0       0
      Locals:         0       0       0       0       0       0
      Temps:          0       0       0       0       0       0
      Totals:         0       0       0       0       0       0
Total ram usage:        0 bytes
 Hardware stack levels used:    1
 Hardware stack levels required when called:    1
 This function calls:
		Absolute function
		_IOCBF3_DefaultInterruptHandler
		_sensor2
 This function is called by:
		_PIN_MANAGER_IOC
 This function uses a non-reentrant model


 *************** function _IOCBF3_DefaultInterruptHandler *****************
 Defined at:
		line 214 in file "mcc_generated_files/pin_manager.c"
 Parameters:    Size  Location     Type
		None
 Auto vars:     Size  Location     Type
		None
 Return value:  Size  Location     Type
                  1    wreg      void 
 Registers used:
		None
 Tracked objects:
		On entry : 
		On exit  : 
		Unchanged: 
 Data sizes:     COMMON   BANK0   BANK1   BANK2   BANK3   BANK4
      Params:         0       0       0       0       0       0
      Locals:         0       0       0       0       0       0
      Temps:          0       0       0       0       0       0
      Totals:         0       0       0       0       0       0
Total ram usage:        0 bytes
 Hardware stack levels used:    1
 This function calls:
		Nothing
 This function is called by:
		_PIN_MANAGER_Initialize
		_IOCBF3_ISR
 This function uses a non-reentrant model


 *************** function _sensor2 *****************
 Defined at:
		line 69 in file "main.c"
 Parameters:    Size  Location     Type
		None
 Auto vars:     Size  Location     Type
		None
 Return value:  Size  Location     Type
                  1    wreg      void 
 Registers used:
		None
 Tracked objects:
		On entry : 
		On exit  : 
		Unchanged: 
 Data sizes:     COMMON   BANK0   BANK1   BANK2   BANK3   BANK4
      Params:         0       0       0       0       0       0
      Locals:         0       0       0       0       0       0
      Temps:          0       0       0       0       0       0
      Totals:         0       0       0       0       0       0
Total ram usage:        0 bytes
 Hardware stack levels used:    1
 This function calls:
		Nothing
 This function is called by:
		_main
		_IOCBF3_ISR
 This function uses a non-reentrant model


 *************** function _IOCBF0_ISR *****************
 Defined at:
		line 162 in file "mcc_generated_files/pin_manager.c"
 Parameters:    Size  Location     Type
		None
 Auto vars:     Size  Location     Type
		None
 Return value:  Size  Location     Type
                  1    wreg      void 
 Registers used:
		wreg, status,2, status,0, pclath, cstack
 Tracked objects:
		On entry : 
		On exit  : 
		Unchanged: 
 Data sizes:     COMMON   BANK0   BANK1   BANK2   BANK3   BANK4
      Params:         0       0       0       0       0       0
      Locals:         0       0       0       0       0       0
      Temps:          0       0       0       0       0       0
      Totals:         0       0       0       0       0       0
Total ram usage:        0 bytes
 Hardware stack levels used:    1
 Hardware stack levels required when called:    1
 This function calls:
		Absolute function
		_IOCBF0_DefaultInterruptHandler
		_sensor1
 This function is called by:
		_PIN_MANAGER_IOC
 This function uses a non-reentrant model


 *************** function _IOCBF0_DefaultInterruptHandler *****************
 Defined at:
		line 184 in file "mcc_generated_files/pin_manager.c"
 Parameters:    Size  Location     Type
		None
 Auto vars:     Size  Location     Type
		None
 Return value:  Size  Location     Type
                  1    wreg      void 
 Registers used:
		None
 Tracked objects:
		On entry : 
		On exit  : 
		Unchanged: 
 Data sizes:     COMMON   BANK0   BANK1   BANK2   BANK3   BANK4
      Params:         0       0       0       0       0       0
      Locals:         0       0       0       0       0       0
      Temps:          0       0       0       0       0       0
      Totals:         0       0       0       0       0       0
Total ram usage:        0 bytes
 Hardware stack levels used:    1
 This function calls:
		Nothing
 This function is called by:
		_PIN_MANAGER_Initialize
		_IOCBF0_ISR
 This function uses a non-reentrant model


 *************** function _sensor1 *****************
 Defined at:
		line 64 in file "main.c"
 Parameters:    Size  Location     Type
		None
 Auto vars:     Size  Location     Type
		None
 Return value:  Size  Location     Type
                  1    wreg      void 
 Registers used:
		status,2
 Tracked objects:
		On entry : 
		On exit  : 
		Unchanged: 
 Data sizes:     COMMON   BANK0   BANK1   BANK2   BANK3   BANK4
      Params:         0       0       0       0       0       0
      Locals:         0       0       0       0       0       0
      Temps:          0       0       0       0       0       0
      Totals:         0       0       0       0       0       0
Total ram usage:        0 bytes
 Hardware stack levels used:    1
 This function calls:
		Nothing
 This function is called by:
		_main
		_IOCBF0_ISR
 This function uses a non-reentrant model


 *************** function _CCP4_CaptureISR *****************
 Defined at:
		line 89 in file "mcc_generated_files/ccp4.c"
 Parameters:    Size  Location     Type
		None
 Auto vars:     Size  Location     Type
  module          2    5[COMMON] struct CCPR4Reg_tag
 Return value:  Size  Location     Type
                  1    wreg      void 
 Registers used:
		wreg, status,2, status,0, pclath, cstack
 Tracked objects:
		On entry : 
		On exit  : 
		Unchanged: 
 Data sizes:     COMMON   BANK0   BANK1   BANK2   BANK3   BANK4
      Params:         0       0       0       0       0       0
      Locals:         2       0       0       0       0       0
      Temps:          1       0       0       0       0       0
      Totals:         3       0       0       0       0       0
Total ram usage:        3 bytes
 Hardware stack levels used:    1
 Hardware stack levels required when called:    2
 This function calls:
		Absolute function
		_CCP4_DefaultCallBack
		_get_pulse
 This function is called by:
		_INTERRUPT_InterruptManager
 This function uses a non-reentrant model


 *************** function _CCP4_DefaultCallBack *****************
 Defined at:
		line 60 in file "mcc_generated_files/ccp4.c"
 Parameters:    Size  Location     Type
  capturedValu    2    2[COMMON] unsigned short 
 Auto vars:     Size  Location     Type
		None
 Return value:  Size  Location     Type
                  1    wreg      void 
 Registers used:
		None
 Tracked objects:
		On entry : 
		On exit  : 
		Unchanged: 
 Data sizes:     COMMON   BANK0   BANK1   BANK2   BANK3   BANK4
      Params:         2       0       0       0       0       0
      Locals:         0       0       0       0       0       0
      Temps:          0       0       0       0       0       0
      Totals:         2       0       0       0       0       0
Total ram usage:        2 bytes
 Hardware stack levels used:    1
 This function calls:
		Nothing
 This function is called by:
		_CCP4_Initialize
		_CCP4_CaptureISR
 This function uses a non-reentrant model


 *************** function _get_pulse *****************
 Defined at:
		line 84 in file "main.c"
 Parameters:    Size  Location     Type
  capturedValu    2    2[COMMON] unsigned short 
 Auto vars:     Size  Location     Type
		None
 Return value:  Size  Location     Type
                  1    wreg      void 
 Registers used:
		wreg, status,2, status,0, pclath, cstack
 Tracked objects:
		On entry : 
		On exit  : 
		Unchanged: 
 Data sizes:     COMMON   BANK0   BANK1   BANK2   BANK3   BANK4
      Params:         2       0       0       0       0       0
      Locals:         0       0       0       0       0       0
      Temps:          0       0       0       0       0       0
      Totals:         2       0       0       0       0       0
Total ram usage:        2 bytes
 Hardware stack levels used:    1
 Hardware stack levels required when called:    1
 This function calls:
		_TMR1_WriteTimer
 This function is called by:
		_main
		_CCP4_CaptureISR
 This function uses a non-reentrant model


 *************** function _TMR1_WriteTimer *****************
 Defined at:
		line 113 in file "mcc_generated_files/tmr1.c"
 Parameters:    Size  Location     Type
  timerVal        2    0[COMMON] unsigned short 
 Auto vars:     Size  Location     Type
		None
 Return value:  Size  Location     Type
                  1    wreg      void 
 Registers used:
		wreg, status,2
 Tracked objects:
		On entry : 
		On exit  : 
		Unchanged: 
 Data sizes:     COMMON   BANK0   BANK1   BANK2   BANK3   BANK4
      Params:         2       0       0       0       0       0
      Locals:         0       0       0       0       0       0
      Temps:          0       0       0       0       0       0
      Totals:         2       0       0       0       0       0
Total ram usage:        2 bytes
 Hardware stack levels used:    1
 This function calls:
		Nothing
 This function is called by:
		_get_pulse
		_TMR1_Reload
 This function uses a non-reentrant model



MODULE INFORMATION

Module		Function		Class		Link	Load	Size
C:\Program Files\Microchip\xc8\v2.30\pic\sources\c99\common\sprcmul.c
		___flmul       		CODE           	0048	0000	599

C:\Program Files\Microchip\xc8\v2.30\pic\sources\c99\common\sprcmul.c estimated size: 599

C:\Program Files\Microchip\xc8\v2.30\pic\sources\c99\common\sprcdiv.c
		___fldiv       		CODE           	029F	0000	436

C:\Program Files\Microchip\xc8\v2.30\pic\sources\c99\common\sprcdiv.c estimated size: 436

mcc_generated_files/fvr.c
		_FVR_Initialize		CODE           	0E34	0000	4

mcc_generated_files/fvr.c estimated size: 4

mcc_generated_files/tmr4.c
		_TMR4_ISR      		CODE           	0ED9	0000	14
		_TMR4_Initialize		CODE           	0F64	0000	20
		_TMR4_SetInterruptHandler		CODE           	0E55	0000	6
		_TMR4_DefaultInterruptHandler		CODE           	0002	0000	1

mcc_generated_files/tmr4.c estimated size: 41

mcc_generated_files/tmr2.c
		_TMR2_Initialize		CODE           	0E70	0000	8

mcc_generated_files/tmr2.c estimated size: 8

mcc_generated_files/interrupt_manager.c
		_INTERRUPT_InterruptManager		CODE           	0004	0000	48

mcc_generated_files/interrupt_manager.c estimated size: 48

C:\Program Files\Microchip\xc8\v2.30\pic\sources\c99\common\Umul8_16.c
		__Umul8_16     		CODE           	0FDC	0000	36

C:\Program Files\Microchip\xc8\v2.30\pic\sources\c99\common\Umul8_16.c estimated size: 36

mcc_generated_files/pin_manager.c
		_IOCBF3_DefaultInterruptHandler		CODE           	0E2A	0000	1
		_IOCBF0_ISR    		CODE           	0EE7	0000	15
		_PIN_MANAGER_Initialize		CODE           	070A	0000	68
		_IOCBF3_ISR    		CODE           	0EF6	0000	15
		_IOCBF5_SetInterruptHandler		CODE           	0EA5	0000	9
		_IOCBF4_DefaultInterruptHandler		CODE           	0E2B	0000	1
		_IOCBF0_SetInterruptHandler		CODE           	0E49	0000	6
		_IOCBF4_ISR    		CODE           	0F05	0000	15
		_IOCBF3_SetInterruptHandler		CODE           	0E4F	0000	6
		_PIN_MANAGER_IOC		CODE           	0F78	0000	33
		_IOCBF5_DefaultInterruptHandler		CODE           	0E2C	0000	1
		_IOCBF5_ISR    		CODE           	0F14	0000	15
		_IOCBF4_SetInterruptHandler		CODE           	0E9C	0000	9
		_IOCBF0_DefaultInterruptHandler		CODE           	0E29	0000	1

mcc_generated_files/pin_manager.c estimated size: 195

mcc_generated_files/ccp4.c
		_CCP4_SetCallBack		CODE           	0E78	0000	9
		_CCP4_CaptureISR		CODE           	07E6	0000	22
		_CCP4_DefaultCallBack		CODE           	0E28	0000	1
		_CCP4_Initialize		CODE           	0F52	0000	18

mcc_generated_files/ccp4.c estimated size: 50

mcc_generated_files/adc.c
		_ADC_Initialize		CODE           	0E68	0000	8
		_ADC_GetConversion		CODE           	0F99	0000	33

mcc_generated_files/adc.c estimated size: 41

C:\Program Files\Microchip\xc8\v2.30\pic\sources\c99\common\fltol.c
		___fltol       		CODE           	0695	0000	117

C:\Program Files\Microchip\xc8\v2.30\pic\sources\c99\common\fltol.c estimated size: 117

C:\Program Files\Microchip\xc8\v2.30\pic\sources\c99\common\xxtofl.c
		___xxtofl      		CODE           	056F	0000	173

C:\Program Files\Microchip\xc8\v2.30\pic\sources\c99\common\xxtofl.c estimated size: 173

shared
		__initialization		CODE           	0036	0000	14

shared estimated size: 14

mcc_generated_files/mcc.c
		_WDT_Initialize		CODE           	07FC	0000	4
		_OSCILLATOR_Initialize		CODE           	0E61	0000	7
		_SYSTEM_Initialize		CODE           	0FBA	0000	34

mcc_generated_files/mcc.c estimated size: 45

mcc_generated_files/pwm3.c
		_PWM3_Initialize		CODE           	0EAE	0000	9

mcc_generated_files/pwm3.c estimated size: 9

mcc_generated_files/tmr1.c
		_TMR1_Initialize		CODE           	0ECD	0000	12
		_TMR1_WriteTimer		CODE           	0F41	0000	17

mcc_generated_files/tmr1.c estimated size: 29

mcc_generated_files/eusart.c
		_EUSART_Read   		CODE           	0F32	0000	15
		_EUSART_Write  		CODE           	0EB7	0000	10
		_EUSART_Initialize		CODE           	07C1	0000	37
		_EUSART_SetFramingErrorHandler		CODE           	0E8A	0000	9
		_EUSART_SetErrorHandler		CODE           	0E81	0000	9
		_EUSART_SetOverrunErrorHandler		CODE           	0E93	0000	9
		_EUSART_is_rx_ready		CODE           	0E38	0000	5
		_EUSART_is_tx_ready		CODE           	0F23	0000	15

mcc_generated_files/eusart.c estimated size: 109

main.c
		_sensor1       		CODE           	0E2D	0000	3
		_sensor4       		CODE           	0E43	0000	6
		_send_data     		CODE           	078F	0000	50
		_gerenciamento 		CODE           	0003	0000	1
		_main          		CODE           	074E	0000	65
		_controle      		CODE           	061C	0000	121
		_get_pulse     		CODE           	0EC1	0000	12
		_comunicacao   		CODE           	0453	0000	284
		_sensor3       		CODE           	0E3D	0000	6
		_sensor2       		CODE           	0E30	0000	4

main.c estimated size: 552

