Microchip MPLAB XC8 Compiler V2.10 ()

Linker command line:

-W-3 --edf=C:\Program Files (x86)\Microchip\xc8\v2.10\pic\dat\en_msgs.txt \
  -cs -h+dist/default/debug\Projeto_elevador.X.debug.sym \
  --cmf=dist/default/debug\Projeto_elevador.X.debug.cmf -z -Q16F1827 \
  -oC:\Users\Acer\AppData\Local\Temp\s30s.2 --defsym=__MPLAB_BUILD=1 \
  -Mdist/default/debug/Projeto_elevador.X.debug.map -E1 -ver=XC8 \
  --acfsm=1493 -ASTACK=020CCh-0216Fh -pstack=STACK -ACODE=00h-07FFhx2 \
  -ASTRCODE=00h-0FFFh -ASTRING=00h-0FFhx16 -ACONST=00h-0FFhx16 \
  -AENTRY=00h-0FFhx16 -ACOMMON=070h-07Fh -ABANK0=020h-06Fh \
  -ABANK1=0A0h-0EFh -ABANK2=0120h-016Fh -ABANK3=01A0h-01EFh \
  -ABANK4=0220h-024Fh -ABIGRAM=02000h-0216Fh \
  -ARAM=020h-06Fh,0A0h-0EFh,0120h-016Fh,01A0h-01EFh,0220h-024Fh \
  -AABS1=020h-07Fh,0A0h-0EFh,0120h-016Fh,01A0h-01EFh,0220h-024Fh \
  -ASFR0=00h-01Fh -ASFR1=080h-09Fh -ASFR2=0100h-011Fh -ASFR3=0180h-019Fh \
  -ASFR4=0200h-021Fh -ASFR5=0280h-02EFh -ASFR6=0300h-036Fh \
  -ASFR7=0380h-03EFh -ASFR8=0400h-046Fh -ASFR9=0480h-04EFh \
  -ASFR10=0500h-056Fh -ASFR11=0580h-05EFh -ASFR12=0600h-066Fh \
  -ASFR13=0680h-06EFh -ASFR14=0700h-076Fh -ASFR15=0780h-07EFh \
  -ASFR16=0800h-086Fh -ASFR17=0880h-08EFh -ASFR18=0900h-096Fh \
  -ASFR19=0980h-09EFh -ASFR20=0A00h-0A6Fh -ASFR21=0A80h-0AEFh \
  -ASFR22=0B00h-0B6Fh -ASFR23=0B80h-0BEFh -ASFR24=0C00h-0C6Fh \
  -ASFR25=0C80h-0CEFh -ASFR26=0D00h-0D6Fh -ASFR27=0D80h-0DEFh \
  -ASFR28=0E00h-0E6Fh -ASFR29=0E80h-0EEFh -ASFR30=0F00h-0F6Fh \
  -ASFR31=0F80h-0FEFh -preset_vec=00h,intentry=04h,init,end_init \
  -ppowerup=CODE -pcinit=CODE -pfunctab=ENTRY -ACONFIG=08007h-08008h \
  -pconfig=CONFIG -DCONFIG=2 -AIDLOC=08000h-08003h -pidloc=IDLOC -DIDLOC=2 \
  -AEEDATA=00h-0FFh/0F000h -peeprom_data=EEDATA -DEEDATA=2 -DCODE=2 \
  -DSTRCODE=2 -DSTRING=2 -DCONST=2 -DENTRY=2 -k \
  C:\Users\Acer\AppData\Local\Temp\s30s.o \
  dist/default/debug\Projeto_elevador.X.debug.o 

Object code version is 3.11

Machine type is 16F1827



                Name                               Link     Load   Length Selector   Space Scale
C:\Users\Acer\AppData\Local\Temp\s30s.o
                end_init                             34       34        2        8       0
                reset_vec                             0        0        2        0       0
                config                             8007     8007        2    1000E       0
dist/default/debug\Projeto_elevador.X.debug.o
                cinit                                36       36       1D        8       0
                intentry                              4        4       30        8       0
                text63                              945      945       11     128A       0
                text62                              A96      A96       25     152C       0
                text61                              814      814        1     1028       0
                text60                              97C      97C       16     12F8       0
                text59                              829      829        7     1052       0
                text58                              815      815        1     102A       0
                text57                              8CC      8CC        F     1198       0
                text56                              8AB      8AB        B     1156       0
                text55                                2        2        1        0       0
                text54                              8DB      8DB        F     11B6       0
                text53                              8B6      8B6        B     116C       0
                text52                                3        3        1        6       0
                text51                              8EA      8EA        F     11D4       0
                text50                              8C1      8C1        B     1182       0
                text49                              7FF      7FF        1        8       0
                text48                              8F9      8F9        F     11F2       0
                text47                              9EA      9EA       21     13D4       0
                text46                              8A1      8A1        A     1142       0
                text45                              908      908        F     1210       0
                text44                              ABB      ABB       34     1576       0
                text43                              7FE      7FE        1        8       0
                text42                              917      917        F     122E       0
                text40                              837      837        8     106E       0
                text39                              847      847        9     108E       0
                text38                              956      956       12     12AC       0
                text37                              850      850        9     10A0       0
                text36                              859      859        9     10B2       0
                text35                              862      862        9     10C4       0
                text34                              A4E      A4E       24     149C       0
                text33                              816      816        4     102C       0
                text32                              830      830        7     1060       0
                text31                              86B      86B        9     10D6       0
                text30                              874      874        9     10E8       0
                text29                              87D      87D        9     10FA       0
                text28                              886      886        9     110C       0
                text27                              B30      B30       44     1660       0
                text26                              88F      88F        9     111E       0
                text25                              935      935       10     126A       0
                text24                              83F      83F        8     107E       0
                text23                              898      898        9     1130       0
                text22                              968      968       14     12D0       0
                text21                              81A      81A        4     1034       0
                text20                              A2C      A2C       22     1458       0
                text19                              48E      48E      1B4        8       0
                text18                              A72      A72       24     14E4       0
                text17                               53       53      257        8       0
                text16                              B74      B74       75     16E8       0
                text15                              CFB      CFB       AD     19F6       0
                text14                              F2B      F2B       D5     1E56       0
                text13                              A0B      A0B       21     1416       0
                text12                              992      992       1C     1324       0
                text11                              9CA      9CA       20     1394       0
                text10                              926      926        F     124C       0
                text9                               81E      81E        5     103C       0
                text8                               DA8      DA8       B1     1B50       0
                text7                               E59      E59       D2     1CB2       0
                text6                               2AA      2AA      1E4        8       0
                text5                               642      642      140        8       0
                text4                               9AE      9AE       1C     135C       0
                text3                               BE9      BE9       7C     17D2       0
                text2                               782      782       7C        8       0
                text1                               C65      C65       96     18CA       0
                maintext                            AEF      AEF       41     15DE       0
                cstackBANK0                          20       20       4F       20       1
                cstackCOMMON                         77       77        7       70       1
                clrtext                             823      823        6     1046       0
                bssBANK2                            120      120       20      120       1
                bssBANK1                             A0       A0       40       A0       1
                bssBANK0                             6F       6F        1       20       1
                bssCOMMON                            70       70        7       70       1
                nvBANK2                             140      140        C      120       1
                nvBANK1                              E0       E0       10       A0       1

TOTAL           Name                               Link     Load   Length     Space
        CLASS   STACK          

        CLASS   CODE           
                end_init                             34       34        2         0
                cinit                                36       36       1D         0
                intentry                              4        4       30         0
                reset_vec                             0        0        2         0
                text63                              945      945       11         0
                text62                              A96      A96       25         0
                text61                              814      814        1         0
                text60                              97C      97C       16         0
                text59                              829      829        7         0
                text58                              815      815        1         0
                text57                              8CC      8CC        F         0
                text56                              8AB      8AB        B         0
                text55                                2        2        1         0
                text54                              8DB      8DB        F         0
                text53                              8B6      8B6        B         0
                text52                                3        3        1         0
                text51                              8EA      8EA        F         0
                text50                              8C1      8C1        B         0
                text49                              7FF      7FF        1         0
                text48                              8F9      8F9        F         0
                text47                              9EA      9EA       21         0
                text46                              8A1      8A1        A         0
                text45                              908      908        F         0
                text44                              ABB      ABB       34         0
                text43                              7FE      7FE        1         0
                text42                              917      917        F         0
                text40                              837      837        8         0
                text39                              847      847        9         0
                text38                              956      956       12         0
                text37                              850      850        9         0
                text36                              859      859        9         0
                text35                              862      862        9         0
                text34                              A4E      A4E       24         0
                text33                              816      816        4         0
                text32                              830      830        7         0
                text31                              86B      86B        9         0
                text30                              874      874        9         0
                text29                              87D      87D        9         0
                text28                              886      886        9         0
                text27                              B30      B30       44         0
                text26                              88F      88F        9         0
                text25                              935      935       10         0
                text24                              83F      83F        8         0
                text23                              898      898        9         0
                text22                              968      968       14         0
                text21                              81A      81A        4         0
                text20                              A2C      A2C       22         0
                text19                              48E      48E      1B4         0
                text18                              A72      A72       24         0
                text17                               53       53      257         0
                text16                              B74      B74       75         0
                text15                              CFB      CFB       AD         0
                text14                              F2B      F2B       D5         0
                text13                              A0B      A0B       21         0
                text12                              992      992       1C         0
                text11                              9CA      9CA       20         0
                text10                              926      926        F         0
                text9                               81E      81E        5         0
                text8                               DA8      DA8       B1         0
                text7                               E59      E59       D2         0
                text6                               2AA      2AA      1E4         0
                text5                               642      642      140         0
                text4                               9AE      9AE       1C         0
                text3                               BE9      BE9       7C         0
                text2                               782      782       7C         0
                text1                               C65      C65       96         0
                maintext                            AEF      AEF       41         0
                clrtext                             823      823        6         0

        CLASS   STRCODE        

        CLASS   STRING         

        CLASS   CONST          

        CLASS   ENTRY          

        CLASS   COMMON         
                cstackCOMMON                         77       77        7         1
                bssCOMMON                            70       70        7         1

        CLASS   BANK0          
                cstackBANK0                          20       20       4F         1
                bssBANK0                             6F       6F        1         1

        CLASS   BANK1          
                bssBANK1                             A0       A0       40         1
                nvBANK1                              E0       E0       10         1

        CLASS   BANK2          
                bssBANK2                            120      120       20         1
                nvBANK2                             140      140        C         1

        CLASS   BANK3          

        CLASS   BANK4          

        CLASS   BIGRAM         

        CLASS   RAM            

        CLASS   ABS1           
                abs_s1                               7E       7E        2         1

        CLASS   SFR0           

        CLASS   SFR1           

        CLASS   SFR2           

        CLASS   SFR3           

        CLASS   SFR4           

        CLASS   SFR5           

        CLASS   SFR6           

        CLASS   SFR7           

        CLASS   SFR8           

        CLASS   SFR9           

        CLASS   SFR10          

        CLASS   SFR11          

        CLASS   SFR12          

        CLASS   SFR13          

        CLASS   SFR14          

        CLASS   SFR15          

        CLASS   SFR16          

        CLASS   SFR17          

        CLASS   SFR18          

        CLASS   SFR19          

        CLASS   SFR20          

        CLASS   SFR21          

        CLASS   SFR22          

        CLASS   SFR23          

        CLASS   SFR24          

        CLASS   SFR25          

        CLASS   SFR26          

        CLASS   SFR27          

        CLASS   SFR28          

        CLASS   SFR29          

        CLASS   SFR30          

        CLASS   SFR31          

        CLASS   CONFIG         
                config                             8007     8007        2         0

        CLASS   IDLOC          

        CLASS   EEDATA         

        CLASS   BANK31         

        CLASS   BANK30         

        CLASS   BANK29         

        CLASS   BANK28         

        CLASS   BANK27         

        CLASS   BANK26         

        CLASS   BANK25         

        CLASS   BANK24         

        CLASS   BANK23         

        CLASS   BANK22         

        CLASS   BANK21         

        CLASS   BANK20         

        CLASS   BANK19         

        CLASS   BANK18         

        CLASS   BANK17         

        CLASS   BANK16         

        CLASS   BANK15         

        CLASS   BANK14         

        CLASS   BANK13         

        CLASS   BANK12         

        CLASS   BANK11         

        CLASS   BANK10         

        CLASS   BANK9          

        CLASS   BANK8          

        CLASS   BANK7          

        CLASS   BANK6          

        CLASS   BANK5          



SEGMENTS        Name                           Load    Length   Top    Selector   Space  Class     Delta

                reset_vec                      000000  000003  000003         0       0  CODE        2
                text52                         000003  000001  000004         6       0  CODE        2
                intentry                       000004  0007FC  000800         8       0  CODE        2
                cstackBANK0                    000020  000050  000070        20       1  BANK0       1
                bssCOMMON                      000070  00000E  00007E        70       1  COMMON      1
                bssBANK1                       0000A0  000050  0000F0        A0       1  BANK1       1
                bssBANK2                       000120  00002C  00014C       120       1  BANK2       1
                text61                         000814  000001  000815      1028       0  CODE        2
                text58                         000815  000001  000816      102A       0  CODE        2
                text33                         000816  000004  00081A      102C       0  CODE        2
                text21                         00081A  000004  00081E      1034       0  CODE        2
                text9                          00081E  000005  000823      103C       0  CODE        2
                clrtext                        000823  000006  000829      1046       0  CODE        2
                text59                         000829  000007  000830      1052       0  CODE        2
                text32                         000830  000007  000837      1060       0  CODE        2
                text40                         000837  000008  00083F      106E       0  CODE        2
                text24                         00083F  000008  000847      107E       0  CODE        2
                text39                         000847  000009  000850      108E       0  CODE        2
                text37                         000850  000009  000859      10A0       0  CODE        2
                text36                         000859  000009  000862      10B2       0  CODE        2
                text35                         000862  000009  00086B      10C4       0  CODE        2
                text31                         00086B  000009  000874      10D6       0  CODE        2
                text30                         000874  000009  00087D      10E8       0  CODE        2
                text29                         00087D  000009  000886      10FA       0  CODE        2
                text28                         000886  000009  00088F      110C       0  CODE        2
                text26                         00088F  000009  000898      111E       0  CODE        2
                text23                         000898  000009  0008A1      1130       0  CODE        2
                text46                         0008A1  00000A  0008AB      1142       0  CODE        2
                text56                         0008AB  00000B  0008B6      1156       0  CODE        2
                text53                         0008B6  00000B  0008C1      116C       0  CODE        2
                text50                         0008C1  00000B  0008CC      1182       0  CODE        2
                text57                         0008CC  00000F  0008DB      1198       0  CODE        2
                text54                         0008DB  00000F  0008EA      11B6       0  CODE        2
                text51                         0008EA  00000F  0008F9      11D4       0  CODE        2
                text48                         0008F9  00000F  000908      11F2       0  CODE        2
                text45                         000908  00000F  000917      1210       0  CODE        2
                text42                         000917  00000F  000926      122E       0  CODE        2
                text10                         000926  00000F  000935      124C       0  CODE        2
                text25                         000935  000010  000945      126A       0  CODE        2
                text63                         000945  000011  000956      128A       0  CODE        2
                text38                         000956  000012  000968      12AC       0  CODE        2
                text22                         000968  000014  00097C      12D0       0  CODE        2
                text60                         00097C  000016  000992      12F8       0  CODE        2
                text12                         000992  00001C  0009AE      1324       0  CODE        2
                text4                          0009AE  00001C  0009CA      135C       0  CODE        2
                text11                         0009CA  000020  0009EA      1394       0  CODE        2
                text47                         0009EA  000021  000A0B      13D4       0  CODE        2
                text13                         000A0B  000021  000A2C      1416       0  CODE        2
                text20                         000A2C  000022  000A4E      1458       0  CODE        2
                text34                         000A4E  000024  000A72      149C       0  CODE        2
                text18                         000A72  000024  000A96      14E4       0  CODE        2
                text62                         000A96  000025  000ABB      152C       0  CODE        2
                text44                         000ABB  000034  000AEF      1576       0  CODE        2
                maintext                       000AEF  000041  000B30      15DE       0  CODE        2
                text27                         000B30  000044  000B74      1660       0  CODE        2
                text16                         000B74  000075  000BE9      16E8       0  CODE        2
                text3                          000BE9  00007C  000C65      17D2       0  CODE        2
                text1                          000C65  000096  000CFB      18CA       0  CODE        2
                text15                         000CFB  0000AD  000DA8      19F6       0  CODE        2
                text8                          000DA8  0000B1  000E59      1B50       0  CODE        2
                text7                          000E59  0000D2  000F2B      1CB2       0  CODE        2
                text14                         000F2B  0000D5  001000      1E56       0  CODE        2
                config                         008007  000002  008009     1000E       0  CONFIG      2


UNUSED ADDRESS RANGES

        Name                Unused          Largest block    Delta
        BANK2            0014C-0016F              24           1
        BANK3            001A0-001EF              50           1
        BANK4            00220-0024F              30           1
        BIGRAM           02000-0216F             170           1
        CODE             00800-00813              14           2
        CONST            00800-00813              14           2
        EEDATA           0F000-0F0FF             100           2
        ENTRY            00800-00813              14           2
        IDLOC            08000-08003               4           2
        RAM              0014C-0016F              24           1
                         001A0-001EF              50
                         00220-0024F              30
        SFR0             00000-0001F              20           1
        SFR1             00080-0009F              20           1
        SFR10            00500-0056F              70           1
        SFR11            00580-005EF              70           1
        SFR12            00600-0066F              70           1
        SFR13            00680-006EF              70           1
        SFR14            00700-0076F              70           1
        SFR15            00780-007EF              70           1
        SFR16            00800-0086F              70           1
        SFR17            00880-008EF              70           1
        SFR18            00900-0096F              70           1
        SFR19            00980-009EF              70           1
        SFR2             00100-0011F              20           1
        SFR20            00A00-00A6F              70           1
        SFR21            00A80-00AEF              70           1
        SFR22            00B00-00B6F              70           1
        SFR23            00B80-00BEF              70           1
        SFR24            00C00-00C6F              70           1
        SFR25            00C80-00CEF              70           1
        SFR26            00D00-00D6F              70           1
        SFR27            00D80-00DEF              70           1
        SFR28            00E00-00E6F              70           1
        SFR29            00E80-00EEF              70           1
        SFR3             00180-0019F              20           1
        SFR30            00F00-00F6F              70           1
        SFR31            00F80-00FEF              70           1
        SFR4             00200-0021F              20           1
        SFR5             00280-002EF              70           1
        SFR6             00300-0036F              70           1
        SFR7             00380-003EF              70           1
        SFR8             00400-0046F              70           1
        SFR9             00480-004EF              70           1
        STACK            020CC-0216F              A4           1
        STRCODE          00800-00813              14           2
        STRING           00800-00813              14           2

                                  Symbol Table

?_ADC_GetConversion                            cstackBANK0  00020
?__Umul8_16                                    cstackBANK0  00020
?___fldiv                                      cstackBANK0  0004C
?___flmul                                      cstackBANK0  00032
?___fltol                                      cstackBANK0  00020
?___wmul                                       cstackBANK0  00020
?___xxtofl                                     cstackBANK0  00024
?_abs                                          cstackBANK0  00020
ADC_GetConversion@channel                      cstackBANK0  00023
CCP4_CaptureISR@module                         cstackCOMMON 0007C
CCP4_SetCallBack@customCallBack                cstackBANK0  00020
EUSART_SetErrorHandler@interruptHandler        cstackBANK0  00020
EUSART_SetFramingErrorHandler@interruptHandler cstackBANK0  00020
EUSART_SetOverrunErrorHandler@interruptHandler cstackBANK0  00020
EUSART_Write@txData                            cstackCOMMON 00077
IOCBF0_SetInterruptHandler@InterruptHandler    cstackBANK0  00020
IOCBF3_SetInterruptHandler@InterruptHandler    cstackBANK0  00020
IOCBF4_SetInterruptHandler@InterruptHandler    cstackBANK0  00020
IOCBF5_SetInterruptHandler@InterruptHandler    cstackBANK0  00020
PWM3_LoadDutyValue@dutyValue                   cstackBANK0  00020
TMR1_WriteTimer@timerVal                       cstackCOMMON 00077
TMR4_SetInterruptHandler@InterruptHandler      cstackBANK0  00020
_ADCON0                                        (abs)        0009D
_ADCON0bits                                    (abs)        0009D
_ADCON1                                        (abs)        0009E
_ADC_GetConversion                             text13       00A0B
_ADC_Initialize                                text40       00837
_ADRESH                                        (abs)        0009C
_ADRESL                                        (abs)        0009B
_ANSELA                                        (abs)        0018C
_ANSELB                                        (abs)        0018D
_APFCON0                                       (abs)        0011D
_APFCON1                                       (abs)        0011E
_BAUDCON                                       (abs)        0019F
_BORCON                                        (abs)        00116
_CCP3CON                                       (abs)        00313
_CCP4CON                                       (abs)        0031A
_CCP4_CallBack                                 nvBANK1      000E8
_CCP4_CaptureISR                               text60       0097C
_CCP4_DefaultCallBack                          text61       00814
_CCP4_Initialize                               text38       00956
_CCP4_SetCallBack                              text39       00847
_CCPR3H                                        (abs)        00312
_CCPR3L                                        (abs)        00311
_CCPR4H                                        (abs)        00319
_CCPR4L                                        (abs)        00318
_CCPTMRS0bits                                  (abs)        0029E
_EUSART_DefaultErrorHandler                    (abs)        00000
_EUSART_DefaultFramingErrorHandler             (abs)        00000
_EUSART_DefaultOverrunErrorHandler             (abs)        00000
_EUSART_ErrorHandler                           nvBANK2      00140
_EUSART_FramingErrorHandler                    nvBANK1      000EE
_EUSART_Initialize                             text34       00A4E
_EUSART_OverrunErrorHandler                    nvBANK2      00142
_EUSART_Read                                   text10       00926
_EUSART_SetErrorHandler                        text37       00850
_EUSART_SetFramingErrorHandler                 text36       00859
_EUSART_SetOverrunErrorHandler                 text35       00862
_EUSART_Write                                  text46       008A1
_EUSART_is_rx_ready                            text9        0081E
_EUSART_is_tx_ready                            text45       00908
_EUSART_is_tx_ready$167                        cstackCOMMON 00077
_FVRCON                                        (abs)        00117
_FVRCONbits                                    (abs)        00117
_FVR_Initialize                                text33       00816
_INTCONbits                                    (abs)        0000B
_INTERRUPT_InterruptManager                    intentry     00004
_IOCBF0_DefaultInterruptHandler                text58       00815
_IOCBF0_ISR                                    text57       008CC
_IOCBF0_InterruptHandler                       nvBANK1      000E6
_IOCBF0_SetInterruptHandler                    text31       0086B
_IOCBF3_DefaultInterruptHandler                text55       00002
_IOCBF3_ISR                                    text54       008DB
_IOCBF3_InterruptHandler                       nvBANK1      000E4
_IOCBF3_SetInterruptHandler                    text30       00874
_IOCBF4_DefaultInterruptHandler                text52       00003
_IOCBF4_ISR                                    text51       008EA
_IOCBF4_InterruptHandler                       nvBANK1      000E2
_IOCBF4_SetInterruptHandler                    text29       0087D
_IOCBF5_DefaultInterruptHandler                text49       007FF
_IOCBF5_ISR                                    text48       008F9
_IOCBF5_InterruptHandler                       nvBANK1      000E0
_IOCBF5_SetInterruptHandler                    text28       00886
_IOCBFbits                                     (abs)        00396
_IOCBNbits                                     (abs)        00395
_IOCBPbits                                     (abs)        00394
_I_m                                           nvBANK2      00148
_LATA                                          (abs)        0010C
_LATAbits                                      (abs)        0010C
_LATB                                          (abs)        0010D
_OPTION_REGbits                                (abs)        00095
_OSCCON                                        (abs)        00099
_OSCILLATOR_Initialize                         text32       00830
_OSCTUNE                                       (abs)        00098
_PIE3bits                                      (abs)        00093
_PIN_MANAGER_IOC                               text47       009EA
_PIN_MANAGER_Initialize                        text27       00B30
_PIR1bits                                      (abs)        00011
_PIR3bits                                      (abs)        00013
_PR2                                           (abs)        0001B
_PR4                                           (abs)        00416
_PWM3_Initialize                               text26       0088F
_PWM3_LoadDutyValue                            text12       00992
_RCREG                                         (abs)        00199
_RCSTA                                         (abs)        0019D
_RCSTAbits                                     (abs)        0019D
_SPBRGH                                        (abs)        0019C
_SPBRGL                                        (abs)        0019B
_SYSTEM_Initialize                             text20       00A2C
_T1CON                                         (abs)        00018
_T1CONbits                                     (abs)        00018
_T1GCON                                        (abs)        00019
_T1GCONbits                                    (abs)        00019
_T2CON                                         (abs)        0001C
_T2CONbits                                     (abs)        0001C
_T4CON                                         (abs)        00417
_T4CONbits                                     (abs)        00417
_TMR1H                                         (abs)        00017
_TMR1L                                         (abs)        00016
_TMR1_Initialize                               text25       00935
_TMR1_WriteTimer                               text63       00945
_TMR2                                          (abs)        0001A
_TMR2_Initialize                               text24       0083F
_TMR4                                          (abs)        00415
_TMR4_DefaultInterruptHandler                  text43       007FE
_TMR4_ISR                                      text42       00917
_TMR4_Initialize                               text22       00968
_TMR4_InterruptHandler                         nvBANK1      000EA
_TMR4_SetInterruptHandler                      text23       00898
_TRISA                                         (abs)        0008C
_TRISB                                         (abs)        0008D
_TXREG                                         (abs)        0019A
_TXSTA                                         (abs)        0019E
_TXSTAbits                                     (abs)        0019E
_WDTCON                                        (abs)        00097
_WDT_Initialize                                text21       0081A
_WPUA                                          (abs)        0020C
_WPUB                                          (abs)        0020D
__CFG_BOREN$ON                                 (abs)        00000
__CFG_BORV$LO                                  (abs)        00000
__CFG_CLKOUTEN$OFF                             (abs)        00000
__CFG_CP$OFF                                   (abs)        00000
__CFG_CPD$OFF                                  (abs)        00000
__CFG_FCMEN$ON                                 (abs)        00000
__CFG_FOSC$INTOSC                              (abs)        00000
__CFG_IESO$ON                                  (abs)        00000
__CFG_LVP$ON                                   (abs)        00000
__CFG_MCLRE$ON                                 (abs)        00000
__CFG_PLLEN$OFF                                (abs)        00000
__CFG_PWRTE$OFF                                (abs)        00000
__CFG_STVREN$ON                                (abs)        00000
__CFG_WDTE$OFF                                 (abs)        00000
__CFG_WRT$OFF                                  (abs)        00000
__Habs1                                        abs1         00000
__Hbank0                                       bank0        00000
__Hbank1                                       bank1        00000
__Hbank10                                      bank10       00000
__Hbank11                                      bank11       00000
__Hbank12                                      bank12       00000
__Hbank13                                      bank13       00000
__Hbank14                                      bank14       00000
__Hbank15                                      bank15       00000
__Hbank16                                      bank16       00000
__Hbank17                                      bank17       00000
__Hbank18                                      bank18       00000
__Hbank19                                      bank19       00000
__Hbank2                                       bank2        00000
__Hbank20                                      bank20       00000
__Hbank21                                      bank21       00000
__Hbank22                                      bank22       00000
__Hbank23                                      bank23       00000
__Hbank24                                      bank24       00000
__Hbank25                                      bank25       00000
__Hbank26                                      bank26       00000
__Hbank27                                      bank27       00000
__Hbank28                                      bank28       00000
__Hbank29                                      bank29       00000
__Hbank3                                       bank3        00000
__Hbank30                                      bank30       00000
__Hbank31                                      bank31       00000
__Hbank4                                       bank4        00000
__Hbank5                                       bank5        00000
__Hbank6                                       bank6        00000
__Hbank7                                       bank7        00000
__Hbank8                                       bank8        00000
__Hbank9                                       bank9        00000
__Hbigram                                      bigram       00000
__HbssBANK0                                    bssBANK0     00000
__HbssBANK1                                    bssBANK1     00000
__HbssBANK2                                    bssBANK2     00000
__HbssCOMMON                                   bssCOMMON    00000
__Hcinit                                       cinit        00053
__Hclrtext                                     clrtext      00000
__Hcode                                        code         00000
__Hcommon                                      common       00000
__Hconfig                                      config       08009
__HcstackBANK0                                 cstackBANK0  00000
__HcstackCOMMON                                cstackCOMMON 00000
__Heeprom_data                                 eeprom_data  00000
__Hend_init                                    end_init     00036
__Hfunctab                                     functab      00000
__Hidloc                                       idloc        00000
__Hinit                                        init         00034
__Hintentry                                    intentry     00034
__Hmaintext                                    maintext     00000
__HnvBANK1                                     nvBANK1      00000
__HnvBANK2                                     nvBANK2      00000
__Hpowerup                                     powerup      00000
__Hram                                         ram          00000
__Hreset_vec                                   reset_vec    00002
__Hsfr0                                        sfr0         00000
__Hsfr1                                        sfr1         00000
__Hsfr10                                       sfr10        00000
__Hsfr11                                       sfr11        00000
__Hsfr12                                       sfr12        00000
__Hsfr13                                       sfr13        00000
__Hsfr14                                       sfr14        00000
__Hsfr15                                       sfr15        00000
__Hsfr16                                       sfr16        00000
__Hsfr17                                       sfr17        00000
__Hsfr18                                       sfr18        00000
__Hsfr19                                       sfr19        00000
__Hsfr2                                        sfr2         00000
__Hsfr20                                       sfr20        00000
__Hsfr21                                       sfr21        00000
__Hsfr22                                       sfr22        00000
__Hsfr23                                       sfr23        00000
__Hsfr24                                       sfr24        00000
__Hsfr25                                       sfr25        00000
__Hsfr26                                       sfr26        00000
__Hsfr27                                       sfr27        00000
__Hsfr28                                       sfr28        00000
__Hsfr29                                       sfr29        00000
__Hsfr3                                        sfr3         00000
__Hsfr30                                       sfr30        00000
__Hsfr31                                       sfr31        00000
__Hsfr4                                        sfr4         00000
__Hsfr5                                        sfr5         00000
__Hsfr6                                        sfr6         00000
__Hsfr7                                        sfr7         00000
__Hsfr8                                        sfr8         00000
__Hsfr9                                        sfr9         00000
__Hspace_0                                     (abs)        08009
__Hspace_1                                     (abs)        0014C
__Hspace_2                                     (abs)        00000
__Hspace_3                                     (abs)        00000
__Hstack                                       stack        00000
__Hstrings                                     strings      00000
__Htext                                        text         00000
__Labs1                                        abs1         00000
__Lbank0                                       bank0        00000
__Lbank1                                       bank1        00000
__Lbank10                                      bank10       00000
__Lbank11                                      bank11       00000
__Lbank12                                      bank12       00000
__Lbank13                                      bank13       00000
__Lbank14                                      bank14       00000
__Lbank15                                      bank15       00000
__Lbank16                                      bank16       00000
__Lbank17                                      bank17       00000
__Lbank18                                      bank18       00000
__Lbank19                                      bank19       00000
__Lbank2                                       bank2        00000
__Lbank20                                      bank20       00000
__Lbank21                                      bank21       00000
__Lbank22                                      bank22       00000
__Lbank23                                      bank23       00000
__Lbank24                                      bank24       00000
__Lbank25                                      bank25       00000
__Lbank26                                      bank26       00000
__Lbank27                                      bank27       00000
__Lbank28                                      bank28       00000
__Lbank29                                      bank29       00000
__Lbank3                                       bank3        00000
__Lbank30                                      bank30       00000
__Lbank31                                      bank31       00000
__Lbank4                                       bank4        00000
__Lbank5                                       bank5        00000
__Lbank6                                       bank6        00000
__Lbank7                                       bank7        00000
__Lbank8                                       bank8        00000
__Lbank9                                       bank9        00000
__Lbigram                                      bigram       00000
__LbssBANK0                                    bssBANK0     00000
__LbssBANK1                                    bssBANK1     00000
__LbssBANK2                                    bssBANK2     00000
__LbssCOMMON                                   bssCOMMON    00000
__Lcinit                                       cinit        00036
__Lclrtext                                     clrtext      00000
__Lcode                                        code         00000
__Lcommon                                      common       00000
__Lconfig                                      config       08007
__LcstackBANK0                                 cstackBANK0  00000
__LcstackCOMMON                                cstackCOMMON 00000
__Leeprom_data                                 eeprom_data  00000
__Lend_init                                    end_init     00034
__Lfunctab                                     functab      00000
__Lidloc                                       idloc        00000
__Linit                                        init         00034
__Lintentry                                    intentry     00004
__Lmaintext                                    maintext     00000
__LnvBANK1                                     nvBANK1      00000
__LnvBANK2                                     nvBANK2      00000
__Lpowerup                                     powerup      00000
__Lram                                         ram          00000
__Lreset_vec                                   reset_vec    00000
__Lsfr0                                        sfr0         00000
__Lsfr1                                        sfr1         00000
__Lsfr10                                       sfr10        00000
__Lsfr11                                       sfr11        00000
__Lsfr12                                       sfr12        00000
__Lsfr13                                       sfr13        00000
__Lsfr14                                       sfr14        00000
__Lsfr15                                       sfr15        00000
__Lsfr16                                       sfr16        00000
__Lsfr17                                       sfr17        00000
__Lsfr18                                       sfr18        00000
__Lsfr19                                       sfr19        00000
__Lsfr2                                        sfr2         00000
__Lsfr20                                       sfr20        00000
__Lsfr21                                       sfr21        00000
__Lsfr22                                       sfr22        00000
__Lsfr23                                       sfr23        00000
__Lsfr24                                       sfr24        00000
__Lsfr25                                       sfr25        00000
__Lsfr26                                       sfr26        00000
__Lsfr27                                       sfr27        00000
__Lsfr28                                       sfr28        00000
__Lsfr29                                       sfr29        00000
__Lsfr3                                        sfr3         00000
__Lsfr30                                       sfr30        00000
__Lsfr31                                       sfr31        00000
__Lsfr4                                        sfr4         00000
__Lsfr5                                        sfr5         00000
__Lsfr6                                        sfr6         00000
__Lsfr7                                        sfr7         00000
__Lsfr8                                        sfr8         00000
__Lsfr9                                        sfr9         00000
__Lspace_0                                     (abs)        00000
__Lspace_1                                     (abs)        00000
__Lspace_2                                     (abs)        00000
__Lspace_3                                     (abs)        00000
__Lstack                                       stack        00000
__Lstrings                                     strings      00000
__Ltext                                        text         00000
__S0                                           (abs)        08009
__S1                                           (abs)        0014C
__S2                                           (abs)        00000
__S3                                           (abs)        00000
__Umul8_16                                     text18       00A72
__Umul8_16@multiplicand                        cstackBANK0  00020
__Umul8_16@multiplier                          cstackBANK0  00028
__Umul8_16@product                             cstackBANK0  00024
__Umul8_16@word_mpld                           cstackBANK0  00026
___fldiv                                       text19       0048E
___fldiv@a                                     cstackBANK0  0004C
___fldiv@aexp                                  cstackBANK0  00065
___fldiv@b                                     cstackBANK0  00050
___fldiv@bexp                                  cstackBANK0  00064
___fldiv@grs                                   cstackBANK0  00060
___fldiv@new_exp                               cstackBANK0  0005E
___fldiv@rem                                   cstackBANK0  00059
___fldiv@sign                                  cstackBANK0  0005D
___flmul                                       text17       00053
___flmul@a                                     cstackBANK0  00036
___flmul@aexp                                  cstackBANK0  00044
___flmul@b                                     cstackBANK0  00032
___flmul@bexp                                  cstackBANK0  00045
___flmul@grs                                   cstackBANK0  00040
___flmul@prod                                  cstackBANK0  00046
___flmul@sign                                  cstackBANK0  0003F
___flmul@temp                                  cstackBANK0  0004A
___fltol                                       text16       00B74
___fltol@exp1                                  cstackBANK0  0002A
___fltol@f1                                    cstackBANK0  00020
___fltol@sign1                                 cstackBANK0  00029
___int_sp                                      stack        00000
___latbits                                     (abs)        00001
___sp                                          stack        00000
___stackhi                                     (abs)        0216F
___stacklo                                     (abs)        020CC
___wmul                                        text11       009CA
___wmul@multiplicand                           cstackBANK0  00022
___wmul@multiplier                             cstackBANK0  00020
___wmul@product                                cstackBANK0  00024
___xxtofl                                      text15       00CFB
___xxtofl@arg                                  cstackBANK0  0002E
___xxtofl@exp                                  cstackBANK0  0002D
___xxtofl@sign                                 cstackBANK0  0002C
___xxtofl@val                                  cstackBANK0  00024
__end_of_ADC_GetConversion                     text13       00A2C
__end_of_ADC_Initialize                        text40       0083F
__end_of_CCP4_CaptureISR                       text60       00992
__end_of_CCP4_DefaultCallBack                  text61       00815
__end_of_CCP4_Initialize                       text38       00968
__end_of_CCP4_SetCallBack                      text39       00850
__end_of_EUSART_Initialize                     text34       00A72
__end_of_EUSART_Read                           text10       00935
__end_of_EUSART_SetErrorHandler                text37       00859
__end_of_EUSART_SetFramingErrorHandler         text36       00862
__end_of_EUSART_SetOverrunErrorHandler         text35       0086B
__end_of_EUSART_Write                          text46       008AB
__end_of_EUSART_is_rx_ready                    text9        00823
__end_of_EUSART_is_tx_ready                    text45       00917
__end_of_FVR_Initialize                        text33       0081A
__end_of_INTERRUPT_InterruptManager            intentry     00034
__end_of_IOCBF0_DefaultInterruptHandler        text58       00816
__end_of_IOCBF0_ISR                            text57       008DB
__end_of_IOCBF0_SetInterruptHandler            text31       00874
__end_of_IOCBF3_DefaultInterruptHandler        text55       00003
__end_of_IOCBF3_ISR                            text54       008EA
__end_of_IOCBF3_SetInterruptHandler            text30       0087D
__end_of_IOCBF4_DefaultInterruptHandler        text52       00004
__end_of_IOCBF4_ISR                            text51       008F9
__end_of_IOCBF4_SetInterruptHandler            text29       00886
__end_of_IOCBF5_DefaultInterruptHandler        text49       00800
__end_of_IOCBF5_ISR                            text48       00908
__end_of_IOCBF5_SetInterruptHandler            text28       0088F
__end_of_OSCILLATOR_Initialize                 text32       00837
__end_of_PIN_MANAGER_IOC                       text47       00A0B
__end_of_PIN_MANAGER_Initialize                text27       00B74
__end_of_PWM3_Initialize                       text26       00898
__end_of_PWM3_LoadDutyValue                    text12       009AE
__end_of_SYSTEM_Initialize                     text20       00A4E
__end_of_TMR1_Initialize                       text25       00945
__end_of_TMR1_WriteTimer                       text63       00956
__end_of_TMR2_Initialize                       text24       00847
__end_of_TMR4_DefaultInterruptHandler          text43       007FF
__end_of_TMR4_ISR                              text42       00926
__end_of_TMR4_Initialize                       text22       0097C
__end_of_TMR4_SetInterruptHandler              text23       008A1
__end_of_WDT_Initialize                        text21       0081E
__end_of__Umul8_16                             text18       00A96
__end_of___fldiv                               text19       00642
__end_of___flmul                               text17       002AA
__end_of___fltol                               text16       00BE9
__end_of___wmul                                text11       009EA
__end_of___xxtofl                              text15       00DA8
__end_of__initialization                       cinit        0004F
__end_of_abs                                   text4        009CA
__end_of_col_down                              text3        00C65
__end_of_col_up                                text2        007FE
__end_of_comunicacao                           text14       01000
__end_of_controle                              text5        00782
__end_of_gerenciamento                         text1        00CFB
__end_of_get_pulse                             text62       00ABB
__end_of_main                                  maintext     00B30
__end_of_max_down                              text8        00E59
__end_of_min_up                                text7        00F2B
__end_of_send_data                             text44       00AEF
__end_of_sensor1                               text59       00830
__end_of_sensor2                               text56       008B6
__end_of_sensor3                               text53       008C1
__end_of_sensor4                               text50       008CC
__end_of_update                                text6        0048E
__initialization                               cinit        00036
__pbssBANK0                                    bssBANK0     0006F
__pbssBANK1                                    bssBANK1     000A0
__pbssBANK2                                    bssBANK2     00120
__pbssCOMMON                                   bssCOMMON    00070
__pcstackBANK0                                 cstackBANK0  00020
__pcstackCOMMON                                cstackCOMMON 00077
__pintentry                                    intentry     00004
__pmaintext                                    maintext     00AEF
__pnvBANK1                                     nvBANK1      000E0
__pnvBANK2                                     nvBANK2      00140
__ptext1                                       text1        00C65
__ptext10                                      text10       00926
__ptext11                                      text11       009CA
__ptext12                                      text12       00992
__ptext13                                      text13       00A0B
__ptext14                                      text14       00F2B
__ptext15                                      text15       00CFB
__ptext16                                      text16       00B74
__ptext17                                      text17       00053
__ptext18                                      text18       00A72
__ptext19                                      text19       0048E
__ptext2                                       text2        00782
__ptext20                                      text20       00A2C
__ptext21                                      text21       0081A
__ptext22                                      text22       00968
__ptext23                                      text23       00898
__ptext24                                      text24       0083F
__ptext25                                      text25       00935
__ptext26                                      text26       0088F
__ptext27                                      text27       00B30
__ptext28                                      text28       00886
__ptext29                                      text29       0087D
__ptext3                                       text3        00BE9
__ptext30                                      text30       00874
__ptext31                                      text31       0086B
__ptext32                                      text32       00830
__ptext33                                      text33       00816
__ptext34                                      text34       00A4E
__ptext35                                      text35       00862
__ptext36                                      text36       00859
__ptext37                                      text37       00850
__ptext38                                      text38       00956
__ptext39                                      text39       00847
__ptext4                                       text4        009AE
__ptext40                                      text40       00837
__ptext42                                      text42       00917
__ptext43                                      text43       007FE
__ptext44                                      text44       00ABB
__ptext45                                      text45       00908
__ptext46                                      text46       008A1
__ptext47                                      text47       009EA
__ptext48                                      text48       008F9
__ptext49                                      text49       007FF
__ptext5                                       text5        00642
__ptext50                                      text50       008C1
__ptext51                                      text51       008EA
__ptext52                                      text52       00003
__ptext53                                      text53       008B6
__ptext54                                      text54       008DB
__ptext55                                      text55       00002
__ptext56                                      text56       008AB
__ptext57                                      text57       008CC
__ptext58                                      text58       00815
__ptext59                                      text59       00829
__ptext6                                       text6        002AA
__ptext60                                      text60       0097C
__ptext61                                      text61       00814
__ptext62                                      text62       00A96
__ptext63                                      text63       00945
__ptext7                                       text7        00E59
__ptext8                                       text8        00DA8
__ptext9                                       text9        0081E
__size_of_ADC_GetConversion                    (abs)        00000
__size_of_ADC_Initialize                       (abs)        00000
__size_of_CCP4_CaptureISR                      (abs)        00000
__size_of_CCP4_DefaultCallBack                 (abs)        00000
__size_of_CCP4_Initialize                      (abs)        00000
__size_of_CCP4_SetCallBack                     (abs)        00000
__size_of_EUSART_Initialize                    (abs)        00000
__size_of_EUSART_Read                          (abs)        00000
__size_of_EUSART_SetErrorHandler               (abs)        00000
__size_of_EUSART_SetFramingErrorHandler        (abs)        00000
__size_of_EUSART_SetOverrunErrorHandler        (abs)        00000
__size_of_EUSART_Write                         (abs)        00000
__size_of_EUSART_is_rx_ready                   (abs)        00000
__size_of_EUSART_is_tx_ready                   (abs)        00000
__size_of_FVR_Initialize                       (abs)        00000
__size_of_INTERRUPT_InterruptManager           (abs)        00000
__size_of_IOCBF0_DefaultInterruptHandler       (abs)        00000
__size_of_IOCBF0_ISR                           (abs)        00000
__size_of_IOCBF0_SetInterruptHandler           (abs)        00000
__size_of_IOCBF3_DefaultInterruptHandler       (abs)        00000
__size_of_IOCBF3_ISR                           (abs)        00000
__size_of_IOCBF3_SetInterruptHandler           (abs)        00000
__size_of_IOCBF4_DefaultInterruptHandler       (abs)        00000
__size_of_IOCBF4_ISR                           (abs)        00000
__size_of_IOCBF4_SetInterruptHandler           (abs)        00000
__size_of_IOCBF5_DefaultInterruptHandler       (abs)        00000
__size_of_IOCBF5_ISR                           (abs)        00000
__size_of_IOCBF5_SetInterruptHandler           (abs)        00000
__size_of_OSCILLATOR_Initialize                (abs)        00000
__size_of_PIN_MANAGER_IOC                      (abs)        00000
__size_of_PIN_MANAGER_Initialize               (abs)        00000
__size_of_PWM3_Initialize                      (abs)        00000
__size_of_PWM3_LoadDutyValue                   (abs)        00000
__size_of_SYSTEM_Initialize                    (abs)        00000
__size_of_TMR1_Initialize                      (abs)        00000
__size_of_TMR1_WriteTimer                      (abs)        00000
__size_of_TMR2_Initialize                      (abs)        00000
__size_of_TMR4_DefaultInterruptHandler         (abs)        00000
__size_of_TMR4_ISR                             (abs)        00000
__size_of_TMR4_Initialize                      (abs)        00000
__size_of_TMR4_SetInterruptHandler             (abs)        00000
__size_of_WDT_Initialize                       (abs)        00000
__size_of__Umul8_16                            (abs)        00000
__size_of___fldiv                              (abs)        00000
__size_of___flmul                              (abs)        00000
__size_of___fltol                              (abs)        00000
__size_of___wmul                               (abs)        00000
__size_of___xxtofl                             (abs)        00000
__size_of_abs                                  (abs)        00000
__size_of_col_down                             (abs)        00000
__size_of_col_up                               (abs)        00000
__size_of_comunicacao                          (abs)        00000
__size_of_controle                             (abs)        00000
__size_of_gerenciamento                        (abs)        00000
__size_of_get_pulse                            (abs)        00000
__size_of_main                                 (abs)        00000
__size_of_max_down                             (abs)        00000
__size_of_min_up                               (abs)        00000
__size_of_send_data                            (abs)        00000
__size_of_sensor1                              (abs)        00000
__size_of_sensor2                              (abs)        00000
__size_of_sensor3                              (abs)        00000
__size_of_sensor4                              (abs)        00000
__size_of_update                               (abs)        00000
_abs                                           text4        009AE
_and_ating                                     bssBANK0     0006F
_and_ating2                                    bssBANK1     000C5
_and_dst                                       bssCOMMON    00074
_and_origem                                    bssBANK1     000D7
_aux_tempo                                     bssBANK1     000D3
_byte                                          bssBANK1     000C0
_ccp_value                                     bssBANK1     000DC
_col_down                                      text3        00BE9
_col_up                                        text2        00782
_comunicacao                                   text14       00F2B
_controle                                      text5        00642
_distancia                                     bssBANK1     000CD
_eusartRxLastError                             bssCOMMON    00076
_fila_down                                     bssBANK2     00130
_fila_up                                       bssBANK1     000B0
_gerenciamento                                 text1        00C65
_get_pulse                                     text62       00A96
_main                                          maintext     00AEF
_max_down                                      text8        00DA8
_max_fila_up                                   bssBANK1     000CB
_max_origem_down                               bssCOMMON    00072
_min_fila_down                                 bssBANK1     000C9
_min_origem_up                                 bssCOMMON    00070
_min_up                                        text7        00E59
_origem_down                                   bssBANK1     000A0
_origem_up                                     bssBANK2     00120
_pulses                                        bssBANK1     000DE
_send_data                                     text44       00ABB
_sensor1                                       text59       00829
_sensor2                                       text56       008AB
_sensor3                                       text53       008B6
_sensor4                                       text50       008C1
_sentido                                       bssBANK1     000D5
_sentido2                                      bssBANK1     000D1
_temp_mt                                       nvBANK2      00144
_timer1ReloadVal                               nvBANK1      000EC
_update                                        text6        002AA
abs@a                                          cstackBANK0  00020
btemp                                          (abs)        0007E
clear_ram0                                     clrtext      00823
comunicacao@position                           cstackBANK0  0006B
comunicacao@speed                              cstackBANK0  00067
controle@a                                     cstackBANK0  00054
controle@count                                 cstackBANK0  0005C
controle@destiny                               cstackBANK0  00050
controle@dutyValue                             cstackBANK0  0005A
controle@max_dutyValue                         cstackBANK0  00058
controle@min_dutyValue                         cstackBANK0  00056
controle@route                                 cstackBANK0  00052
end_of_initialization                          cinit        0004F
get_pulse@capturedValue                        cstackCOMMON 00079
int$flags                                      (abs)        0007E
intlevel0                                      functab      00000
intlevel1                                      functab      00000
intlevel2                                      functab      00000
intlevel3                                      functab      00000
intlevel4                                      functab      00000
intlevel5                                      functab      00000
max_down@i                                     cstackBANK0  00023
min_up@i                                       cstackBANK0  00023
reset_vec                                      reset_vec    00000
send_data@i                                    cstackCOMMON 00079
start                                          init         00034
start_initialization                           cinit        00036
update@aux                                     cstackBANK0  00028
update@i                                       cstackBANK0  0002B
update@i_1261                                  cstackBANK0  00029
update@i_1262                                  cstackBANK0  0002D
wtemp0                                         (abs)        0007E


FUNCTION INFORMATION:

 *************** function _main *****************
 Defined at:
		line 125 in file "main.c"
 Parameters:    Size  Location     Type
		None
 Auto vars:     Size  Location     Type
		None
 Return value:  Size  Location     Type
                  1    wreg      void 
 Registers used:
		wreg, fsr0l, fsr0h, fsr1l, fsr1h, status,2, status,0, pclath, cstack
 Tracked objects:
		On entry : 
		On exit  : 
		Unchanged: 
 Data sizes:     COMMON   BANK0   BANK1   BANK2   BANK3   BANK4
      Params:         0       0       0       0       0       0
      Locals:         0       0       0       0       0       0
      Temps:          0       0       0       0       0       0
      Totals:         0       0       0       0       0       0
Total ram usage:        0 bytes
 Hardware stack levels required when called:    7
 This function calls:
		_CCP4_SetCallBack
		_IOCBF0_SetInterruptHandler
		_IOCBF3_SetInterruptHandler
		_IOCBF4_SetInterruptHandler
		_IOCBF5_SetInterruptHandler
		_SYSTEM_Initialize
		_TMR4_SetInterruptHandler
		_comunicacao
		_controle
		_gerenciamento
 This function is called by:
		Startup code after reset
 This function uses a non-reentrant model


 *************** function _gerenciamento *****************
 Defined at:
		line 229 in file "main.c"
 Parameters:    Size  Location     Type
		None
 Auto vars:     Size  Location     Type
		None
 Return value:  Size  Location     Type
                  1    wreg      void 
 Registers used:
		wreg, fsr0l, fsr0h, fsr1l, fsr1h, status,2, status,0, pclath, cstack
 Tracked objects:
		On entry : 
		On exit  : 
		Unchanged: 
 Data sizes:     COMMON   BANK0   BANK1   BANK2   BANK3   BANK4
      Params:         0       0       0       0       0       0
      Locals:         0       0       0       0       0       0
      Temps:          0       0       0       0       0       0
      Totals:         0       0       0       0       0       0
Total ram usage:        0 bytes
 Hardware stack levels used:    1
 Hardware stack levels required when called:    6
 This function calls:
		_abs
		_col_down
		_col_up
		_update
 This function is called by:
		_main
 This function uses a non-reentrant model


 *************** function _col_up *****************
 Defined at:
		line 264 in file "main.c"
 Parameters:    Size  Location     Type
		None
 Auto vars:     Size  Location     Type
		None
 Return value:  Size  Location     Type
                  1    wreg      void 
 Registers used:
		wreg, fsr1l, fsr1h, status,2, status,0, pclath, cstack
 Tracked objects:
		On entry : 
		On exit  : 
		Unchanged: 
 Data sizes:     COMMON   BANK0   BANK1   BANK2   BANK3   BANK4
      Params:         0       0       0       0       0       0
      Locals:         0       0       0       0       0       0
      Temps:          0       2       0       0       0       0
      Totals:         0       2       0       0       0       0
Total ram usage:        2 bytes
 Hardware stack levels used:    1
 Hardware stack levels required when called:    5
 This function calls:
		_abs
		_min_up
 This function is called by:
		_gerenciamento
 This function uses a non-reentrant model


 *************** function _col_down *****************
 Defined at:
		line 290 in file "main.c"
 Parameters:    Size  Location     Type
		None
 Auto vars:     Size  Location     Type
		None
 Return value:  Size  Location     Type
                  1    wreg      void 
 Registers used:
		wreg, fsr1l, fsr1h, status,2, status,0, pclath, cstack
 Tracked objects:
		On entry : 
		On exit  : 
		Unchanged: 
 Data sizes:     COMMON   BANK0   BANK1   BANK2   BANK3   BANK4
      Params:         0       0       0       0       0       0
      Locals:         0       0       0       0       0       0
      Temps:          0       2       0       0       0       0
      Totals:         0       2       0       0       0       0
Total ram usage:        2 bytes
 Hardware stack levels used:    1
 Hardware stack levels required when called:    5
 This function calls:
		_abs
		_max_down
 This function is called by:
		_gerenciamento
 This function uses a non-reentrant model


 *************** function _abs *****************
 Defined at:
		line 1 in file "C:\Program Files (x86)\Microchip\xc8\v2.10\pic\sources\c99\common\abs.c"
 Parameters:    Size  Location     Type
  a               2    0[BANK0 ] int 
 Auto vars:     Size  Location     Type
		None
 Return value:  Size  Location     Type
                  2    0[BANK0 ] int 
 Registers used:
		wreg, status,2, status,0
 Tracked objects:
		On entry : 
		On exit  : 
		Unchanged: 
 Data sizes:     COMMON   BANK0   BANK1   BANK2   BANK3   BANK4
      Params:         0       2       0       0       0       0
      Locals:         0       0       0       0       0       0
      Temps:          0       2       0       0       0       0
      Totals:         0       4       0       0       0       0
Total ram usage:        4 bytes
 Hardware stack levels used:    1
 Hardware stack levels required when called:    4
 This function calls:
		Nothing
 This function is called by:
		_gerenciamento
		_col_up
		_col_down
 This function uses a non-reentrant model


 *************** function _controle *****************
 Defined at:
		line 184 in file "main.c"
 Parameters:    Size  Location     Type
		None
 Auto vars:     Size  Location     Type
  count           2   60[BANK0 ] int 
  dutyValue       2   58[BANK0 ] int 
  max_dutyValu    2   56[BANK0 ] int 
  min_dutyValu    2   54[BANK0 ] int 
  a               2   52[BANK0 ] int 
  route           2   50[BANK0 ] int 
  destiny         2   48[BANK0 ] int 
 Return value:  Size  Location     Type
                  1    wreg      void 
 Registers used:
		wreg, fsr0l, fsr0h, fsr1l, fsr1h, status,2, status,0, pclath, cstack
 Tracked objects:
		On entry : 
		On exit  : 
		Unchanged: 
 Data sizes:     COMMON   BANK0   BANK1   BANK2   BANK3   BANK4
      Params:         0       0       0       0       0       0
      Locals:         0      14       0       0       0       0
      Temps:          0       4       0       0       0       0
      Totals:         0      18       0       0       0       0
Total ram usage:       18 bytes
 Hardware stack levels used:    1
 Hardware stack levels required when called:    6
 This function calls:
		_ADC_GetConversion
		_PWM3_LoadDutyValue
		___flmul
		___wmul
		___xxtofl
		_update
 This function is called by:
		_main
 This function uses a non-reentrant model


 *************** function _update *****************
 Defined at:
		line 383 in file "main.c"
 Parameters:    Size  Location     Type
		None
 Auto vars:     Size  Location     Type
  i               2   13[BANK0 ] int 
  i               2   11[BANK0 ] int 
  i               2    9[BANK0 ] int 
  aux             1    8[BANK0 ] unsigned char 
[...]
      Params:         0       0       0       0       0       0
      Locals:         0       0       0       0       0       0
      Temps:          0       0       0       0       0       0
      Totals:         0       0       0       0       0       0
Total ram usage:        0 bytes
 Hardware stack levels used:    1
 This function calls:
		Nothing
 This function is called by:
		_PIN_MANAGER_Initialize
		_IOCBF5_ISR
 This function uses a non-reentrant model


 *************** function _sensor4 *****************
 Defined at:
		line 107 in file "main.c"
 Parameters:    Size  Location     Type
		None
 Auto vars:     Size  Location     Type
		None
 Return value:  Size  Location     Type
                  1    wreg      void 
 Registers used:
		wreg
 Tracked objects:
		On entry : 
		On exit  : 
		Unchanged: 
 Data sizes:     COMMON   BANK0   BANK1   BANK2   BANK3   BANK4
      Params:         0       0       0       0       0       0
      Locals:         0       0       0       0       0       0
      Temps:          1       0       0       0       0       0
      Totals:         1       0       0       0       0       0
Total ram usage:        1 bytes
 Hardware stack levels used:    1
 This function calls:
		Nothing
 This function is called by:
		_main
		_IOCBF5_ISR
 This function uses a non-reentrant model


 *************** function _IOCBF4_ISR *****************
 Defined at:
		line 222 in file "mcc_generated_files/pin_manager.c"
 Parameters:    Size  Location     Type
		None
 Auto vars:     Size  Location     Type
		None
 Return value:  Size  Location     Type
                  1    wreg      void 
 Registers used:
		wreg, status,2, status,0, pclath, cstack
 Tracked objects:
		On entry : 
		On exit  : 
		Unchanged: 
 Data sizes:     COMMON   BANK0   BANK1   BANK2   BANK3   BANK4
      Params:         0       0       0       0       0       0
      Locals:         0       0       0       0       0       0
      Temps:          0       0       0       0       0       0
      Totals:         0       0       0       0       0       0
Total ram usage:        0 bytes
 Hardware stack levels used:    1
 Hardware stack levels required when called:    1
 This function calls:
		Absolute function
		_IOCBF4_DefaultInterruptHandler
		_sensor3
 This function is called by:
		_PIN_MANAGER_IOC
 This function uses a non-reentrant model


 *************** function _IOCBF4_DefaultInterruptHandler *****************
 Defined at:
		line 244 in file "mcc_generated_files/pin_manager.c"
 Parameters:    Size  Location     Type
		None
 Auto vars:     Size  Location     Type
		None
 Return value:  Size  Location     Type
                  1    wreg      void 
 Registers used:
		None
 Tracked objects:
		On entry : 
		On exit  : 
		Unchanged: 
 Data sizes:     COMMON   BANK0   BANK1   BANK2   BANK3   BANK4
      Params:         0       0       0       0       0       0
      Locals:         0       0       0       0       0       0
      Temps:          0       0       0       0       0       0
      Totals:         0       0       0       0       0       0
Total ram usage:        0 bytes
 Hardware stack levels used:    1
 This function calls:
		Nothing
 This function is called by:
		_PIN_MANAGER_Initialize
		_IOCBF4_ISR
 This function uses a non-reentrant model


 *************** function _sensor3 *****************
 Defined at:
		line 101 in file "main.c"
 Parameters:    Size  Location     Type
		None
 Auto vars:     Size  Location     Type
		None
 Return value:  Size  Location     Type
                  1    wreg      void 
 Registers used:
		wreg
 Tracked objects:
		On entry : 
		On exit  : 
		Unchanged: 
 Data sizes:     COMMON   BANK0   BANK1   BANK2   BANK3   BANK4
      Params:         0       0       0       0       0       0
      Locals:         0       0       0       0       0       0
      Temps:          1       0       0       0       0       0
      Totals:         1       0       0       0       0       0
Total ram usage:        1 bytes
 Hardware stack levels used:    1
 This function calls:
		Nothing
 This function is called by:
		_main
		_IOCBF4_ISR
 This function uses a non-reentrant model


 *************** function _IOCBF3_ISR *****************
 Defined at:
		line 192 in file "mcc_generated_files/pin_manager.c"
 Parameters:    Size  Location     Type
		None
 Auto vars:     Size  Location     Type
		None
 Return value:  Size  Location     Type
                  1    wreg      void 
 Registers used:
		wreg, status,2, status,0, pclath, cstack
 Tracked objects:
		On entry : 
		On exit  : 
		Unchanged: 
 Data sizes:     COMMON   BANK0   BANK1   BANK2   BANK3   BANK4
      Params:         0       0       0       0       0       0
      Locals:         0       0       0       0       0       0
      Temps:          0       0       0       0       0       0
      Totals:         0       0       0       0       0       0
Total ram usage:        0 bytes
 Hardware stack levels used:    1
 Hardware stack levels required when called:    1
 This function calls:
		Absolute function
		_IOCBF3_DefaultInterruptHandler
		_sensor2
 This function is called by:
		_PIN_MANAGER_IOC
 This function uses a non-reentrant model


 *************** function _IOCBF3_DefaultInterruptHandler *****************
 Defined at:
		line 214 in file "mcc_generated_files/pin_manager.c"
 Parameters:    Size  Location     Type
		None
 Auto vars:     Size  Location     Type
		None
 Return value:  Size  Location     Type
                  1    wreg      void 
 Registers used:
		None
 Tracked objects:
		On entry : 
		On exit  : 
		Unchanged: 
 Data sizes:     COMMON   BANK0   BANK1   BANK2   BANK3   BANK4
      Params:         0       0       0       0       0       0
      Locals:         0       0       0       0       0       0
      Temps:          0       0       0       0       0       0
      Totals:         0       0       0       0       0       0
Total ram usage:        0 bytes
 Hardware stack levels used:    1
 This function calls:
		Nothing
 This function is called by:
		_PIN_MANAGER_Initialize
		_IOCBF3_ISR
 This function uses a non-reentrant model


 *************** function _sensor2 *****************
 Defined at:
		line 95 in file "main.c"
 Parameters:    Size  Location     Type
		None
 Auto vars:     Size  Location     Type
		None
 Return value:  Size  Location     Type
                  1    wreg      void 
 Registers used:
		wreg
 Tracked objects:
		On entry : 
		On exit  : 
		Unchanged: 
 Data sizes:     COMMON   BANK0   BANK1   BANK2   BANK3   BANK4
      Params:         0       0       0       0       0       0
      Locals:         0       0       0       0       0       0
      Temps:          1       0       0       0       0       0
      Totals:         1       0       0       0       0       0
Total ram usage:        1 bytes
 Hardware stack levels used:    1
 This function calls:
		Nothing
 This function is called by:
		_main
		_IOCBF3_ISR
 This function uses a non-reentrant model


 *************** function _IOCBF0_ISR *****************
 Defined at:
		line 162 in file "mcc_generated_files/pin_manager.c"
 Parameters:    Size  Location     Type
		None
 Auto vars:     Size  Location     Type
		None
 Return value:  Size  Location     Type
                  1    wreg      void 
 Registers used:
		wreg, status,2, status,0, pclath, cstack
 Tracked objects:
		On entry : 
		On exit  : 
		Unchanged: 
 Data sizes:     COMMON   BANK0   BANK1   BANK2   BANK3   BANK4
      Params:         0       0       0       0       0       0
      Locals:         0       0       0       0       0       0
      Temps:          0       0       0       0       0       0
      Totals:         0       0       0       0       0       0
Total ram usage:        0 bytes
 Hardware stack levels used:    1
 Hardware stack levels required when called:    1
 This function calls:
		Absolute function
		_IOCBF0_DefaultInterruptHandler
		_sensor1
 This function is called by:
		_PIN_MANAGER_IOC
 This function uses a non-reentrant model


 *************** function _IOCBF0_DefaultInterruptHandler *****************
 Defined at:
		line 184 in file "mcc_generated_files/pin_manager.c"
 Parameters:    Size  Location     Type
		None
 Auto vars:     Size  Location     Type
		None
 Return value:  Size  Location     Type
                  1    wreg      void 
 Registers used:
		None
 Tracked objects:
		On entry : 
		On exit  : 
		Unchanged: 
 Data sizes:     COMMON   BANK0   BANK1   BANK2   BANK3   BANK4
      Params:         0       0       0       0       0       0
      Locals:         0       0       0       0       0       0
      Temps:          0       0       0       0       0       0
      Totals:         0       0       0       0       0       0
Total ram usage:        0 bytes
 Hardware stack levels used:    1
 This function calls:
		Nothing
 This function is called by:
		_PIN_MANAGER_Initialize
		_IOCBF0_ISR
 This function uses a non-reentrant model


 *************** function _sensor1 *****************
 Defined at:
		line 89 in file "main.c"
 Parameters:    Size  Location     Type
		None
 Auto vars:     Size  Location     Type
		None
 Return value:  Size  Location     Type
                  1    wreg      void 
 Registers used:
		status,2
 Tracked objects:
		On entry : 
		On exit  : 
		Unchanged: 
 Data sizes:     COMMON   BANK0   BANK1   BANK2   BANK3   BANK4
      Params:         0       0       0       0       0       0
      Locals:         0       0       0       0       0       0
      Temps:          0       0       0       0       0       0
      Totals:         0       0       0       0       0       0
Total ram usage:        0 bytes
 Hardware stack levels used:    1
 This function calls:
		Nothing
 This function is called by:
		_main
		_IOCBF0_ISR
 This function uses a non-reentrant model


 *************** function _CCP4_CaptureISR *****************
 Defined at:
		line 89 in file "mcc_generated_files/ccp4.c"
 Parameters:    Size  Location     Type
		None
 Auto vars:     Size  Location     Type
  module          2    5[COMMON] struct CCPR4Reg_tag
 Return value:  Size  Location     Type
                  1    wreg      void 
 Registers used:
		wreg, status,2, status,0, pclath, cstack
 Tracked objects:
		On entry : 
		On exit  : 
		Unchanged: 
 Data sizes:     COMMON   BANK0   BANK1   BANK2   BANK3   BANK4
      Params:         0       0       0       0       0       0
      Locals:         2       0       0       0       0       0
      Temps:          1       0       0       0       0       0
      Totals:         3       0       0       0       0       0
Total ram usage:        3 bytes
 Hardware stack levels used:    1
 Hardware stack levels required when called:    2
 This function calls:
		Absolute function
		_CCP4_DefaultCallBack
		_get_pulse
 This function is called by:
		_INTERRUPT_InterruptManager
 This function uses a non-reentrant model


 *************** function _CCP4_DefaultCallBack *****************
 Defined at:
		line 60 in file "mcc_generated_files/ccp4.c"
 Parameters:    Size  Location     Type
  capturedValu    2    2[COMMON] unsigned short 
 Auto vars:     Size  Location     Type
		None
 Return value:  Size  Location     Type
                  1    wreg      void 
 Registers used:
		None
 Tracked objects:
		On entry : 
		On exit  : 
		Unchanged: 
 Data sizes:     COMMON   BANK0   BANK1   BANK2   BANK3   BANK4
      Params:         2       0       0       0       0       0
      Locals:         0       0       0       0       0       0
      Temps:          0       0       0       0       0       0
      Totals:         2       0       0       0       0       0
Total ram usage:        2 bytes
 Hardware stack levels used:    1
 This function calls:
		Nothing
 This function is called by:
		_CCP4_Initialize
		_CCP4_CaptureISR
 This function uses a non-reentrant model


 *************** function _get_pulse *****************
 Defined at:
		line 113 in file "main.c"
 Parameters:    Size  Location     Type
  capturedValu    2    2[COMMON] unsigned short 
 Auto vars:     Size  Location     Type
		None
 Return value:  Size  Location     Type
                  1    wreg      void 
 Registers used:
		wreg, status,2, status,0, pclath, cstack
 Tracked objects:
		On entry : 
		On exit  : 
		Unchanged: 
 Data sizes:     COMMON   BANK0   BANK1   BANK2   BANK3   BANK4
      Params:         2       0       0       0       0       0
      Locals:         0       0       0       0       0       0
      Temps:          0       0       0       0       0       0
      Totals:         2       0       0       0       0       0
Total ram usage:        2 bytes
 Hardware stack levels used:    1
 Hardware stack levels required when called:    1
 This function calls:
		_TMR1_WriteTimer
 This function is called by:
		_main
		_CCP4_CaptureISR
 This function uses a non-reentrant model


 *************** function _TMR1_WriteTimer *****************
 Defined at:
		line 113 in file "mcc_generated_files/tmr1.c"
 Parameters:    Size  Location     Type
  timerVal        2    0[COMMON] unsigned short 
 Auto vars:     Size  Location     Type
		None
 Return value:  Size  Location     Type
                  1    wreg      void 
 Registers used:
		wreg, status,2
 Tracked objects:
		On entry : 
		On exit  : 
		Unchanged: 
 Data sizes:     COMMON   BANK0   BANK1   BANK2   BANK3   BANK4
      Params:         2       0       0       0       0       0
      Locals:         0       0       0       0       0       0
      Temps:          0       0       0       0       0       0
      Totals:         2       0       0       0       0       0
Total ram usage:        2 bytes
 Hardware stack levels used:    1
 This function calls:
		Nothing
 This function is called by:
		_get_pulse
		_TMR1_Reload
 This function uses a non-reentrant model



MODULE INFORMATION

Module		Function		Class		Link	Load	Size
mcc_generated_files/fvr.c
		_FVR_Initialize		CODE           	0816	0000	5

mcc_generated_files/fvr.c estimated size: 5

mcc_generated_files/tmr4.c
		_TMR4_ISR      		CODE           	0917	0000	16
		_TMR4_Initialize		CODE           	0968	0000	21
		_TMR4_SetInterruptHandler		CODE           	0898	0000	10
		_TMR4_DefaultInterruptHandler		CODE           	07FE	0000	2

mcc_generated_files/tmr4.c estimated size: 49

C:\Program Files (x86)\Microchip\xc8\v2.10\pic\sources\c99\common\xxtofl.c
		___xxtofl      		CODE           	0CFB	0000	174

C:\Program Files (x86)\Microchip\xc8\v2.10\pic\sources\c99\common\xxtofl.c estimated size: 174

mcc_generated_files/tmr2.c
		_TMR2_Initialize		CODE           	083F	0000	9

mcc_generated_files/tmr2.c estimated size: 9

mcc_generated_files/interrupt_manager.c
		_INTERRUPT_InterruptManager		CODE           	0004	0000	49

mcc_generated_files/interrupt_manager.c estimated size: 49

C:\Program Files (x86)\Microchip\xc8\v2.10\pic\sources\c99\common\fltol.c
		___fltol       		CODE           	0B74	0000	118

C:\Program Files (x86)\Microchip\xc8\v2.10\pic\sources\c99\common\fltol.c estimated size: 118

mcc_generated_files/pin_manager.c
		_IOCBF3_DefaultInterruptHandler		CODE           	0002	0000	2
		_IOCBF0_ISR    		CODE           	08CC	0000	16
		_PIN_MANAGER_Initialize		CODE           	0B30	0000	69
		_IOCBF3_ISR    		CODE           	08DB	0000	16
		_IOCBF5_SetInterruptHandler		CODE           	0886	0000	10
		_IOCBF4_DefaultInterruptHandler		CODE           	0003	0000	2
		_IOCBF0_SetInterruptHandler		CODE           	086B	0000	10
		_IOCBF4_ISR    		CODE           	08EA	0000	16
		_IOCBF3_SetInterruptHandler		CODE           	0874	0000	10
		_PIN_MANAGER_IOC		CODE           	09EA	0000	34
		_IOCBF5_DefaultInterruptHandler		CODE           	07FF	0000	2
		_IOCBF5_ISR    		CODE           	08F9	0000	16
		_IOCBF4_SetInterruptHandler		CODE           	087D	0000	10
		_IOCBF0_DefaultInterruptHandler		CODE           	0815	0000	2

mcc_generated_files/pin_manager.c estimated size: 215

C:\Program Files (x86)\Microchip\xc8\v2.10\pic\sources\c99\common\sprcmul.c
		___flmul       		CODE           	0053	0000	600

C:\Program Files (x86)\Microchip\xc8\v2.10\pic\sources\c99\common\sprcmul.c estimated size: 600

C:\Program Files (x86)\Microchip\xc8\v2.10\pic\sources\c99\common\sprcdiv.c
		___fldiv       		CODE           	048E	0000	437

C:\Program Files (x86)\Microchip\xc8\v2.10\pic\sources\c99\common\sprcdiv.c estimated size: 437

mcc_generated_files/ccp4.c
		_CCP4_SetCallBack		CODE           	0847	0000	10
		_CCP4_CaptureISR		CODE           	097C	0000	23
		_CCP4_DefaultCallBack		CODE           	0814	0000	2
		_CCP4_Initialize		CODE           	0956	0000	19

mcc_generated_files/ccp4.c estimated size: 54

mcc_generated_files/adc.c
		_ADC_Initialize		CODE           	0837	0000	9
		_ADC_GetConversion		CODE           	0A0B	0000	34

mcc_generated_files/adc.c estimated size: 43

shared
		__initialization		CODE           	0036	0000	26

shared estimated size: 26

mcc_generated_files/mcc.c
		_WDT_Initialize		CODE           	081A	0000	5
		_OSCILLATOR_Initialize		CODE           	0830	0000	8
		_SYSTEM_Initialize		CODE           	0A2C	0000	35

mcc_generated_files/mcc.c estimated size: 48

mcc_generated_files/pwm3.c
		_PWM3_Initialize		CODE           	088F	0000	10
		_PWM3_LoadDutyValue		CODE           	0992	0000	29

mcc_generated_files/pwm3.c estimated size: 39

mcc_generated_files/tmr1.c
		_TMR1_Initialize		CODE           	0935	0000	17
		_TMR1_WriteTimer		CODE           	0945	0000	18

mcc_generated_files/tmr1.c estimated size: 35

C:\Program Files (x86)\Microchip\xc8\v2.10\pic\sources\c99\common\abs.c
		_abs           		CODE           	09AE	0000	29

C:\Program Files (x86)\Microchip\xc8\v2.10\pic\sources\c99\common\abs.c estimated size: 29

C:\Program Files (x86)\Microchip\xc8\v2.10\pic\sources\c99\common\Umul16.c
		___wmul        		CODE           	09CA	0000	33

C:\Program Files (x86)\Microchip\xc8\v2.10\pic\sources\c99\common\Umul16.c estimated size: 33

C:\Program Files (x86)\Microchip\xc8\v2.10\pic\sources\c99\common\Umul8_16.c
		__Umul8_16     		CODE           	0A72	0000	37

C:\Program Files (x86)\Microchip\xc8\v2.10\pic\sources\c99\common\Umul8_16.c estimated size: 37

mcc_generated_files/eusart.c
		_EUSART_Read   		CODE           	0926	0000	16
		_EUSART_Write  		CODE           	08A1	0000	11
		_EUSART_Initialize		CODE           	0A4E	0000	37
		_EUSART_SetFramingErrorHandler		CODE           	0859	0000	10
		_EUSART_SetErrorHandler		CODE           	0850	0000	10
		_EUSART_SetOverrunErrorHandler		CODE           	0862	0000	10
		_EUSART_is_rx_ready		CODE           	081E	0000	6
		_EUSART_is_tx_ready		CODE           	0908	0000	16

mcc_generated_files/eusart.c estimated size: 116

main.c
		_min_up        		CODE           	0E59	0000	211
		_update        		CODE           	02AA	0000	485
		_sensor1       		CODE           	0829	0000	8
		_sensor4       		CODE           	08C1	0000	12
		_send_data     		CODE           	0ABB	0000	53
		_gerenciamento 		CODE           	0C65	0000	151
		_main          		CODE           	0AEF	0000	66
		_controle      		CODE           	0642	0000	321
		_get_pulse     		CODE           	0A96	0000	38
		_comunicacao   		CODE           	0F2B	0000	214
		_sensor3       		CODE           	08B6	0000	12
		_col_down      		CODE           	0BE9	0000	125
		_sensor2       		CODE           	08AB	0000	12
		_max_down      		CODE           	0DA8	0000	178
		_col_up        		CODE           	0782	0000	125

main.c estimated size: 2011

